-- The C compiler identification is GNU 13.3.0
-- The CXX compiler identification is GNU 13.3.0
-- Detecting C compiler ABI info
-- Detecting C compiler ABI info - done
-- Check for working C compiler: /usr/bin/cc - skipped
-- Detecting C compile features
-- Detecting C compile features - done
-- Detecting CXX compiler ABI info
-- Detecting CXX compiler ABI info - done
-- Check for working CXX compiler: /usr/bin/c++ - skipped
-- Detecting CXX compile features
-- Detecting CXX compile features - done
-- Found ament_cmake: 2.5.4 (/opt/ros/jazzy/share/ament_cmake/cmake)
-- Found Python3: /usr/bin/python3 (found version "3.12.3") found components: Interpreter 
-- Override CMake install command with custom implementation using symlinks instead of copying resources
-- Found controller_interface: 4.39.2 (/opt/ros/jazzy/share/controller_interface/cmake)
-- Found rosidl_generator_c: 4.6.6 (/opt/ros/jazzy/share/rosidl_generator_c/cmake)
-- Found rosidl_generator_cpp: 4.6.6 (/opt/ros/jazzy/share/rosidl_generator_cpp/cmake)
-- Using all available rosidl_typesupport_c: rosidl_typesupport_fastrtps_c;rosidl_typesupport_introspection_c
-- Using all available rosidl_typesupport_cpp: rosidl_typesupport_fastrtps_cpp;rosidl_typesupport_introspection_cpp
-- Found TinyXML2 via Config file: /usr/lib/aarch64-linux-gnu/cmake/tinyxml2
-- Found rmw_implementation_cmake: 7.3.2 (/opt/ros/jazzy/share/rmw_implementation_cmake/cmake)
-- Found rmw_fastrtps_cpp: 8.4.3 (/opt/ros/jazzy/share/rmw_fastrtps_cpp/cmake)
-- Found TinyXML2 via Config file: /usr/lib/aarch64-linux-gnu/cmake/tinyxml2
-- Found OpenSSL: /usr/lib/aarch64-linux-gnu/libcrypto.so (found version "3.0.13")  
-- Found TinyXML2 via Config file: /usr/lib/aarch64-linux-gnu/cmake/tinyxml2
-- Found FastRTPS: /opt/ros/jazzy/include (Required is at least version "2.13") 
-- Found TinyXML2 via Config file: /usr/lib/aarch64-linux-gnu/cmake/tinyxml2
-- Found TinyXML2 via Config file: /usr/lib/aarch64-linux-gnu/cmake/tinyxml2
-- Using RMW implementation 'rmw_fastrtps_cpp' as default
-- Found ament_cmake_gtest: 2.5.4 (/opt/ros/jazzy/share/ament_cmake_gtest/cmake)
-- Found ament_lint_auto: 0.17.3 (/opt/ros/jazzy/share/ament_lint_auto/cmake)
-- Configuring done (4.5s)
-- Generating done (0.1s)
-- Build files have been written to: /home/mpr/info_indus/ros2_ws/build/scara_joint_velocity_controller
[ 50%] [32mBuilding CXX object CMakeFiles/scara_joint_velocity_controller.dir/src/scara_joint_velocity_controller.cpp.o[0m
[100%] [32m[1mLinking CXX shared library libscara_joint_velocity_controller.so[0m
[100%] Built target scara_joint_velocity_controller
-- Install configuration: "Release"
-- Execute custom install script
-- Symlinking: /home/mpr/info_indus/ros2_ws/install/scara_joint_velocity_controller/share/scara_joint_velocity_controller//controller_plugin.xml
-- Symlinking: /home/mpr/info_indus/ros2_ws/install/scara_joint_velocity_controller/include/scara_joint_velocity_controller/scara_joint_velocity_controller.hpp
-- Symlinking: /home/mpr/info_indus/ros2_ws/install/scara_joint_velocity_controller/include/scara_joint_velocity_controller/visibility_control.h
-- Symlinking: /home/mpr/info_indus/ros2_ws/install/scara_joint_velocity_controller/lib/libscara_joint_velocity_controller.so
-- Symlinking: /home/mpr/info_indus/ros2_ws/install/scara_joint_velocity_controller/share/scara_joint_velocity_controller/environment/library_path.sh
-- Symlinking: /home/mpr/info_indus/ros2_ws/install/scara_joint_velocity_controller/share/scara_joint_velocity_controller/environment/library_path.dsv
-- Symlinking: /home/mpr/info_indus/ros2_ws/install/scara_joint_velocity_controller/share/ament_index/resource_index/package_run_dependencies/scara_joint_velocity_controller
-- Symlinking: /home/mpr/info_indus/ros2_ws/install/scara_joint_velocity_controller/share/ament_index/resource_index/parent_prefix_path/scara_joint_velocity_controller
-- Symlinking: /home/mpr/info_indus/ros2_ws/install/scara_joint_velocity_controller/share/scara_joint_velocity_controller/environment/ament_prefix_path.sh
-- Symlinking: /home/mpr/info_indus/ros2_ws/install/scara_joint_velocity_controller/share/scara_joint_velocity_controller/environment/ament_prefix_path.dsv
-- Symlinking: /home/mpr/info_indus/ros2_ws/install/scara_joint_velocity_controller/share/scara_joint_velocity_controller/environment/path.sh
-- Symlinking: /home/mpr/info_indus/ros2_ws/install/scara_joint_velocity_controller/share/scara_joint_velocity_controller/environment/path.dsv
-- Symlinking: /home/mpr/info_indus/ros2_ws/install/scara_joint_velocity_controller/share/scara_joint_velocity_controller/local_setup.bash
-- Symlinking: /home/mpr/info_indus/ros2_ws/install/scara_joint_velocity_controller/share/scara_joint_velocity_controller/local_setup.sh
-- Symlinking: /home/mpr/info_indus/ros2_ws/install/scara_joint_velocity_controller/share/scara_joint_velocity_controller/local_setup.zsh
-- Symlinking: /home/mpr/info_indus/ros2_ws/install/scara_joint_velocity_controller/share/scara_joint_velocity_controller/local_setup.dsv
-- Symlinking: /home/mpr/info_indus/ros2_ws/install/scara_joint_velocity_controller/share/scara_joint_velocity_controller/package.dsv
-- Symlinking: /home/mpr/info_indus/ros2_ws/install/scara_joint_velocity_controller/share/ament_index/resource_index/packages/scara_joint_velocity_controller
-- Symlinking: /home/mpr/info_indus/ros2_ws/install/scara_joint_velocity_controller/share/ament_index/resource_index/controller_interface__pluginlib__plugin/scara_joint_velocity_controller
-- Symlinking: /home/mpr/info_indus/ros2_ws/install/scara_joint_velocity_controller/share/scara_joint_velocity_controller/cmake/ament_cmake_export_dependencies-extras.cmake
-- Symlinking: /home/mpr/info_indus/ros2_ws/install/scara_joint_velocity_controller/share/scara_joint_velocity_controller/cmake/ament_cmake_export_include_directories-extras.cmake
-- Symlinking: /home/mpr/info_indus/ros2_ws/install/scara_joint_velocity_controller/share/scara_joint_velocity_controller/cmake/ament_cmake_export_libraries-extras.cmake
-- Symlinking: /home/mpr/info_indus/ros2_ws/install/scara_joint_velocity_controller/share/scara_joint_velocity_controller/cmake/scara_joint_velocity_controllerConfig.cmake
-- Symlinking: /home/mpr/info_indus/ros2_ws/install/scara_joint_velocity_controller/share/scara_joint_velocity_controller/cmake/scara_joint_velocity_controllerConfig-version.cmake
-- Symlinking: /home/mpr/info_indus/ros2_ws/install/scara_joint_velocity_controller/share/scara_joint_velocity_controller/package.xml
