[0.359s] DEBUG:colcon:Command line arguments: ['/usr/bin/colcon', 'build', '--cmake-args', '-DCMAKE_BUILD_TYPE=Release', '--symlink-install']
[0.359s] DEBUG:colcon:Parsed command line arguments: Namespace(log_base=None, log_level=None, verb_name='build', build_base='build', install_base='install', merge_install=False, symlink_install=True, test_result_base=None, continue_on_error=False, executor='parallel', parallel_workers=4, event_handlers=None, ignore_user_meta=False, metas=['./colcon.meta'], base_paths=['.'], packages_ignore=None, packages_ignore_regex=None, paths=None, packages_up_to=None, packages_up_to_regex=None, packages_above=None, packages_above_and_dependencies=None, packages_above_depth=None, packages_select_by_dep=None, packages_skip_by_dep=None, packages_skip_up_to=None, packages_select_build_failed=False, packages_skip_build_finished=False, packages_select_test_failures=False, packages_skip_test_passed=False, packages_select=None, packages_skip=None, packages_select_regex=None, packages_skip_regex=None, packages_start=None, packages_end=None, allow_overriding=[], cmake_args=['-DCMAKE_BUILD_TYPE=Release'], cmake_target=None, cmake_target_skip_unavailable=False, cmake_clean_cache=False, cmake_clean_first=False, cmake_force_configure=False, ament_cmake_args=None, catkin_cmake_args=None, catkin_skip_building_tests=False, mixin_files=None, mixin=None, verb_parser=<colcon_mixin.mixin.mixin_argument.MixinArgumentDecorator object at 0xffff8cbb45c0>, verb_extension=<colcon_core.verb.build.BuildVerb object at 0xffff8cd38d10>, main=<bound method BuildVerb.main of <colcon_core.verb.build.BuildVerb object at 0xffff8cd38d10>>, mixin_verb=('build',))
[0.425s] Level 1:colcon.colcon_core.package_discovery:discover_packages(colcon_meta) check parameters
[0.425s] Level 1:colcon.colcon_core.package_discovery:discover_packages(recursive) check parameters
[0.425s] Level 1:colcon.colcon_core.package_discovery:discover_packages(ignore) check parameters
[0.425s] Level 1:colcon.colcon_core.package_discovery:discover_packages(path) check parameters
[0.425s] Level 1:colcon.colcon_core.package_discovery:discover_packages(colcon_meta) discover
[0.425s] Level 1:colcon.colcon_core.package_discovery:discover_packages(recursive) discover
[0.425s] INFO:colcon.colcon_core.package_discovery:Crawling recursively for packages in '/home/mpr/info_indus/ros2_ws'
[0.426s] Level 1:colcon.colcon_core.package_identification:_identify(.) by extensions ['ignore', 'ignore_ament_install']
[0.426s] Level 1:colcon.colcon_core.package_identification:_identify(.) by extension 'ignore'
[0.426s] Level 1:colcon.colcon_core.package_identification:_identify(.) by extension 'ignore_ament_install'
[0.426s] Level 1:colcon.colcon_core.package_identification:_identify(.) by extensions ['colcon_pkg']
[0.426s] Level 1:colcon.colcon_core.package_identification:_identify(.) by extension 'colcon_pkg'
[0.426s] Level 1:colcon.colcon_core.package_identification:_identify(.) by extensions ['colcon_meta']
[0.426s] Level 1:colcon.colcon_core.package_identification:_identify(.) by extension 'colcon_meta'
[0.426s] Level 1:colcon.colcon_core.package_identification:_identify(.) by extensions ['ros']
[0.426s] Level 1:colcon.colcon_core.package_identification:_identify(.) by extension 'ros'
[0.462s] Level 1:colcon.colcon_core.package_identification:_identify(.) by extensions ['cmake', 'python']
[0.463s] Level 1:colcon.colcon_core.package_identification:_identify(.) by extension 'cmake'
[0.463s] Level 1:colcon.colcon_core.package_identification:_identify(.) by extension 'python'
[0.463s] Level 1:colcon.colcon_core.package_identification:_identify(.) by extensions ['python_setup_py']
[0.463s] Level 1:colcon.colcon_core.package_identification:_identify(.) by extension 'python_setup_py'
[0.463s] Level 1:colcon.colcon_core.package_identification:_identify(build) by extensions ['ignore', 'ignore_ament_install']
[0.463s] Level 1:colcon.colcon_core.package_identification:_identify(build) by extension 'ignore'
[0.463s] Level 1:colcon.colcon_core.package_identification:_identify(build) ignored
[0.463s] Level 1:colcon.colcon_core.package_identification:_identify(install) by extensions ['ignore', 'ignore_ament_install']
[0.463s] Level 1:colcon.colcon_core.package_identification:_identify(install) by extension 'ignore'
[0.464s] Level 1:colcon.colcon_core.package_identification:_identify(install) ignored
[0.464s] Level 1:colcon.colcon_core.package_identification:_identify(log) by extensions ['ignore', 'ignore_ament_install']
[0.464s] Level 1:colcon.colcon_core.package_identification:_identify(log) by extension 'ignore'
[0.464s] Level 1:colcon.colcon_core.package_identification:_identify(log) ignored
[0.464s] Level 1:colcon.colcon_core.package_identification:_identify(src) by extensions ['ignore', 'ignore_ament_install']
[0.464s] Level 1:colcon.colcon_core.package_identification:_identify(src) by extension 'ignore'
[0.464s] Level 1:colcon.colcon_core.package_identification:_identify(src) by extension 'ignore_ament_install'
[0.464s] Level 1:colcon.colcon_core.package_identification:_identify(src) by extensions ['colcon_pkg']
[0.464s] Level 1:colcon.colcon_core.package_identification:_identify(src) by extension 'colcon_pkg'
[0.464s] Level 1:colcon.colcon_core.package_identification:_identify(src) by extensions ['colcon_meta']
[0.464s] Level 1:colcon.colcon_core.package_identification:_identify(src) by extension 'colcon_meta'
[0.464s] Level 1:colcon.colcon_core.package_identification:_identify(src) by extensions ['ros']
[0.464s] Level 1:colcon.colcon_core.package_identification:_identify(src) by extension 'ros'
[0.464s] Level 1:colcon.colcon_core.package_identification:_identify(src) by extensions ['cmake', 'python']
[0.464s] Level 1:colcon.colcon_core.package_identification:_identify(src) by extension 'cmake'
[0.464s] Level 1:colcon.colcon_core.package_identification:_identify(src) by extension 'python'
[0.464s] Level 1:colcon.colcon_core.package_identification:_identify(src) by extensions ['python_setup_py']
[0.465s] Level 1:colcon.colcon_core.package_identification:_identify(src) by extension 'python_setup_py'
[0.465s] Level 1:colcon.colcon_core.package_identification:_identify(src/ecat_ros2_workshop) by extensions ['ignore', 'ignore_ament_install']
[0.465s] Level 1:colcon.colcon_core.package_identification:_identify(src/ecat_ros2_workshop) by extension 'ignore'
[0.465s] Level 1:colcon.colcon_core.package_identification:_identify(src/ecat_ros2_workshop) by extension 'ignore_ament_install'
[0.465s] Level 1:colcon.colcon_core.package_identification:_identify(src/ecat_ros2_workshop) by extensions ['colcon_pkg']
[0.465s] Level 1:colcon.colcon_core.package_identification:_identify(src/ecat_ros2_workshop) by extension 'colcon_pkg'
[0.465s] Level 1:colcon.colcon_core.package_identification:_identify(src/ecat_ros2_workshop) by extensions ['colcon_meta']
[0.465s] Level 1:colcon.colcon_core.package_identification:_identify(src/ecat_ros2_workshop) by extension 'colcon_meta'
[0.465s] Level 1:colcon.colcon_core.package_identification:_identify(src/ecat_ros2_workshop) by extensions ['ros']
[0.465s] Level 1:colcon.colcon_core.package_identification:_identify(src/ecat_ros2_workshop) by extension 'ros'
[0.465s] Level 1:colcon.colcon_core.package_identification:_identify(src/ecat_ros2_workshop) by extensions ['cmake', 'python']
[0.465s] Level 1:colcon.colcon_core.package_identification:_identify(src/ecat_ros2_workshop) by extension 'cmake'
[0.465s] Level 1:colcon.colcon_core.package_identification:_identify(src/ecat_ros2_workshop) by extension 'python'
[0.465s] Level 1:colcon.colcon_core.package_identification:_identify(src/ecat_ros2_workshop) by extensions ['python_setup_py']
[0.465s] Level 1:colcon.colcon_core.package_identification:_identify(src/ecat_ros2_workshop) by extension 'python_setup_py'
[0.465s] Level 1:colcon.colcon_core.package_identification:_identify(src/ecat_ros2_workshop/docs) by extensions ['ignore', 'ignore_ament_install']
[0.465s] Level 1:colcon.colcon_core.package_identification:_identify(src/ecat_ros2_workshop/docs) by extension 'ignore'
[0.466s] Level 1:colcon.colcon_core.package_identification:_identify(src/ecat_ros2_workshop/docs) by extension 'ignore_ament_install'
[0.466s] Level 1:colcon.colcon_core.package_identification:_identify(src/ecat_ros2_workshop/docs) by extensions ['colcon_pkg']
[0.466s] Level 1:colcon.colcon_core.package_identification:_identify(src/ecat_ros2_workshop/docs) by extension 'colcon_pkg'
[0.466s] Level 1:colcon.colcon_core.package_identification:_identify(src/ecat_ros2_workshop/docs) by extensions ['colcon_meta']
[0.466s] Level 1:colcon.colcon_core.package_identification:_identify(src/ecat_ros2_workshop/docs) by extension 'colcon_meta'
[0.466s] Level 1:colcon.colcon_core.package_identification:_identify(src/ecat_ros2_workshop/docs) by extensions ['ros']
[0.466s] Level 1:colcon.colcon_core.package_identification:_identify(src/ecat_ros2_workshop/docs) by extension 'ros'
[0.466s] Level 1:colcon.colcon_core.package_identification:_identify(src/ecat_ros2_workshop/docs) by extensions ['cmake', 'python']
[0.466s] Level 1:colcon.colcon_core.package_identification:_identify(src/ecat_ros2_workshop/docs) by extension 'cmake'
[0.466s] Level 1:colcon.colcon_core.package_identification:_identify(src/ecat_ros2_workshop/docs) by extension 'python'
[0.466s] Level 1:colcon.colcon_core.package_identification:_identify(src/ecat_ros2_workshop/docs) by extensions ['python_setup_py']
[0.466s] Level 1:colcon.colcon_core.package_identification:_identify(src/ecat_ros2_workshop/docs) by extension 'python_setup_py'
[0.466s] Level 1:colcon.colcon_core.package_identification:_identify(src/ecat_ros2_workshop/docs/about) by extensions ['ignore', 'ignore_ament_install']
[0.466s] Level 1:colcon.colcon_core.package_identification:_identify(src/ecat_ros2_workshop/docs/about) by extension 'ignore'
[0.466s] Level 1:colcon.colcon_core.package_identification:_identify(src/ecat_ros2_workshop/docs/about) by extension 'ignore_ament_install'
[0.466s] Level 1:colcon.colcon_core.package_identification:_identify(src/ecat_ros2_workshop/docs/about) by extensions ['colcon_pkg']
[0.466s] Level 1:colcon.colcon_core.package_identification:_identify(src/ecat_ros2_workshop/docs/about) by extension 'colcon_pkg'
[0.466s] Level 1:colcon.colcon_core.package_identification:_identify(src/ecat_ros2_workshop/docs/about) by extensions ['colcon_meta']
[0.466s] Level 1:colcon.colcon_core.package_identification:_identify(src/ecat_ros2_workshop/docs/about) by extension 'colcon_meta'
[0.467s] Level 1:colcon.colcon_core.package_identification:_identify(src/ecat_ros2_workshop/docs/about) by extensions ['ros']
[0.467s] Level 1:colcon.colcon_core.package_identification:_identify(src/ecat_ros2_workshop/docs/about) by extension 'ros'
[0.467s] Level 1:colcon.colcon_core.package_identification:_identify(src/ecat_ros2_workshop/docs/about) by extensions ['cmake', 'python']
[0.467s] Level 1:colcon.colcon_core.package_identification:_identify(src/ecat_ros2_workshop/docs/about) by extension 'cmake'
[0.467s] Level 1:colcon.colcon_core.package_identification:_identify(src/ecat_ros2_workshop/docs/about) by extension 'python'
[0.467s] Level 1:colcon.colcon_core.package_identification:_identify(src/ecat_ros2_workshop/docs/about) by extensions ['python_setup_py']
[0.467s] Level 1:colcon.colcon_core.package_identification:_identify(src/ecat_ros2_workshop/docs/about) by extension 'python_setup_py'
[0.467s] Level 1:colcon.colcon_core.package_identification:_identify(src/ecat_ros2_workshop/docs/getting-started) by extensions ['ignore', 'ignore_ament_install']
[0.467s] Level 1:colcon.colcon_core.package_identification:_identify(src/ecat_ros2_workshop/docs/getting-started) by extension 'ignore'
[0.467s] Level 1:colcon.colcon_core.package_identification:_identify(src/ecat_ros2_workshop/docs/getting-started) by extension 'ignore_ament_install'
[0.467s] Level 1:colcon.colcon_core.package_identification:_identify(src/ecat_ros2_workshop/docs/getting-started) by extensions ['colcon_pkg']
[0.467s] Level 1:colcon.colcon_core.package_identification:_identify(src/ecat_ros2_workshop/docs/getting-started) by extension 'colcon_pkg'
[0.467s] Level 1:colcon.colcon_core.package_identification:_identify(src/ecat_ros2_workshop/docs/getting-started) by extensions ['colcon_meta']
[0.467s] Level 1:colcon.colcon_core.package_identification:_identify(src/ecat_ros2_workshop/docs/getting-started) by extension 'colcon_meta'
[0.467s] Level 1:colcon.colcon_core.package_identification:_identify(src/ecat_ros2_workshop/docs/getting-started) by extensions ['ros']
[0.467s] Level 1:colcon.colcon_core.package_identification:_identify(src/ecat_ros2_workshop/docs/getting-started) by extension 'ros'
[0.467s] Level 1:colcon.colcon_core.package_identification:_identify(src/ecat_ros2_workshop/docs/getting-started) by extensions ['cmake', 'python']
[0.467s] Level 1:colcon.colcon_core.package_identification:_identify(src/ecat_ros2_workshop/docs/getting-started) by extension 'cmake'
[0.467s] Level 1:colcon.colcon_core.package_identification:_identify(src/ecat_ros2_workshop/docs/getting-started) by extension 'python'
[0.468s] Level 1:colcon.colcon_core.package_identification:_identify(src/ecat_ros2_workshop/docs/getting-started) by extensions ['python_setup_py']
[0.468s] Level 1:colcon.colcon_core.package_identification:_identify(src/ecat_ros2_workshop/docs/getting-started) by extension 'python_setup_py'
[0.468s] Level 1:colcon.colcon_core.package_identification:_identify(src/ecat_ros2_workshop/docs/images) by extensions ['ignore', 'ignore_ament_install']
[0.468s] Level 1:colcon.colcon_core.package_identification:_identify(src/ecat_ros2_workshop/docs/images) by extension 'ignore'
[0.468s] Level 1:colcon.colcon_core.package_identification:_identify(src/ecat_ros2_workshop/docs/images) by extension 'ignore_ament_install'
[0.468s] Level 1:colcon.colcon_core.package_identification:_identify(src/ecat_ros2_workshop/docs/images) by extensions ['colcon_pkg']
[0.468s] Level 1:colcon.colcon_core.package_identification:_identify(src/ecat_ros2_workshop/docs/images) by extension 'colcon_pkg'
[0.468s] Level 1:colcon.colcon_core.package_identification:_identify(src/ecat_ros2_workshop/docs/images) by extensions ['colcon_meta']
[0.468s] Level 1:colcon.colcon_core.package_identification:_identify(src/ecat_ros2_workshop/docs/images) by extension 'colcon_meta'
[0.468s] Level 1:colcon.colcon_core.package_identification:_identify(src/ecat_ros2_workshop/docs/images) by extensions ['ros']
[0.468s] Level 1:colcon.colcon_core.package_identification:_identify(src/ecat_ros2_workshop/docs/images) by extension 'ros'
[0.468s] Level 1:colcon.colcon_core.package_identification:_identify(src/ecat_ros2_workshop/docs/images) by extensions ['cmake', 'python']
[0.468s] Level 1:colcon.colcon_core.package_identification:_identify(src/ecat_ros2_workshop/docs/images) by extension 'cmake'
[0.468s] Level 1:colcon.colcon_core.package_identification:_identify(src/ecat_ros2_workshop/docs/images) by extension 'python'
[0.468s] Level 1:colcon.colcon_core.package_identification:_identify(src/ecat_ros2_workshop/docs/images) by extensions ['python_setup_py']
[0.469s] Level 1:colcon.colcon_core.package_identification:_identify(src/ecat_ros2_workshop/docs/images) by extension 'python_setup_py'
[0.469s] Level 1:colcon.colcon_core.package_identification:_identify(src/ecat_ros2_workshop/docs/tutorials) by extensions ['ignore', 'ignore_ament_install']
[0.469s] Level 1:colcon.colcon_core.package_identification:_identify(src/ecat_ros2_workshop/docs/tutorials) by extension 'ignore'
[0.469s] Level 1:colcon.colcon_core.package_identification:_identify(src/ecat_ros2_workshop/docs/tutorials) by extension 'ignore_ament_install'
[0.469s] Level 1:colcon.colcon_core.package_identification:_identify(src/ecat_ros2_workshop/docs/tutorials) by extensions ['colcon_pkg']
[0.469s] Level 1:colcon.colcon_core.package_identification:_identify(src/ecat_ros2_workshop/docs/tutorials) by extension 'colcon_pkg'
[0.469s] Level 1:colcon.colcon_core.package_identification:_identify(src/ecat_ros2_workshop/docs/tutorials) by extensions ['colcon_meta']
[0.469s] Level 1:colcon.colcon_core.package_identification:_identify(src/ecat_ros2_workshop/docs/tutorials) by extension 'colcon_meta'
[0.469s] Level 1:colcon.colcon_core.package_identification:_identify(src/ecat_ros2_workshop/docs/tutorials) by extensions ['ros']
[0.469s] Level 1:colcon.colcon_core.package_identification:_identify(src/ecat_ros2_workshop/docs/tutorials) by extension 'ros'
[0.469s] Level 1:colcon.colcon_core.package_identification:_identify(src/ecat_ros2_workshop/docs/tutorials) by extensions ['cmake', 'python']
[0.469s] Level 1:colcon.colcon_core.package_identification:_identify(src/ecat_ros2_workshop/docs/tutorials) by extension 'cmake'
[0.469s] Level 1:colcon.colcon_core.package_identification:_identify(src/ecat_ros2_workshop/docs/tutorials) by extension 'python'
[0.469s] Level 1:colcon.colcon_core.package_identification:_identify(src/ecat_ros2_workshop/docs/tutorials) by extensions ['python_setup_py']
[0.469s] Level 1:colcon.colcon_core.package_identification:_identify(src/ecat_ros2_workshop/docs/tutorials) by extension 'python_setup_py'
[0.469s] Level 1:colcon.colcon_core.package_identification:_identify(src/ecat_ros2_workshop/resources) by extensions ['ignore', 'ignore_ament_install']
[0.469s] Level 1:colcon.colcon_core.package_identification:_identify(src/ecat_ros2_workshop/resources) by extension 'ignore'
[0.470s] Level 1:colcon.colcon_core.package_identification:_identify(src/ecat_ros2_workshop/resources) by extension 'ignore_ament_install'
[0.470s] Level 1:colcon.colcon_core.package_identification:_identify(src/ecat_ros2_workshop/resources) by extensions ['colcon_pkg']
[0.470s] Level 1:colcon.colcon_core.package_identification:_identify(src/ecat_ros2_workshop/resources) by extension 'colcon_pkg'
[0.470s] Level 1:colcon.colcon_core.package_identification:_identify(src/ecat_ros2_workshop/resources) by extensions ['colcon_meta']
[0.470s] Level 1:colcon.colcon_core.package_identification:_identify(src/ecat_ros2_workshop/resources) by extension 'colcon_meta'
[0.470s] Level 1:colcon.colcon_core.package_identification:_identify(src/ecat_ros2_workshop/resources) by extensions ['ros']
[0.470s] Level 1:colcon.colcon_core.package_identification:_identify(src/ecat_ros2_workshop/resources) by extension 'ros'
[0.470s] Level 1:colcon.colcon_core.package_identification:_identify(src/ecat_ros2_workshop/resources) by extensions ['cmake', 'python']
[0.470s] Level 1:colcon.colcon_core.package_identification:_identify(src/ecat_ros2_workshop/resources) by extension 'cmake'
[0.470s] Level 1:colcon.colcon_core.package_identification:_identify(src/ecat_ros2_workshop/resources) by extension 'python'
[0.470s] Level 1:colcon.colcon_core.package_identification:_identify(src/ecat_ros2_workshop/resources) by extensions ['python_setup_py']
[0.470s] Level 1:colcon.colcon_core.package_identification:_identify(src/ecat_ros2_workshop/resources) by extension 'python_setup_py'
[0.470s] Level 1:colcon.colcon_core.package_identification:_identify(src/ecat_ros2_workshop/scara_bringup) by extensions ['ignore', 'ignore_ament_install']
[0.470s] Level 1:colcon.colcon_core.package_identification:_identify(src/ecat_ros2_workshop/scara_bringup) by extension 'ignore'
[0.470s] Level 1:colcon.colcon_core.package_identification:_identify(src/ecat_ros2_workshop/scara_bringup) by extension 'ignore_ament_install'
[0.470s] Level 1:colcon.colcon_core.package_identification:_identify(src/ecat_ros2_workshop/scara_bringup) by extensions ['colcon_pkg']
[0.470s] Level 1:colcon.colcon_core.package_identification:_identify(src/ecat_ros2_workshop/scara_bringup) by extension 'colcon_pkg'
[0.470s] Level 1:colcon.colcon_core.package_identification:_identify(src/ecat_ros2_workshop/scara_bringup) by extensions ['colcon_meta']
[0.470s] Level 1:colcon.colcon_core.package_identification:_identify(src/ecat_ros2_workshop/scara_bringup) by extension 'colcon_meta'
[0.470s] Level 1:colcon.colcon_core.package_identification:_identify(src/ecat_ros2_workshop/scara_bringup) by extensions ['ros']
[0.471s] Level 1:colcon.colcon_core.package_identification:_identify(src/ecat_ros2_workshop/scara_bringup) by extension 'ros'
[0.476s] DEBUG:colcon.colcon_core.package_identification:Package 'src/ecat_ros2_workshop/scara_bringup' with type 'ros.ament_cmake' and name 'scara_bringup'
[0.476s] Level 1:colcon.colcon_core.package_identification:_identify(src/ecat_ros2_workshop/scara_controllers) by extensions ['ignore', 'ignore_ament_install']
[0.476s] Level 1:colcon.colcon_core.package_identification:_identify(src/ecat_ros2_workshop/scara_controllers) by extension 'ignore'
[0.476s] Level 1:colcon.colcon_core.package_identification:_identify(src/ecat_ros2_workshop/scara_controllers) by extension 'ignore_ament_install'
[0.476s] Level 1:colcon.colcon_core.package_identification:_identify(src/ecat_ros2_workshop/scara_controllers) by extensions ['colcon_pkg']
[0.476s] Level 1:colcon.colcon_core.package_identification:_identify(src/ecat_ros2_workshop/scara_controllers) by extension 'colcon_pkg'
[0.476s] Level 1:colcon.colcon_core.package_identification:_identify(src/ecat_ros2_workshop/scara_controllers) by extensions ['colcon_meta']
[0.476s] Level 1:colcon.colcon_core.package_identification:_identify(src/ecat_ros2_workshop/scara_controllers) by extension 'colcon_meta'
[0.476s] Level 1:colcon.colcon_core.package_identification:_identify(src/ecat_ros2_workshop/scara_controllers) by extensions ['ros']
[0.476s] Level 1:colcon.colcon_core.package_identification:_identify(src/ecat_ros2_workshop/scara_controllers) by extension 'ros'
[0.476s] Level 1:colcon.colcon_core.package_identification:_identify(src/ecat_ros2_workshop/scara_controllers) by extensions ['cmake', 'python']
[0.477s] Level 1:colcon.colcon_core.package_identification:_identify(src/ecat_ros2_workshop/scara_controllers) by extension 'cmake'
[0.477s] Level 1:colcon.colcon_core.package_identification:_identify(src/ecat_ros2_workshop/scara_controllers) by extension 'python'
[0.477s] Level 1:colcon.colcon_core.package_identification:_identify(src/ecat_ros2_workshop/scara_controllers) by extensions ['python_setup_py']
[0.477s] Level 1:colcon.colcon_core.package_identification:_identify(src/ecat_ros2_workshop/scara_controllers) by extension 'python_setup_py'
[0.477s] Level 1:colcon.colcon_core.package_identification:_identify(src/ecat_ros2_workshop/scara_controllers/scara_joint_velocity_controller) by extensions ['ignore', 'ignore_ament_install']
[0.477s] Level 1:colcon.colcon_core.package_identification:_identify(src/ecat_ros2_workshop/scara_controllers/scara_joint_velocity_controller) by extension 'ignore'
[0.477s] Level 1:colcon.colcon_core.package_identification:_identify(src/ecat_ros2_workshop/scara_controllers/scara_joint_velocity_controller) by extension 'ignore_ament_install'
[0.477s] Level 1:colcon.colcon_core.package_identification:_identify(src/ecat_ros2_workshop/scara_controllers/scara_joint_velocity_controller) by extensions ['colcon_pkg']
[0.477s] Level 1:colcon.colcon_core.package_identification:_identify(src/ecat_ros2_workshop/scara_controllers/scara_joint_velocity_controller) by extension 'colcon_pkg'
[0.477s] Level 1:colcon.colcon_core.package_identification:_identify(src/ecat_ros2_workshop/scara_controllers/scara_joint_velocity_controller) by extensions ['colcon_meta']
[0.477s] Level 1:colcon.colcon_core.package_identification:_identify(src/ecat_ros2_workshop/scara_controllers/scara_joint_velocity_controller) by extension 'colcon_meta'
[0.477s] Level 1:colcon.colcon_core.package_identification:_identify(src/ecat_ros2_workshop/scara_controllers/scara_joint_velocity_controller) by extensions ['ros']
[0.477s] Level 1:colcon.colcon_core.package_identification:_identify(src/ecat_ros2_workshop/scara_controllers/scara_joint_velocity_controller) by extension 'ros'
[0.478s] DEBUG:colcon.colcon_core.package_identification:Package 'src/ecat_ros2_workshop/scara_controllers/scara_joint_velocity_controller' with type 'ros.ament_cmake' and name 'scara_joint_velocity_controller'
[0.478s] Level 1:colcon.colcon_core.package_identification:_identify(src/ecat_ros2_workshop/scara_description) by extensions ['ignore', 'ignore_ament_install']
[0.478s] Level 1:colcon.colcon_core.package_identification:_identify(src/ecat_ros2_workshop/scara_description) by extension 'ignore'
[0.478s] Level 1:colcon.colcon_core.package_identification:_identify(src/ecat_ros2_workshop/scara_description) by extension 'ignore_ament_install'
[0.479s] Level 1:colcon.colcon_core.package_identification:_identify(src/ecat_ros2_workshop/scara_description) by extensions ['colcon_pkg']
[0.479s] Level 1:colcon.colcon_core.package_identification:_identify(src/ecat_ros2_workshop/scara_description) by extension 'colcon_pkg'
[0.479s] Level 1:colcon.colcon_core.package_identification:_identify(src/ecat_ros2_workshop/scara_description) by extensions ['colcon_meta']
[0.479s] Level 1:colcon.colcon_core.package_identification:_identify(src/ecat_ros2_workshop/scara_description) by extension 'colcon_meta'
[0.479s] Level 1:colcon.colcon_core.package_identification:_identify(src/ecat_ros2_workshop/scara_description) by extensions ['ros']
[0.479s] Level 1:colcon.colcon_core.package_identification:_identify(src/ecat_ros2_workshop/scara_description) by extension 'ros'
[0.479s] DEBUG:colcon.colcon_core.package_identification:Package 'src/ecat_ros2_workshop/scara_description' with type 'ros.ament_cmake' and name 'scara_description'
[0.479s] Level 1:colcon.colcon_core.package_identification:_identify(src/ecat_ros2_workshop/scara_hardware) by extensions ['ignore', 'ignore_ament_install']
[0.480s] Level 1:colcon.colcon_core.package_identification:_identify(src/ecat_ros2_workshop/scara_hardware) by extension 'ignore'
[0.480s] Level 1:colcon.colcon_core.package_identification:_identify(src/ecat_ros2_workshop/scara_hardware) by extension 'ignore_ament_install'
[0.480s] Level 1:colcon.colcon_core.package_identification:_identify(src/ecat_ros2_workshop/scara_hardware) by extensions ['colcon_pkg']
[0.480s] Level 1:colcon.colcon_core.package_identification:_identify(src/ecat_ros2_workshop/scara_hardware) by extension 'colcon_pkg'
[0.480s] Level 1:colcon.colcon_core.package_identification:_identify(src/ecat_ros2_workshop/scara_hardware) by extensions ['colcon_meta']
[0.480s] Level 1:colcon.colcon_core.package_identification:_identify(src/ecat_ros2_workshop/scara_hardware) by extension 'colcon_meta'
[0.480s] Level 1:colcon.colcon_core.package_identification:_identify(src/ecat_ros2_workshop/scara_hardware) by extensions ['ros']
[0.480s] Level 1:colcon.colcon_core.package_identification:_identify(src/ecat_ros2_workshop/scara_hardware) by extension 'ros'
[0.481s] DEBUG:colcon.colcon_core.package_identification:Package 'src/ecat_ros2_workshop/scara_hardware' with type 'ros.ament_cmake' and name 'scara_hardware'
[0.481s] Level 1:colcon.colcon_core.package_identification:_identify(src/ecat_ros2_workshop/scara_nodes) by extensions ['ignore', 'ignore_ament_install']
[0.481s] Level 1:colcon.colcon_core.package_identification:_identify(src/ecat_ros2_workshop/scara_nodes) by extension 'ignore'
[0.481s] Level 1:colcon.colcon_core.package_identification:_identify(src/ecat_ros2_workshop/scara_nodes) by extension 'ignore_ament_install'
[0.481s] Level 1:colcon.colcon_core.package_identification:_identify(src/ecat_ros2_workshop/scara_nodes) by extensions ['colcon_pkg']
[0.481s] Level 1:colcon.colcon_core.package_identification:_identify(src/ecat_ros2_workshop/scara_nodes) by extension 'colcon_pkg'
[0.481s] Level 1:colcon.colcon_core.package_identification:_identify(src/ecat_ros2_workshop/scara_nodes) by extensions ['colcon_meta']
[0.481s] Level 1:colcon.colcon_core.package_identification:_identify(src/ecat_ros2_workshop/scara_nodes) by extension 'colcon_meta'
[0.481s] Level 1:colcon.colcon_core.package_identification:_identify(src/ecat_ros2_workshop/scara_nodes) by extensions ['ros']
[0.481s] Level 1:colcon.colcon_core.package_identification:_identify(src/ecat_ros2_workshop/scara_nodes) by extension 'ros'
[0.482s] DEBUG:colcon.colcon_core.package_identification:Package 'src/ecat_ros2_workshop/scara_nodes' with type 'ros.ament_cmake' and name 'scara_nodes'
[0.482s] Level 1:colcon.colcon_core.package_discovery:discover_packages(recursive) using defaults
[0.482s] Level 1:colcon.colcon_core.package_discovery:discover_packages(ignore) discover
[0.482s] Level 1:colcon.colcon_core.package_discovery:discover_packages(ignore) using defaults
[0.482s] Level 1:colcon.colcon_core.package_discovery:discover_packages(path) discover
[0.482s] Level 1:colcon.colcon_core.package_discovery:discover_packages(path) using defaults
[0.522s] Level 1:colcon.colcon_core.package_discovery:discover_packages(prefix_path) check parameters
[0.522s] Level 1:colcon.colcon_core.package_discovery:discover_packages(prefix_path) discover
[0.529s] DEBUG:colcon.colcon_installed_package_information.package_discovery:Found 368 installed packages in /opt/ros/jazzy
[0.530s] Level 1:colcon.colcon_core.package_discovery:discover_packages(prefix_path) using defaults
[0.605s] Level 5:colcon.colcon_core.verb:set package 'scara_bringup' build argument 'cmake_args' from command line to '['-DCMAKE_BUILD_TYPE=Release']'
[0.605s] Level 5:colcon.colcon_core.verb:set package 'scara_bringup' build argument 'cmake_target' from command line to 'None'
[0.605s] Level 5:colcon.colcon_core.verb:set package 'scara_bringup' build argument 'cmake_target_skip_unavailable' from command line to 'False'
[0.605s] Level 5:colcon.colcon_core.verb:set package 'scara_bringup' build argument 'cmake_clean_cache' from command line to 'False'
[0.605s] Level 5:colcon.colcon_core.verb:set package 'scara_bringup' build argument 'cmake_clean_first' from command line to 'False'
[0.605s] Level 5:colcon.colcon_core.verb:set package 'scara_bringup' build argument 'cmake_force_configure' from command line to 'False'
[0.605s] Level 5:colcon.colcon_core.verb:set package 'scara_bringup' build argument 'ament_cmake_args' from command line to 'None'
[0.605s] Level 5:colcon.colcon_core.verb:set package 'scara_bringup' build argument 'catkin_cmake_args' from command line to 'None'
[0.605s] Level 5:colcon.colcon_core.verb:set package 'scara_bringup' build argument 'catkin_skip_building_tests' from command line to 'False'
[0.606s] DEBUG:colcon.colcon_core.verb:Building package 'scara_bringup' with the following arguments: {'ament_cmake_args': None, 'build_base': '/home/mpr/info_indus/ros2_ws/build/scara_bringup', 'catkin_cmake_args': None, 'catkin_skip_building_tests': False, 'cmake_args': ['-DCMAKE_BUILD_TYPE=Release'], 'cmake_clean_cache': False, 'cmake_clean_first': False, 'cmake_force_configure': False, 'cmake_target': None, 'cmake_target_skip_unavailable': False, 'install_base': '/home/mpr/info_indus/ros2_ws/install/scara_bringup', 'merge_install': False, 'path': '/home/mpr/info_indus/ros2_ws/src/ecat_ros2_workshop/scara_bringup', 'symlink_install': True, 'test_result_base': None}
[0.606s] Level 5:colcon.colcon_core.verb:set package 'scara_description' build argument 'cmake_args' from command line to '['-DCMAKE_BUILD_TYPE=Release']'
[0.606s] Level 5:colcon.colcon_core.verb:set package 'scara_description' build argument 'cmake_target' from command line to 'None'
[0.606s] Level 5:colcon.colcon_core.verb:set package 'scara_description' build argument 'cmake_target_skip_unavailable' from command line to 'False'
[0.606s] Level 5:colcon.colcon_core.verb:set package 'scara_description' build argument 'cmake_clean_cache' from command line to 'False'
[0.606s] Level 5:colcon.colcon_core.verb:set package 'scara_description' build argument 'cmake_clean_first' from command line to 'False'
[0.606s] Level 5:colcon.colcon_core.verb:set package 'scara_description' build argument 'cmake_force_configure' from command line to 'False'
[0.606s] Level 5:colcon.colcon_core.verb:set package 'scara_description' build argument 'ament_cmake_args' from command line to 'None'
[0.606s] Level 5:colcon.colcon_core.verb:set package 'scara_description' build argument 'catkin_cmake_args' from command line to 'None'
[0.606s] Level 5:colcon.colcon_core.verb:set package 'scara_description' build argument 'catkin_skip_building_tests' from command line to 'False'
[0.606s] DEBUG:colcon.colcon_core.verb:Building package 'scara_description' with the following arguments: {'ament_cmake_args': None, 'build_base': '/home/mpr/info_indus/ros2_ws/build/scara_description', 'catkin_cmake_args': None, 'catkin_skip_building_tests': False, 'cmake_args': ['-DCMAKE_BUILD_TYPE=Release'], 'cmake_clean_cache': False, 'cmake_clean_first': False, 'cmake_force_configure': False, 'cmake_target': None, 'cmake_target_skip_unavailable': False, 'install_base': '/home/mpr/info_indus/ros2_ws/install/scara_description', 'merge_install': False, 'path': '/home/mpr/info_indus/ros2_ws/src/ecat_ros2_workshop/scara_description', 'symlink_install': True, 'test_result_base': None}
[0.606s] Level 5:colcon.colcon_core.verb:set package 'scara_joint_velocity_controller' build argument 'cmake_args' from command line to '['-DCMAKE_BUILD_TYPE=Release']'
[0.606s] Level 5:colcon.colcon_core.verb:set package 'scara_joint_velocity_controller' build argument 'cmake_target' from command line to 'None'
[0.607s] Level 5:colcon.colcon_core.verb:set package 'scara_joint_velocity_controller' build argument 'cmake_target_skip_unavailable' from command line to 'False'
[0.607s] Level 5:colcon.colcon_core.verb:set package 'scara_joint_velocity_controller' build argument 'cmake_clean_cache' from command line to 'False'
[0.607s] Level 5:colcon.colcon_core.verb:set package 'scara_joint_velocity_controller' build argument 'cmake_clean_first' from command line to 'False'
[0.607s] Level 5:colcon.colcon_core.verb:set package 'scara_joint_velocity_controller' build argument 'cmake_force_configure' from command line to 'False'
[0.607s] Level 5:colcon.colcon_core.verb:set package 'scara_joint_velocity_controller' build argument 'ament_cmake_args' from command line to 'None'
[0.607s] Level 5:colcon.colcon_core.verb:set package 'scara_joint_velocity_controller' build argument 'catkin_cmake_args' from command line to 'None'
[0.607s] Level 5:colcon.colcon_core.verb:set package 'scara_joint_velocity_controller' build argument 'catkin_skip_building_tests' from command line to 'False'
[0.607s] DEBUG:colcon.colcon_core.verb:Building package 'scara_joint_velocity_controller' with the following arguments: {'ament_cmake_args': None, 'build_base': '/home/mpr/info_indus/ros2_ws/build/scara_joint_velocity_controller', 'catkin_cmake_args': None, 'catkin_skip_building_tests': False, 'cmake_args': ['-DCMAKE_BUILD_TYPE=Release'], 'cmake_clean_cache': False, 'cmake_clean_first': False, 'cmake_force_configure': False, 'cmake_target': None, 'cmake_target_skip_unavailable': False, 'install_base': '/home/mpr/info_indus/ros2_ws/install/scara_joint_velocity_controller', 'merge_install': False, 'path': '/home/mpr/info_indus/ros2_ws/src/ecat_ros2_workshop/scara_controllers/scara_joint_velocity_controller', 'symlink_install': True, 'test_result_base': None}
[0.607s] Level 5:colcon.colcon_core.verb:set package 'scara_nodes' build argument 'cmake_args' from command line to '['-DCMAKE_BUILD_TYPE=Release']'
[0.607s] Level 5:colcon.colcon_core.verb:set package 'scara_nodes' build argument 'cmake_target' from command line to 'None'
[0.607s] Level 5:colcon.colcon_core.verb:set package 'scara_nodes' build argument 'cmake_target_skip_unavailable' from command line to 'False'
[0.607s] Level 5:colcon.colcon_core.verb:set package 'scara_nodes' build argument 'cmake_clean_cache' from command line to 'False'
[0.607s] Level 5:colcon.colcon_core.verb:set package 'scara_nodes' build argument 'cmake_clean_first' from command line to 'False'
[0.607s] Level 5:colcon.colcon_core.verb:set package 'scara_nodes' build argument 'cmake_force_configure' from command line to 'False'
[0.607s] Level 5:colcon.colcon_core.verb:set package 'scara_nodes' build argument 'ament_cmake_args' from command line to 'None'
[0.607s] Level 5:colcon.colcon_core.verb:set package 'scara_nodes' build argument 'catkin_cmake_args' from command line to 'None'
[0.607s] Level 5:colcon.colcon_core.verb:set package 'scara_nodes' build argument 'catkin_skip_building_tests' from command line to 'False'
[0.607s] DEBUG:colcon.colcon_core.verb:Building package 'scara_nodes' with the following arguments: {'ament_cmake_args': None, 'build_base': '/home/mpr/info_indus/ros2_ws/build/scara_nodes', 'catkin_cmake_args': None, 'catkin_skip_building_tests': False, 'cmake_args': ['-DCMAKE_BUILD_TYPE=Release'], 'cmake_clean_cache': False, 'cmake_clean_first': False, 'cmake_force_configure': False, 'cmake_target': None, 'cmake_target_skip_unavailable': False, 'install_base': '/home/mpr/info_indus/ros2_ws/install/scara_nodes', 'merge_install': False, 'path': '/home/mpr/info_indus/ros2_ws/src/ecat_ros2_workshop/scara_nodes', 'symlink_install': True, 'test_result_base': None}
[0.608s] Level 5:colcon.colcon_core.verb:set package 'scara_hardware' build argument 'cmake_args' from command line to '['-DCMAKE_BUILD_TYPE=Release']'
[0.608s] Level 5:colcon.colcon_core.verb:set package 'scara_hardware' build argument 'cmake_target' from command line to 'None'
[0.608s] Level 5:colcon.colcon_core.verb:set package 'scara_hardware' build argument 'cmake_target_skip_unavailable' from command line to 'False'
[0.608s] Level 5:colcon.colcon_core.verb:set package 'scara_hardware' build argument 'cmake_clean_cache' from command line to 'False'
[0.608s] Level 5:colcon.colcon_core.verb:set package 'scara_hardware' build argument 'cmake_clean_first' from command line to 'False'
[0.608s] Level 5:colcon.colcon_core.verb:set package 'scara_hardware' build argument 'cmake_force_configure' from command line to 'False'
[0.608s] Level 5:colcon.colcon_core.verb:set package 'scara_hardware' build argument 'ament_cmake_args' from command line to 'None'
[0.608s] Level 5:colcon.colcon_core.verb:set package 'scara_hardware' build argument 'catkin_cmake_args' from command line to 'None'
[0.608s] Level 5:colcon.colcon_core.verb:set package 'scara_hardware' build argument 'catkin_skip_building_tests' from command line to 'False'
[0.608s] DEBUG:colcon.colcon_core.verb:Building package 'scara_hardware' with the following arguments: {'ament_cmake_args': None, 'build_base': '/home/mpr/info_indus/ros2_ws/build/scara_hardware', 'catkin_cmake_args': None, 'catkin_skip_building_tests': False, 'cmake_args': ['-DCMAKE_BUILD_TYPE=Release'], 'cmake_clean_cache': False, 'cmake_clean_first': False, 'cmake_force_configure': False, 'cmake_target': None, 'cmake_target_skip_unavailable': False, 'install_base': '/home/mpr/info_indus/ros2_ws/install/scara_hardware', 'merge_install': False, 'path': '/home/mpr/info_indus/ros2_ws/src/ecat_ros2_workshop/scara_hardware', 'symlink_install': True, 'test_result_base': None}
[0.608s] INFO:colcon.colcon_core.executor:Executing jobs using 'parallel' executor
[0.609s] DEBUG:colcon.colcon_parallel_executor.executor.parallel:run_until_complete
[0.610s] INFO:colcon.colcon_ros.task.ament_cmake.build:Building ROS package in '/home/mpr/info_indus/ros2_ws/src/ecat_ros2_workshop/scara_description' with build type 'ament_cmake'
[0.611s] INFO:colcon.colcon_cmake.task.cmake.build:Building CMake package in '/home/mpr/info_indus/ros2_ws/src/ecat_ros2_workshop/scara_description'
[0.618s] INFO:colcon.colcon_core.plugin_system:Skipping extension 'colcon_core.shell.bat': Not used on non-Windows systems
[0.619s] INFO:colcon.colcon_core.shell:Skip shell extension 'powershell' for command environment: Not usable outside of PowerShell
[0.619s] DEBUG:colcon.colcon_core.shell:Skip shell extension 'dsv' for command environment
[0.626s] INFO:colcon.colcon_ros.task.ament_cmake.build:Building ROS package in '/home/mpr/info_indus/ros2_ws/src/ecat_ros2_workshop/scara_bringup' with build type 'ament_cmake'
[0.626s] INFO:colcon.colcon_cmake.task.cmake.build:Building CMake package in '/home/mpr/info_indus/ros2_ws/src/ecat_ros2_workshop/scara_bringup'
[0.626s] INFO:colcon.colcon_core.shell:Skip shell extension 'powershell' for command environment: Not usable outside of PowerShell
[0.626s] DEBUG:colcon.colcon_core.shell:Skip shell extension 'dsv' for command environment
[0.631s] INFO:colcon.colcon_ros.task.ament_cmake.build:Building ROS package in '/home/mpr/info_indus/ros2_ws/src/ecat_ros2_workshop/scara_controllers/scara_joint_velocity_controller' with build type 'ament_cmake'
[0.631s] INFO:colcon.colcon_cmake.task.cmake.build:Building CMake package in '/home/mpr/info_indus/ros2_ws/src/ecat_ros2_workshop/scara_controllers/scara_joint_velocity_controller'
[0.632s] INFO:colcon.colcon_core.shell:Skip shell extension 'powershell' for command environment: Not usable outside of PowerShell
[0.632s] DEBUG:colcon.colcon_core.shell:Skip shell extension 'dsv' for command environment
[0.637s] INFO:colcon.colcon_ros.task.ament_cmake.build:Building ROS package in '/home/mpr/info_indus/ros2_ws/src/ecat_ros2_workshop/scara_nodes' with build type 'ament_cmake'
[0.637s] INFO:colcon.colcon_cmake.task.cmake.build:Building CMake package in '/home/mpr/info_indus/ros2_ws/src/ecat_ros2_workshop/scara_nodes'
[0.638s] INFO:colcon.colcon_core.shell:Skip shell extension 'powershell' for command environment: Not usable outside of PowerShell
[0.638s] DEBUG:colcon.colcon_core.shell:Skip shell extension 'dsv' for command environment
[0.650s] DEBUG:colcon.colcon_core.event_handler.log_command:Invoking command in '/home/mpr/info_indus/ros2_ws/build/scara_description': CMAKE_PREFIX_PATH=${CMAKE_PREFIX_PATH}:/opt/ros/jazzy DEBUGINFOD_URLS=https://debuginfod.ubuntu.com /usr/bin/cmake /home/mpr/info_indus/ros2_ws/src/ecat_ros2_workshop/scara_description -DCMAKE_BUILD_TYPE=Release -DAMENT_CMAKE_SYMLINK_INSTALL=1 -DCMAKE_INSTALL_PREFIX=/home/mpr/info_indus/ros2_ws/install/scara_description
[0.659s] DEBUG:colcon.colcon_core.event_handler.log_command:Invoking command in '/home/mpr/info_indus/ros2_ws/build/scara_bringup': CMAKE_PREFIX_PATH=${CMAKE_PREFIX_PATH}:/opt/ros/jazzy DEBUGINFOD_URLS=https://debuginfod.ubuntu.com /usr/bin/cmake /home/mpr/info_indus/ros2_ws/src/ecat_ros2_workshop/scara_bringup -DCMAKE_BUILD_TYPE=Release -DAMENT_CMAKE_SYMLINK_INSTALL=1 -DCMAKE_INSTALL_PREFIX=/home/mpr/info_indus/ros2_ws/install/scara_bringup
[0.664s] DEBUG:colcon.colcon_core.event_handler.log_command:Invoking command in '/home/mpr/info_indus/ros2_ws/build/scara_joint_velocity_controller': CMAKE_PREFIX_PATH=${CMAKE_PREFIX_PATH}:/opt/ros/jazzy DEBUGINFOD_URLS=https://debuginfod.ubuntu.com /usr/bin/cmake /home/mpr/info_indus/ros2_ws/src/ecat_ros2_workshop/scara_controllers/scara_joint_velocity_controller -DCMAKE_BUILD_TYPE=Release -DAMENT_CMAKE_SYMLINK_INSTALL=1 -DCMAKE_INSTALL_PREFIX=/home/mpr/info_indus/ros2_ws/install/scara_joint_velocity_controller
[0.674s] DEBUG:colcon.colcon_core.event_handler.log_command:Invoking command in '/home/mpr/info_indus/ros2_ws/build/scara_nodes': CMAKE_PREFIX_PATH=${CMAKE_PREFIX_PATH}:/opt/ros/jazzy DEBUGINFOD_URLS=https://debuginfod.ubuntu.com /usr/bin/cmake /home/mpr/info_indus/ros2_ws/src/ecat_ros2_workshop/scara_nodes -DCMAKE_BUILD_TYPE=Release -DAMENT_CMAKE_SYMLINK_INSTALL=1 -DCMAKE_INSTALL_PREFIX=/home/mpr/info_indus/ros2_ws/install/scara_nodes
[3.262s] DEBUG:colcon.colcon_core.event_handler.log_command:Invoked command in '/home/mpr/info_indus/ros2_ws/build/scara_description' returned '0': CMAKE_PREFIX_PATH=${CMAKE_PREFIX_PATH}:/opt/ros/jazzy DEBUGINFOD_URLS=https://debuginfod.ubuntu.com /usr/bin/cmake /home/mpr/info_indus/ros2_ws/src/ecat_ros2_workshop/scara_description -DCMAKE_BUILD_TYPE=Release -DAMENT_CMAKE_SYMLINK_INSTALL=1 -DCMAKE_INSTALL_PREFIX=/home/mpr/info_indus/ros2_ws/install/scara_description
[3.264s] DEBUG:colcon.colcon_core.event_handler.log_command:Invoking command in '/home/mpr/info_indus/ros2_ws/build/scara_description': CMAKE_PREFIX_PATH=${CMAKE_PREFIX_PATH}:/opt/ros/jazzy DEBUGINFOD_URLS=https://debuginfod.ubuntu.com /usr/bin/cmake --build /home/mpr/info_indus/ros2_ws/build/scara_description -- -j4 -l4
[3.355s] DEBUG:colcon.colcon_core.event_handler.log_command:Invoked command in '/home/mpr/info_indus/ros2_ws/build/scara_description' returned '0': CMAKE_PREFIX_PATH=${CMAKE_PREFIX_PATH}:/opt/ros/jazzy DEBUGINFOD_URLS=https://debuginfod.ubuntu.com /usr/bin/cmake --build /home/mpr/info_indus/ros2_ws/build/scara_description -- -j4 -l4
[3.380s] DEBUG:colcon.colcon_core.event_handler.log_command:Invoking command in '/home/mpr/info_indus/ros2_ws/build/scara_description': CMAKE_PREFIX_PATH=${CMAKE_PREFIX_PATH}:/opt/ros/jazzy DEBUGINFOD_URLS=https://debuginfod.ubuntu.com /usr/bin/cmake --install /home/mpr/info_indus/ros2_ws/build/scara_description
[3.714s] DEBUG:colcon.colcon_core.event_handler.log_command:Invoked command in '/home/mpr/info_indus/ros2_ws/build/scara_nodes' returned '0': CMAKE_PREFIX_PATH=${CMAKE_PREFIX_PATH}:/opt/ros/jazzy DEBUGINFOD_URLS=https://debuginfod.ubuntu.com /usr/bin/cmake /home/mpr/info_indus/ros2_ws/src/ecat_ros2_workshop/scara_nodes -DCMAKE_BUILD_TYPE=Release -DAMENT_CMAKE_SYMLINK_INSTALL=1 -DCMAKE_INSTALL_PREFIX=/home/mpr/info_indus/ros2_ws/install/scara_nodes
[3.718s] DEBUG:colcon.colcon_core.event_handler.log_command:Invoking command in '/home/mpr/info_indus/ros2_ws/build/scara_nodes': CMAKE_PREFIX_PATH=${CMAKE_PREFIX_PATH}:/opt/ros/jazzy DEBUGINFOD_URLS=https://debuginfod.ubuntu.com /usr/bin/cmake --build /home/mpr/info_indus/ros2_ws/build/scara_nodes -- -j4 -l4
[3.817s] DEBUG:colcon.colcon_core.event_handler.log_command:Invoked command in '/home/mpr/info_indus/ros2_ws/build/scara_nodes' returned '0': CMAKE_PREFIX_PATH=${CMAKE_PREFIX_PATH}:/opt/ros/jazzy DEBUGINFOD_URLS=https://debuginfod.ubuntu.com /usr/bin/cmake --build /home/mpr/info_indus/ros2_ws/build/scara_nodes -- -j4 -l4
[3.818s] DEBUG:colcon.colcon_core.event_handler.log_command:Invoking command in '/home/mpr/info_indus/ros2_ws/build/scara_nodes': CMAKE_PREFIX_PATH=${CMAKE_PREFIX_PATH}:/opt/ros/jazzy DEBUGINFOD_URLS=https://debuginfod.ubuntu.com /usr/bin/cmake --install /home/mpr/info_indus/ros2_ws/build/scara_nodes
[4.400s] Level 1:colcon.colcon_core.environment:create_environment_scripts_only(scara_nodes)
[4.401s] DEBUG:colcon.colcon_core.event_handler.log_command:Invoked command in '/home/mpr/info_indus/ros2_ws/build/scara_nodes' returned '0': CMAKE_PREFIX_PATH=${CMAKE_PREFIX_PATH}:/opt/ros/jazzy DEBUGINFOD_URLS=https://debuginfod.ubuntu.com /usr/bin/cmake --install /home/mpr/info_indus/ros2_ws/build/scara_nodes
[4.422s] Level 1:colcon.colcon_core.environment:checking '/home/mpr/info_indus/ros2_ws/install/scara_nodes' for CMake module files
[4.423s] Level 1:colcon.colcon_core.environment:checking '/home/mpr/info_indus/ros2_ws/install/scara_nodes' for CMake config files
[4.423s] Level 1:colcon.colcon_core.shell:create_environment_hook('scara_nodes', 'cmake_prefix_path')
[4.424s] INFO:colcon.colcon_core.shell:Creating environment hook '/home/mpr/info_indus/ros2_ws/install/scara_nodes/share/scara_nodes/hook/cmake_prefix_path.ps1'
[4.426s] INFO:colcon.colcon_core.shell:Creating environment descriptor '/home/mpr/info_indus/ros2_ws/install/scara_nodes/share/scara_nodes/hook/cmake_prefix_path.dsv'
[4.427s] INFO:colcon.colcon_core.shell:Creating environment hook '/home/mpr/info_indus/ros2_ws/install/scara_nodes/share/scara_nodes/hook/cmake_prefix_path.sh'
[4.429s] Level 1:colcon.colcon_core.environment:checking '/home/mpr/info_indus/ros2_ws/install/scara_nodes/lib'
[4.429s] Level 1:colcon.colcon_core.environment:checking '/home/mpr/info_indus/ros2_ws/install/scara_nodes/bin'
[4.430s] Level 1:colcon.colcon_core.environment:checking '/home/mpr/info_indus/ros2_ws/install/scara_nodes/lib/pkgconfig/scara_nodes.pc'
[4.431s] Level 1:colcon.colcon_core.environment:checking '/home/mpr/info_indus/ros2_ws/install/scara_nodes/lib/python3.12/site-packages'
[4.432s] Level 1:colcon.colcon_core.environment:checking '/home/mpr/info_indus/ros2_ws/install/scara_nodes/bin'
[4.432s] INFO:colcon.colcon_core.shell:Creating package script '/home/mpr/info_indus/ros2_ws/install/scara_nodes/share/scara_nodes/package.ps1'
[4.434s] INFO:colcon.colcon_core.shell:Creating package descriptor '/home/mpr/info_indus/ros2_ws/install/scara_nodes/share/scara_nodes/package.dsv'
[4.435s] INFO:colcon.colcon_core.shell:Creating package script '/home/mpr/info_indus/ros2_ws/install/scara_nodes/share/scara_nodes/package.sh'
[4.437s] INFO:colcon.colcon_core.shell:Creating package script '/home/mpr/info_indus/ros2_ws/install/scara_nodes/share/scara_nodes/package.bash'
[4.438s] INFO:colcon.colcon_core.shell:Creating package script '/home/mpr/info_indus/ros2_ws/install/scara_nodes/share/scara_nodes/package.zsh'
[4.441s] Level 1:colcon.colcon_core.environment:create_file_with_runtime_dependencies(/home/mpr/info_indus/ros2_ws/install/scara_nodes/share/colcon-core/packages/scara_nodes)
[4.446s] Level 1:colcon.colcon_core.environment:create_environment_scripts_only(scara_nodes)
[4.446s] Level 1:colcon.colcon_core.environment:checking '/home/mpr/info_indus/ros2_ws/install/scara_nodes' for CMake module files
[4.449s] Level 1:colcon.colcon_core.environment:checking '/home/mpr/info_indus/ros2_ws/install/scara_nodes' for CMake config files
[4.449s] Level 1:colcon.colcon_core.shell:create_environment_hook('scara_nodes', 'cmake_prefix_path')
[4.450s] INFO:colcon.colcon_core.shell:Creating environment hook '/home/mpr/info_indus/ros2_ws/install/scara_nodes/share/scara_nodes/hook/cmake_prefix_path.ps1'
[4.453s] INFO:colcon.colcon_core.shell:Creating environment descriptor '/home/mpr/info_indus/ros2_ws/install/scara_nodes/share/scara_nodes/hook/cmake_prefix_path.dsv'
[4.460s] INFO:colcon.colcon_core.shell:Creating environment hook '/home/mpr/info_indus/ros2_ws/install/scara_nodes/share/scara_nodes/hook/cmake_prefix_path.sh'
[4.462s] Level 1:colcon.colcon_core.environment:checking '/home/mpr/info_indus/ros2_ws/install/scara_nodes/lib'
[4.462s] Level 1:colcon.colcon_core.environment:checking '/home/mpr/info_indus/ros2_ws/install/scara_nodes/bin'
[4.462s] Level 1:colcon.colcon_core.environment:checking '/home/mpr/info_indus/ros2_ws/install/scara_nodes/lib/pkgconfig/scara_nodes.pc'
[4.463s] Level 1:colcon.colcon_core.environment:checking '/home/mpr/info_indus/ros2_ws/install/scara_nodes/lib/python3.12/site-packages'
[4.464s] Level 1:colcon.colcon_core.environment:checking '/home/mpr/info_indus/ros2_ws/install/scara_nodes/bin'
[4.465s] INFO:colcon.colcon_core.shell:Creating package script '/home/mpr/info_indus/ros2_ws/install/scara_nodes/share/scara_nodes/package.ps1'
[4.474s] INFO:colcon.colcon_core.shell:Creating package descriptor '/home/mpr/info_indus/ros2_ws/install/scara_nodes/share/scara_nodes/package.dsv'
[4.476s] INFO:colcon.colcon_core.shell:Creating package script '/home/mpr/info_indus/ros2_ws/install/scara_nodes/share/scara_nodes/package.sh'
[4.477s] INFO:colcon.colcon_core.shell:Creating package script '/home/mpr/info_indus/ros2_ws/install/scara_nodes/share/scara_nodes/package.bash'
[4.479s] INFO:colcon.colcon_core.shell:Creating package script '/home/mpr/info_indus/ros2_ws/install/scara_nodes/share/scara_nodes/package.zsh'
[4.480s] Level 1:colcon.colcon_core.environment:create_file_with_runtime_dependencies(/home/mpr/info_indus/ros2_ws/install/scara_nodes/share/colcon-core/packages/scara_nodes)
[4.562s] Level 1:colcon.colcon_core.environment:create_environment_scripts_only(scara_description)
[4.562s] Level 1:colcon.colcon_core.environment:checking '/home/mpr/info_indus/ros2_ws/install/scara_description' for CMake module files
[4.563s] DEBUG:colcon.colcon_core.event_handler.log_command:Invoked command in '/home/mpr/info_indus/ros2_ws/build/scara_description' returned '0': CMAKE_PREFIX_PATH=${CMAKE_PREFIX_PATH}:/opt/ros/jazzy DEBUGINFOD_URLS=https://debuginfod.ubuntu.com /usr/bin/cmake --install /home/mpr/info_indus/ros2_ws/build/scara_description
[4.563s] Level 1:colcon.colcon_core.environment:checking '/home/mpr/info_indus/ros2_ws/install/scara_description' for CMake config files
[4.564s] Level 1:colcon.colcon_core.shell:create_environment_hook('scara_description', 'cmake_prefix_path')
[4.564s] INFO:colcon.colcon_core.shell:Creating environment hook '/home/mpr/info_indus/ros2_ws/install/scara_description/share/scara_description/hook/cmake_prefix_path.ps1'
[4.565s] INFO:colcon.colcon_core.shell:Creating environment descriptor '/home/mpr/info_indus/ros2_ws/install/scara_description/share/scara_description/hook/cmake_prefix_path.dsv'
[4.565s] INFO:colcon.colcon_core.shell:Creating environment hook '/home/mpr/info_indus/ros2_ws/install/scara_description/share/scara_description/hook/cmake_prefix_path.sh'
[4.566s] Level 1:colcon.colcon_core.environment:checking '/home/mpr/info_indus/ros2_ws/install/scara_description/bin'
[4.566s] Level 1:colcon.colcon_core.environment:checking '/home/mpr/info_indus/ros2_ws/install/scara_description/lib/pkgconfig/scara_description.pc'
[4.566s] Level 1:colcon.colcon_core.environment:checking '/home/mpr/info_indus/ros2_ws/install/scara_description/lib/python3.12/site-packages'
[4.567s] Level 1:colcon.colcon_core.environment:checking '/home/mpr/info_indus/ros2_ws/install/scara_description/bin'
[4.567s] INFO:colcon.colcon_core.shell:Creating package script '/home/mpr/info_indus/ros2_ws/install/scara_description/share/scara_description/package.ps1'
[4.568s] INFO:colcon.colcon_core.shell:Creating package descriptor '/home/mpr/info_indus/ros2_ws/install/scara_description/share/scara_description/package.dsv'
[4.569s] INFO:colcon.colcon_core.shell:Creating package script '/home/mpr/info_indus/ros2_ws/install/scara_description/share/scara_description/package.sh'
[4.570s] INFO:colcon.colcon_core.shell:Creating package script '/home/mpr/info_indus/ros2_ws/install/scara_description/share/scara_description/package.bash'
[4.570s] INFO:colcon.colcon_core.shell:Creating package script '/home/mpr/info_indus/ros2_ws/install/scara_description/share/scara_description/package.zsh'
[4.571s] Level 1:colcon.colcon_core.environment:create_file_with_runtime_dependencies(/home/mpr/info_indus/ros2_ws/install/scara_description/share/colcon-core/packages/scara_description)
[4.572s] Level 1:colcon.colcon_core.environment:create_environment_scripts_only(scara_description)
[4.572s] Level 1:colcon.colcon_core.environment:checking '/home/mpr/info_indus/ros2_ws/install/scara_description' for CMake module files
[4.574s] Level 1:colcon.colcon_core.environment:checking '/home/mpr/info_indus/ros2_ws/install/scara_description' for CMake config files
[4.574s] Level 1:colcon.colcon_core.shell:create_environment_hook('scara_description', 'cmake_prefix_path')
[4.575s] INFO:colcon.colcon_core.shell:Creating environment hook '/home/mpr/info_indus/ros2_ws/install/scara_description/share/scara_description/hook/cmake_prefix_path.ps1'
[4.576s] INFO:colcon.colcon_core.shell:Creating environment descriptor '/home/mpr/info_indus/ros2_ws/install/scara_description/share/scara_description/hook/cmake_prefix_path.dsv'
[4.576s] INFO:colcon.colcon_core.shell:Creating environment hook '/home/mpr/info_indus/ros2_ws/install/scara_description/share/scara_description/hook/cmake_prefix_path.sh'
[4.578s] Level 1:colcon.colcon_core.environment:checking '/home/mpr/info_indus/ros2_ws/install/scara_description/bin'
[4.578s] Level 1:colcon.colcon_core.environment:checking '/home/mpr/info_indus/ros2_ws/install/scara_description/lib/pkgconfig/scara_description.pc'
[4.578s] Level 1:colcon.colcon_core.environment:checking '/home/mpr/info_indus/ros2_ws/install/scara_description/lib/python3.12/site-packages'
[4.579s] Level 1:colcon.colcon_core.environment:checking '/home/mpr/info_indus/ros2_ws/install/scara_description/bin'
[4.579s] INFO:colcon.colcon_core.shell:Creating package script '/home/mpr/info_indus/ros2_ws/install/scara_description/share/scara_description/package.ps1'
[4.580s] INFO:colcon.colcon_core.shell:Creating package descriptor '/home/mpr/info_indus/ros2_ws/install/scara_description/share/scara_description/package.dsv'
[4.581s] INFO:colcon.colcon_core.shell:Creating package script '/home/mpr/info_indus/ros2_ws/install/scara_description/share/scara_description/package.sh'
[4.582s] INFO:colcon.colcon_core.shell:Creating package script '/home/mpr/info_indus/ros2_ws/install/scara_description/share/scara_description/package.bash'
[4.583s] INFO:colcon.colcon_core.shell:Creating package script '/home/mpr/info_indus/ros2_ws/install/scara_description/share/scara_description/package.zsh'
[4.584s] Level 1:colcon.colcon_core.environment:create_file_with_runtime_dependencies(/home/mpr/info_indus/ros2_ws/install/scara_description/share/colcon-core/packages/scara_description)
[4.585s] INFO:colcon.colcon_ros.task.ament_cmake.build:Building ROS package in '/home/mpr/info_indus/ros2_ws/src/ecat_ros2_workshop/scara_hardware' with build type 'ament_cmake'
[4.585s] INFO:colcon.colcon_cmake.task.cmake.build:Building CMake package in '/home/mpr/info_indus/ros2_ws/src/ecat_ros2_workshop/scara_hardware'
[4.585s] INFO:colcon.colcon_core.shell:Skip shell extension 'powershell' for command environment: Not usable outside of PowerShell
[4.585s] DEBUG:colcon.colcon_core.shell:Skip shell extension 'dsv' for command environment
[4.600s] DEBUG:colcon.colcon_core.event_handler.log_command:Invoked command in '/home/mpr/info_indus/ros2_ws/build/scara_bringup' returned '0': CMAKE_PREFIX_PATH=${CMAKE_PREFIX_PATH}:/opt/ros/jazzy DEBUGINFOD_URLS=https://debuginfod.ubuntu.com /usr/bin/cmake /home/mpr/info_indus/ros2_ws/src/ecat_ros2_workshop/scara_bringup -DCMAKE_BUILD_TYPE=Release -DAMENT_CMAKE_SYMLINK_INSTALL=1 -DCMAKE_INSTALL_PREFIX=/home/mpr/info_indus/ros2_ws/install/scara_bringup
[4.604s] DEBUG:colcon.colcon_core.event_handler.log_command:Invoking command in '/home/mpr/info_indus/ros2_ws/build/scara_bringup': CMAKE_PREFIX_PATH=${CMAKE_PREFIX_PATH}:/opt/ros/jazzy DEBUGINFOD_URLS=https://debuginfod.ubuntu.com /usr/bin/cmake --build /home/mpr/info_indus/ros2_ws/build/scara_bringup -- -j4 -l4
[4.611s] DEBUG:colcon.colcon_core.event_handler.log_command:Invoking command in '/home/mpr/info_indus/ros2_ws/build/scara_hardware': AMENT_PREFIX_PATH=/home/mpr/info_indus/ros2_ws/install/scara_description:${AMENT_PREFIX_PATH} CMAKE_PREFIX_PATH=/home/mpr/info_indus/ros2_ws/install/scara_description:/opt/ros/jazzy/opt/gz_sim_vendor:/opt/ros/jazzy/opt/gz_sensors_vendor:/opt/ros/jazzy/opt/gz_physics_vendor:/opt/ros/jazzy/opt/sdformat_vendor:/opt/ros/jazzy/opt/gz_gui_vendor:/opt/ros/jazzy/opt/gz_transport_vendor:/opt/ros/jazzy/opt/gz_rendering_vendor:/opt/ros/jazzy/opt/gz_plugin_vendor:/opt/ros/jazzy/opt/gz_fuel_tools_vendor:/opt/ros/jazzy/opt/gz_msgs_vendor:/opt/ros/jazzy/opt/gz_common_vendor:/opt/ros/jazzy/opt/gz_math_vendor:/opt/ros/jazzy/opt/gz_utils_vendor:/opt/ros/jazzy/opt/gz_tools_vendor:/opt/ros/jazzy/opt/gz_ogre_next_vendor:/opt/ros/jazzy/opt/gz_dartsim_vendor:/opt/ros/jazzy/opt/gz_cmake_vendor:/opt/ros/jazzy DEBUGINFOD_URLS=https://debuginfod.ubuntu.com /usr/bin/cmake /home/mpr/info_indus/ros2_ws/src/ecat_ros2_workshop/scara_hardware -DCMAKE_BUILD_TYPE=Release -DAMENT_CMAKE_SYMLINK_INSTALL=1 -DCMAKE_INSTALL_PREFIX=/home/mpr/info_indus/ros2_ws/install/scara_hardware
[4.700s] DEBUG:colcon.colcon_core.event_handler.log_command:Invoked command in '/home/mpr/info_indus/ros2_ws/build/scara_bringup' returned '0': CMAKE_PREFIX_PATH=${CMAKE_PREFIX_PATH}:/opt/ros/jazzy DEBUGINFOD_URLS=https://debuginfod.ubuntu.com /usr/bin/cmake --build /home/mpr/info_indus/ros2_ws/build/scara_bringup -- -j4 -l4
[4.702s] DEBUG:colcon.colcon_core.event_handler.log_command:Invoking command in '/home/mpr/info_indus/ros2_ws/build/scara_bringup': CMAKE_PREFIX_PATH=${CMAKE_PREFIX_PATH}:/opt/ros/jazzy DEBUGINFOD_URLS=https://debuginfod.ubuntu.com /usr/bin/cmake --install /home/mpr/info_indus/ros2_ws/build/scara_bringup
[5.169s] Level 1:colcon.colcon_core.environment:create_environment_scripts_only(scara_bringup)
[5.169s] Level 1:colcon.colcon_core.environment:checking '/home/mpr/info_indus/ros2_ws/install/scara_bringup' for CMake module files
[5.170s] DEBUG:colcon.colcon_core.event_handler.log_command:Invoked command in '/home/mpr/info_indus/ros2_ws/build/scara_bringup' returned '0': CMAKE_PREFIX_PATH=${CMAKE_PREFIX_PATH}:/opt/ros/jazzy DEBUGINFOD_URLS=https://debuginfod.ubuntu.com /usr/bin/cmake --install /home/mpr/info_indus/ros2_ws/build/scara_bringup
[5.171s] Level 1:colcon.colcon_core.environment:checking '/home/mpr/info_indus/ros2_ws/install/scara_bringup' for CMake config files
[5.171s] Level 1:colcon.colcon_core.shell:create_environment_hook('scara_bringup', 'cmake_prefix_path')
[5.172s] INFO:colcon.colcon_core.shell:Creating environment hook '/home/mpr/info_indus/ros2_ws/install/scara_bringup/share/scara_bringup/hook/cmake_prefix_path.ps1'
[5.172s] INFO:colcon.colcon_core.shell:Creating environment descriptor '/home/mpr/info_indus/ros2_ws/install/scara_bringup/share/scara_bringup/hook/cmake_prefix_path.dsv'
[5.173s] INFO:colcon.colcon_core.shell:Creating environment hook '/home/mpr/info_indus/ros2_ws/install/scara_bringup/share/scara_bringup/hook/cmake_prefix_path.sh'
[5.174s] Level 1:colcon.colcon_core.environment:checking '/home/mpr/info_indus/ros2_ws/install/scara_bringup/bin'
[5.174s] Level 1:colcon.colcon_core.environment:checking '/home/mpr/info_indus/ros2_ws/install/scara_bringup/lib/pkgconfig/scara_bringup.pc'
[5.174s] Level 1:colcon.colcon_core.environment:checking '/home/mpr/info_indus/ros2_ws/install/scara_bringup/lib/python3.12/site-packages'
[5.175s] Level 1:colcon.colcon_core.environment:checking '/home/mpr/info_indus/ros2_ws/install/scara_bringup/bin'
[5.175s] INFO:colcon.colcon_core.shell:Creating package script '/home/mpr/info_indus/ros2_ws/install/scara_bringup/share/scara_bringup/package.ps1'
[5.176s] INFO:colcon.colcon_core.shell:Creating package descriptor '/home/mpr/info_indus/ros2_ws/install/scara_bringup/share/scara_bringup/package.dsv'
[5.177s] INFO:colcon.colcon_core.shell:Creating package script '/home/mpr/info_indus/ros2_ws/install/scara_bringup/share/scara_bringup/package.sh'
[5.178s] INFO:colcon.colcon_core.shell:Creating package script '/home/mpr/info_indus/ros2_ws/install/scara_bringup/share/scara_bringup/package.bash'
[5.179s] INFO:colcon.colcon_core.shell:Creating package script '/home/mpr/info_indus/ros2_ws/install/scara_bringup/share/scara_bringup/package.zsh'
[5.179s] Level 1:colcon.colcon_core.environment:create_file_with_runtime_dependencies(/home/mpr/info_indus/ros2_ws/install/scara_bringup/share/colcon-core/packages/scara_bringup)
[5.180s] Level 1:colcon.colcon_core.environment:create_environment_scripts_only(scara_bringup)
[5.181s] Level 1:colcon.colcon_core.environment:checking '/home/mpr/info_indus/ros2_ws/install/scara_bringup' for CMake module files
[5.182s] Level 1:colcon.colcon_core.environment:checking '/home/mpr/info_indus/ros2_ws/install/scara_bringup' for CMake config files
[5.182s] Level 1:colcon.colcon_core.shell:create_environment_hook('scara_bringup', 'cmake_prefix_path')
[5.183s] INFO:colcon.colcon_core.shell:Creating environment hook '/home/mpr/info_indus/ros2_ws/install/scara_bringup/share/scara_bringup/hook/cmake_prefix_path.ps1'
[5.183s] INFO:colcon.colcon_core.shell:Creating environment descriptor '/home/mpr/info_indus/ros2_ws/install/scara_bringup/share/scara_bringup/hook/cmake_prefix_path.dsv'
[5.184s] INFO:colcon.colcon_core.shell:Creating environment hook '/home/mpr/info_indus/ros2_ws/install/scara_bringup/share/scara_bringup/hook/cmake_prefix_path.sh'
[5.186s] Level 1:colcon.colcon_core.environment:checking '/home/mpr/info_indus/ros2_ws/install/scara_bringup/bin'
[5.186s] Level 1:colcon.colcon_core.environment:checking '/home/mpr/info_indus/ros2_ws/install/scara_bringup/lib/pkgconfig/scara_bringup.pc'
[5.186s] Level 1:colcon.colcon_core.environment:checking '/home/mpr/info_indus/ros2_ws/install/scara_bringup/lib/python3.12/site-packages'
[5.187s] Level 1:colcon.colcon_core.environment:checking '/home/mpr/info_indus/ros2_ws/install/scara_bringup/bin'
[5.187s] INFO:colcon.colcon_core.shell:Creating package script '/home/mpr/info_indus/ros2_ws/install/scara_bringup/share/scara_bringup/package.ps1'
[5.189s] INFO:colcon.colcon_core.shell:Creating package descriptor '/home/mpr/info_indus/ros2_ws/install/scara_bringup/share/scara_bringup/package.dsv'
[5.190s] INFO:colcon.colcon_core.shell:Creating package script '/home/mpr/info_indus/ros2_ws/install/scara_bringup/share/scara_bringup/package.sh'
[5.190s] INFO:colcon.colcon_core.shell:Creating package script '/home/mpr/info_indus/ros2_ws/install/scara_bringup/share/scara_bringup/package.bash'
[5.191s] INFO:colcon.colcon_core.shell:Creating package script '/home/mpr/info_indus/ros2_ws/install/scara_bringup/share/scara_bringup/package.zsh'
[5.192s] Level 1:colcon.colcon_core.environment:create_file_with_runtime_dependencies(/home/mpr/info_indus/ros2_ws/install/scara_bringup/share/colcon-core/packages/scara_bringup)
[5.377s] DEBUG:colcon.colcon_core.event_handler.log_command:Invoked command in '/home/mpr/info_indus/ros2_ws/build/scara_joint_velocity_controller' returned '0': CMAKE_PREFIX_PATH=${CMAKE_PREFIX_PATH}:/opt/ros/jazzy DEBUGINFOD_URLS=https://debuginfod.ubuntu.com /usr/bin/cmake /home/mpr/info_indus/ros2_ws/src/ecat_ros2_workshop/scara_controllers/scara_joint_velocity_controller -DCMAKE_BUILD_TYPE=Release -DAMENT_CMAKE_SYMLINK_INSTALL=1 -DCMAKE_INSTALL_PREFIX=/home/mpr/info_indus/ros2_ws/install/scara_joint_velocity_controller
[5.378s] DEBUG:colcon.colcon_core.event_handler.log_command:Invoking command in '/home/mpr/info_indus/ros2_ws/build/scara_joint_velocity_controller': CMAKE_PREFIX_PATH=${CMAKE_PREFIX_PATH}:/opt/ros/jazzy DEBUGINFOD_URLS=https://debuginfod.ubuntu.com /usr/bin/cmake --build /home/mpr/info_indus/ros2_ws/build/scara_joint_velocity_controller -- -j4 -l4
[7.711s] DEBUG:colcon.colcon_core.event_handler.log_command:Invoked command in '/home/mpr/info_indus/ros2_ws/build/scara_hardware' returned '0': AMENT_PREFIX_PATH=/home/mpr/info_indus/ros2_ws/install/scara_description:${AMENT_PREFIX_PATH} CMAKE_PREFIX_PATH=/home/mpr/info_indus/ros2_ws/install/scara_description:/opt/ros/jazzy/opt/gz_sim_vendor:/opt/ros/jazzy/opt/gz_sensors_vendor:/opt/ros/jazzy/opt/gz_physics_vendor:/opt/ros/jazzy/opt/sdformat_vendor:/opt/ros/jazzy/opt/gz_gui_vendor:/opt/ros/jazzy/opt/gz_transport_vendor:/opt/ros/jazzy/opt/gz_rendering_vendor:/opt/ros/jazzy/opt/gz_plugin_vendor:/opt/ros/jazzy/opt/gz_fuel_tools_vendor:/opt/ros/jazzy/opt/gz_msgs_vendor:/opt/ros/jazzy/opt/gz_common_vendor:/opt/ros/jazzy/opt/gz_math_vendor:/opt/ros/jazzy/opt/gz_utils_vendor:/opt/ros/jazzy/opt/gz_tools_vendor:/opt/ros/jazzy/opt/gz_ogre_next_vendor:/opt/ros/jazzy/opt/gz_dartsim_vendor:/opt/ros/jazzy/opt/gz_cmake_vendor:/opt/ros/jazzy DEBUGINFOD_URLS=https://debuginfod.ubuntu.com /usr/bin/cmake /home/mpr/info_indus/ros2_ws/src/ecat_ros2_workshop/scara_hardware -DCMAKE_BUILD_TYPE=Release -DAMENT_CMAKE_SYMLINK_INSTALL=1 -DCMAKE_INSTALL_PREFIX=/home/mpr/info_indus/ros2_ws/install/scara_hardware
[7.712s] DEBUG:colcon.colcon_core.event_handler.log_command:Invoking command in '/home/mpr/info_indus/ros2_ws/build/scara_hardware': AMENT_PREFIX_PATH=/home/mpr/info_indus/ros2_ws/install/scara_description:${AMENT_PREFIX_PATH} CMAKE_PREFIX_PATH=/home/mpr/info_indus/ros2_ws/install/scara_description:/opt/ros/jazzy/opt/gz_sim_vendor:/opt/ros/jazzy/opt/gz_sensors_vendor:/opt/ros/jazzy/opt/gz_physics_vendor:/opt/ros/jazzy/opt/sdformat_vendor:/opt/ros/jazzy/opt/gz_gui_vendor:/opt/ros/jazzy/opt/gz_transport_vendor:/opt/ros/jazzy/opt/gz_rendering_vendor:/opt/ros/jazzy/opt/gz_plugin_vendor:/opt/ros/jazzy/opt/gz_fuel_tools_vendor:/opt/ros/jazzy/opt/gz_msgs_vendor:/opt/ros/jazzy/opt/gz_common_vendor:/opt/ros/jazzy/opt/gz_math_vendor:/opt/ros/jazzy/opt/gz_utils_vendor:/opt/ros/jazzy/opt/gz_tools_vendor:/opt/ros/jazzy/opt/gz_ogre_next_vendor:/opt/ros/jazzy/opt/gz_dartsim_vendor:/opt/ros/jazzy/opt/gz_cmake_vendor:/opt/ros/jazzy DEBUGINFOD_URLS=https://debuginfod.ubuntu.com /usr/bin/cmake --build /home/mpr/info_indus/ros2_ws/build/scara_hardware -- -j4 -l4
[20.102s] DEBUG:colcon.colcon_core.event_handler.log_command:Invoked command in '/home/mpr/info_indus/ros2_ws/build/scara_hardware' returned '0': AMENT_PREFIX_PATH=/home/mpr/info_indus/ros2_ws/install/scara_description:${AMENT_PREFIX_PATH} CMAKE_PREFIX_PATH=/home/mpr/info_indus/ros2_ws/install/scara_description:/opt/ros/jazzy/opt/gz_sim_vendor:/opt/ros/jazzy/opt/gz_sensors_vendor:/opt/ros/jazzy/opt/gz_physics_vendor:/opt/ros/jazzy/opt/sdformat_vendor:/opt/ros/jazzy/opt/gz_gui_vendor:/opt/ros/jazzy/opt/gz_transport_vendor:/opt/ros/jazzy/opt/gz_rendering_vendor:/opt/ros/jazzy/opt/gz_plugin_vendor:/opt/ros/jazzy/opt/gz_fuel_tools_vendor:/opt/ros/jazzy/opt/gz_msgs_vendor:/opt/ros/jazzy/opt/gz_common_vendor:/opt/ros/jazzy/opt/gz_math_vendor:/opt/ros/jazzy/opt/gz_utils_vendor:/opt/ros/jazzy/opt/gz_tools_vendor:/opt/ros/jazzy/opt/gz_ogre_next_vendor:/opt/ros/jazzy/opt/gz_dartsim_vendor:/opt/ros/jazzy/opt/gz_cmake_vendor:/opt/ros/jazzy DEBUGINFOD_URLS=https://debuginfod.ubuntu.com /usr/bin/cmake --build /home/mpr/info_indus/ros2_ws/build/scara_hardware -- -j4 -l4
[20.104s] DEBUG:colcon.colcon_core.event_handler.log_command:Invoking command in '/home/mpr/info_indus/ros2_ws/build/scara_hardware': AMENT_PREFIX_PATH=/home/mpr/info_indus/ros2_ws/install/scara_description:${AMENT_PREFIX_PATH} CMAKE_PREFIX_PATH=/home/mpr/info_indus/ros2_ws/install/scara_description:/opt/ros/jazzy/opt/gz_sim_vendor:/opt/ros/jazzy/opt/gz_sensors_vendor:/opt/ros/jazzy/opt/gz_physics_vendor:/opt/ros/jazzy/opt/sdformat_vendor:/opt/ros/jazzy/opt/gz_gui_vendor:/opt/ros/jazzy/opt/gz_transport_vendor:/opt/ros/jazzy/opt/gz_rendering_vendor:/opt/ros/jazzy/opt/gz_plugin_vendor:/opt/ros/jazzy/opt/gz_fuel_tools_vendor:/opt/ros/jazzy/opt/gz_msgs_vendor:/opt/ros/jazzy/opt/gz_common_vendor:/opt/ros/jazzy/opt/gz_math_vendor:/opt/ros/jazzy/opt/gz_utils_vendor:/opt/ros/jazzy/opt/gz_tools_vendor:/opt/ros/jazzy/opt/gz_ogre_next_vendor:/opt/ros/jazzy/opt/gz_dartsim_vendor:/opt/ros/jazzy/opt/gz_cmake_vendor:/opt/ros/jazzy DEBUGINFOD_URLS=https://debuginfod.ubuntu.com /usr/bin/cmake --install /home/mpr/info_indus/ros2_ws/build/scara_hardware
[20.625s] Level 1:colcon.colcon_core.environment:create_environment_scripts_only(scara_hardware)
[20.626s] Level 1:colcon.colcon_core.environment:checking '/home/mpr/info_indus/ros2_ws/install/scara_hardware' for CMake module files
[20.626s] DEBUG:colcon.colcon_core.event_handler.log_command:Invoked command in '/home/mpr/info_indus/ros2_ws/build/scara_hardware' returned '0': AMENT_PREFIX_PATH=/home/mpr/info_indus/ros2_ws/install/scara_description:${AMENT_PREFIX_PATH} CMAKE_PREFIX_PATH=/home/mpr/info_indus/ros2_ws/install/scara_description:/opt/ros/jazzy/opt/gz_sim_vendor:/opt/ros/jazzy/opt/gz_sensors_vendor:/opt/ros/jazzy/opt/gz_physics_vendor:/opt/ros/jazzy/opt/sdformat_vendor:/opt/ros/jazzy/opt/gz_gui_vendor:/opt/ros/jazzy/opt/gz_transport_vendor:/opt/ros/jazzy/opt/gz_rendering_vendor:/opt/ros/jazzy/opt/gz_plugin_vendor:/opt/ros/jazzy/opt/gz_fuel_tools_vendor:/opt/ros/jazzy/opt/gz_msgs_vendor:/opt/ros/jazzy/opt/gz_common_vendor:/opt/ros/jazzy/opt/gz_math_vendor:/opt/ros/jazzy/opt/gz_utils_vendor:/opt/ros/jazzy/opt/gz_tools_vendor:/opt/ros/jazzy/opt/gz_ogre_next_vendor:/opt/ros/jazzy/opt/gz_dartsim_vendor:/opt/ros/jazzy/opt/gz_cmake_vendor:/opt/ros/jazzy DEBUGINFOD_URLS=https://debuginfod.ubuntu.com /usr/bin/cmake --install /home/mpr/info_indus/ros2_ws/build/scara_hardware
[20.627s] Level 1:colcon.colcon_core.environment:checking '/home/mpr/info_indus/ros2_ws/install/scara_hardware' for CMake config files
[20.627s] Level 1:colcon.colcon_core.shell:create_environment_hook('scara_hardware', 'cmake_prefix_path')
[20.628s] INFO:colcon.colcon_core.shell:Creating environment hook '/home/mpr/info_indus/ros2_ws/install/scara_hardware/share/scara_hardware/hook/cmake_prefix_path.ps1'
[20.628s] INFO:colcon.colcon_core.shell:Creating environment descriptor '/home/mpr/info_indus/ros2_ws/install/scara_hardware/share/scara_hardware/hook/cmake_prefix_path.dsv'
[20.629s] INFO:colcon.colcon_core.shell:Creating environment hook '/home/mpr/info_indus/ros2_ws/install/scara_hardware/share/scara_hardware/hook/cmake_prefix_path.sh'
[20.629s] Level 1:colcon.colcon_core.environment:checking '/home/mpr/info_indus/ros2_ws/install/scara_hardware/lib'
[20.629s] Level 1:colcon.colcon_core.shell:create_environment_hook('scara_hardware', 'ld_library_path_lib')
[20.630s] INFO:colcon.colcon_core.shell:Creating environment hook '/home/mpr/info_indus/ros2_ws/install/scara_hardware/share/scara_hardware/hook/ld_library_path_lib.ps1'
[20.630s] INFO:colcon.colcon_core.shell:Creating environment descriptor '/home/mpr/info_indus/ros2_ws/install/scara_hardware/share/scara_hardware/hook/ld_library_path_lib.dsv'
[20.630s] INFO:colcon.colcon_core.shell:Creating environment hook '/home/mpr/info_indus/ros2_ws/install/scara_hardware/share/scara_hardware/hook/ld_library_path_lib.sh'
[20.631s] Level 1:colcon.colcon_core.environment:checking '/home/mpr/info_indus/ros2_ws/install/scara_hardware/bin'
[20.631s] Level 1:colcon.colcon_core.environment:checking '/home/mpr/info_indus/ros2_ws/install/scara_hardware/lib/pkgconfig/scara_hardware.pc'
[20.631s] Level 1:colcon.colcon_core.environment:checking '/home/mpr/info_indus/ros2_ws/install/scara_hardware/lib/python3.12/site-packages'
[20.632s] Level 1:colcon.colcon_core.environment:checking '/home/mpr/info_indus/ros2_ws/install/scara_hardware/bin'
[20.632s] INFO:colcon.colcon_core.shell:Creating package script '/home/mpr/info_indus/ros2_ws/install/scara_hardware/share/scara_hardware/package.ps1'
[20.633s] INFO:colcon.colcon_core.shell:Creating package descriptor '/home/mpr/info_indus/ros2_ws/install/scara_hardware/share/scara_hardware/package.dsv'
[20.633s] INFO:colcon.colcon_core.shell:Creating package script '/home/mpr/info_indus/ros2_ws/install/scara_hardware/share/scara_hardware/package.sh'
[20.634s] INFO:colcon.colcon_core.shell:Creating package script '/home/mpr/info_indus/ros2_ws/install/scara_hardware/share/scara_hardware/package.bash'
[20.634s] INFO:colcon.colcon_core.shell:Creating package script '/home/mpr/info_indus/ros2_ws/install/scara_hardware/share/scara_hardware/package.zsh'
[20.635s] Level 1:colcon.colcon_core.environment:create_file_with_runtime_dependencies(/home/mpr/info_indus/ros2_ws/install/scara_hardware/share/colcon-core/packages/scara_hardware)
[20.636s] Level 1:colcon.colcon_core.environment:create_environment_scripts_only(scara_hardware)
[20.636s] Level 1:colcon.colcon_core.environment:checking '/home/mpr/info_indus/ros2_ws/install/scara_hardware' for CMake module files
[20.636s] Level 1:colcon.colcon_core.environment:checking '/home/mpr/info_indus/ros2_ws/install/scara_hardware' for CMake config files
[20.637s] Level 1:colcon.colcon_core.shell:create_environment_hook('scara_hardware', 'cmake_prefix_path')
[20.637s] INFO:colcon.colcon_core.shell:Creating environment hook '/home/mpr/info_indus/ros2_ws/install/scara_hardware/share/scara_hardware/hook/cmake_prefix_path.ps1'
[20.638s] INFO:colcon.colcon_core.shell:Creating environment descriptor '/home/mpr/info_indus/ros2_ws/install/scara_hardware/share/scara_hardware/hook/cmake_prefix_path.dsv'
[20.638s] INFO:colcon.colcon_core.shell:Creating environment hook '/home/mpr/info_indus/ros2_ws/install/scara_hardware/share/scara_hardware/hook/cmake_prefix_path.sh'
[20.639s] Level 1:colcon.colcon_core.environment:checking '/home/mpr/info_indus/ros2_ws/install/scara_hardware/lib'
[20.639s] Level 1:colcon.colcon_core.shell:create_environment_hook('scara_hardware', 'ld_library_path_lib')
[20.639s] INFO:colcon.colcon_core.shell:Creating environment hook '/home/mpr/info_indus/ros2_ws/install/scara_hardware/share/scara_hardware/hook/ld_library_path_lib.ps1'
[20.640s] INFO:colcon.colcon_core.shell:Creating environment descriptor '/home/mpr/info_indus/ros2_ws/install/scara_hardware/share/scara_hardware/hook/ld_library_path_lib.dsv'
[20.640s] INFO:colcon.colcon_core.shell:Creating environment hook '/home/mpr/info_indus/ros2_ws/install/scara_hardware/share/scara_hardware/hook/ld_library_path_lib.sh'
[20.641s] Level 1:colcon.colcon_core.environment:checking '/home/mpr/info_indus/ros2_ws/install/scara_hardware/bin'
[20.641s] Level 1:colcon.colcon_core.environment:checking '/home/mpr/info_indus/ros2_ws/install/scara_hardware/lib/pkgconfig/scara_hardware.pc'
[20.641s] Level 1:colcon.colcon_core.environment:checking '/home/mpr/info_indus/ros2_ws/install/scara_hardware/lib/python3.12/site-packages'
[20.641s] Level 1:colcon.colcon_core.environment:checking '/home/mpr/info_indus/ros2_ws/install/scara_hardware/bin'
[20.642s] INFO:colcon.colcon_core.shell:Creating package script '/home/mpr/info_indus/ros2_ws/install/scara_hardware/share/scara_hardware/package.ps1'
[20.643s] INFO:colcon.colcon_core.shell:Creating package descriptor '/home/mpr/info_indus/ros2_ws/install/scara_hardware/share/scara_hardware/package.dsv'
[20.643s] INFO:colcon.colcon_core.shell:Creating package script '/home/mpr/info_indus/ros2_ws/install/scara_hardware/share/scara_hardware/package.sh'
[20.644s] INFO:colcon.colcon_core.shell:Creating package script '/home/mpr/info_indus/ros2_ws/install/scara_hardware/share/scara_hardware/package.bash'
[20.645s] INFO:colcon.colcon_core.shell:Creating package script '/home/mpr/info_indus/ros2_ws/install/scara_hardware/share/scara_hardware/package.zsh'
[20.645s] Level 1:colcon.colcon_core.environment:create_file_with_runtime_dependencies(/home/mpr/info_indus/ros2_ws/install/scara_hardware/share/colcon-core/packages/scara_hardware)
[26.136s] DEBUG:colcon.colcon_core.event_handler.log_command:Invoked command in '/home/mpr/info_indus/ros2_ws/build/scara_joint_velocity_controller' returned '0': CMAKE_PREFIX_PATH=${CMAKE_PREFIX_PATH}:/opt/ros/jazzy DEBUGINFOD_URLS=https://debuginfod.ubuntu.com /usr/bin/cmake --build /home/mpr/info_indus/ros2_ws/build/scara_joint_velocity_controller -- -j4 -l4
[26.138s] DEBUG:colcon.colcon_core.event_handler.log_command:Invoking command in '/home/mpr/info_indus/ros2_ws/build/scara_joint_velocity_controller': CMAKE_PREFIX_PATH=${CMAKE_PREFIX_PATH}:/opt/ros/jazzy DEBUGINFOD_URLS=https://debuginfod.ubuntu.com /usr/bin/cmake --install /home/mpr/info_indus/ros2_ws/build/scara_joint_velocity_controller
[26.644s] Level 1:colcon.colcon_core.environment:create_environment_scripts_only(scara_joint_velocity_controller)
[26.644s] Level 1:colcon.colcon_core.environment:checking '/home/mpr/info_indus/ros2_ws/install/scara_joint_velocity_controller' for CMake module files
[26.645s] DEBUG:colcon.colcon_core.event_handler.log_command:Invoked command in '/home/mpr/info_indus/ros2_ws/build/scara_joint_velocity_controller' returned '0': CMAKE_PREFIX_PATH=${CMAKE_PREFIX_PATH}:/opt/ros/jazzy DEBUGINFOD_URLS=https://debuginfod.ubuntu.com /usr/bin/cmake --install /home/mpr/info_indus/ros2_ws/build/scara_joint_velocity_controller
[26.645s] Level 1:colcon.colcon_core.environment:checking '/home/mpr/info_indus/ros2_ws/install/scara_joint_velocity_controller' for CMake config files
[26.645s] Level 1:colcon.colcon_core.shell:create_environment_hook('scara_joint_velocity_controller', 'cmake_prefix_path')
[26.646s] INFO:colcon.colcon_core.shell:Creating environment hook '/home/mpr/info_indus/ros2_ws/install/scara_joint_velocity_controller/share/scara_joint_velocity_controller/hook/cmake_prefix_path.ps1'
[26.646s] INFO:colcon.colcon_core.shell:Creating environment descriptor '/home/mpr/info_indus/ros2_ws/install/scara_joint_velocity_controller/share/scara_joint_velocity_controller/hook/cmake_prefix_path.dsv'
[26.647s] INFO:colcon.colcon_core.shell:Creating environment hook '/home/mpr/info_indus/ros2_ws/install/scara_joint_velocity_controller/share/scara_joint_velocity_controller/hook/cmake_prefix_path.sh'
[26.648s] Level 1:colcon.colcon_core.environment:checking '/home/mpr/info_indus/ros2_ws/install/scara_joint_velocity_controller/lib'
[26.648s] Level 1:colcon.colcon_core.shell:create_environment_hook('scara_joint_velocity_controller', 'ld_library_path_lib')
[26.648s] INFO:colcon.colcon_core.shell:Creating environment hook '/home/mpr/info_indus/ros2_ws/install/scara_joint_velocity_controller/share/scara_joint_velocity_controller/hook/ld_library_path_lib.ps1'
[26.648s] INFO:colcon.colcon_core.shell:Creating environment descriptor '/home/mpr/info_indus/ros2_ws/install/scara_joint_velocity_controller/share/scara_joint_velocity_controller/hook/ld_library_path_lib.dsv'
[26.649s] INFO:colcon.colcon_core.shell:Creating environment hook '/home/mpr/info_indus/ros2_ws/install/scara_joint_velocity_controller/share/scara_joint_velocity_controller/hook/ld_library_path_lib.sh'
[26.649s] Level 1:colcon.colcon_core.environment:checking '/home/mpr/info_indus/ros2_ws/install/scara_joint_velocity_controller/bin'
[26.649s] Level 1:colcon.colcon_core.environment:checking '/home/mpr/info_indus/ros2_ws/install/scara_joint_velocity_controller/lib/pkgconfig/scara_joint_velocity_controller.pc'
[26.650s] Level 1:colcon.colcon_core.environment:checking '/home/mpr/info_indus/ros2_ws/install/scara_joint_velocity_controller/lib/python3.12/site-packages'
[26.650s] Level 1:colcon.colcon_core.environment:checking '/home/mpr/info_indus/ros2_ws/install/scara_joint_velocity_controller/bin'
[26.650s] INFO:colcon.colcon_core.shell:Creating package script '/home/mpr/info_indus/ros2_ws/install/scara_joint_velocity_controller/share/scara_joint_velocity_controller/package.ps1'
[26.651s] INFO:colcon.colcon_core.shell:Creating package descriptor '/home/mpr/info_indus/ros2_ws/install/scara_joint_velocity_controller/share/scara_joint_velocity_controller/package.dsv'
[26.652s] INFO:colcon.colcon_core.shell:Creating package script '/home/mpr/info_indus/ros2_ws/install/scara_joint_velocity_controller/share/scara_joint_velocity_controller/package.sh'
[26.652s] INFO:colcon.colcon_core.shell:Creating package script '/home/mpr/info_indus/ros2_ws/install/scara_joint_velocity_controller/share/scara_joint_velocity_controller/package.bash'
[26.653s] INFO:colcon.colcon_core.shell:Creating package script '/home/mpr/info_indus/ros2_ws/install/scara_joint_velocity_controller/share/scara_joint_velocity_controller/package.zsh'
[26.653s] Level 1:colcon.colcon_core.environment:create_file_with_runtime_dependencies(/home/mpr/info_indus/ros2_ws/install/scara_joint_velocity_controller/share/colcon-core/packages/scara_joint_velocity_controller)
[26.654s] Level 1:colcon.colcon_core.environment:create_environment_scripts_only(scara_joint_velocity_controller)
[26.654s] Level 1:colcon.colcon_core.environment:checking '/home/mpr/info_indus/ros2_ws/install/scara_joint_velocity_controller' for CMake module files
[26.655s] Level 1:colcon.colcon_core.environment:checking '/home/mpr/info_indus/ros2_ws/install/scara_joint_velocity_controller' for CMake config files
[26.655s] Level 1:colcon.colcon_core.shell:create_environment_hook('scara_joint_velocity_controller', 'cmake_prefix_path')
[26.656s] INFO:colcon.colcon_core.shell:Creating environment hook '/home/mpr/info_indus/ros2_ws/install/scara_joint_velocity_controller/share/scara_joint_velocity_controller/hook/cmake_prefix_path.ps1'
[26.656s] INFO:colcon.colcon_core.shell:Creating environment descriptor '/home/mpr/info_indus/ros2_ws/install/scara_joint_velocity_controller/share/scara_joint_velocity_controller/hook/cmake_prefix_path.dsv'
[26.657s] INFO:colcon.colcon_core.shell:Creating environment hook '/home/mpr/info_indus/ros2_ws/install/scara_joint_velocity_controller/share/scara_joint_velocity_controller/hook/cmake_prefix_path.sh'
[26.657s] Level 1:colcon.colcon_core.environment:checking '/home/mpr/info_indus/ros2_ws/install/scara_joint_velocity_controller/lib'
[26.657s] Level 1:colcon.colcon_core.shell:create_environment_hook('scara_joint_velocity_controller', 'ld_library_path_lib')
[26.658s] INFO:colcon.colcon_core.shell:Creating environment hook '/home/mpr/info_indus/ros2_ws/install/scara_joint_velocity_controller/share/scara_joint_velocity_controller/hook/ld_library_path_lib.ps1'
[26.658s] INFO:colcon.colcon_core.shell:Creating environment descriptor '/home/mpr/info_indus/ros2_ws/install/scara_joint_velocity_controller/share/scara_joint_velocity_controller/hook/ld_library_path_lib.dsv'
[26.658s] INFO:colcon.colcon_core.shell:Creating environment hook '/home/mpr/info_indus/ros2_ws/install/scara_joint_velocity_controller/share/scara_joint_velocity_controller/hook/ld_library_path_lib.sh'
[26.659s] Level 1:colcon.colcon_core.environment:checking '/home/mpr/info_indus/ros2_ws/install/scara_joint_velocity_controller/bin'
[26.659s] Level 1:colcon.colcon_core.environment:checking '/home/mpr/info_indus/ros2_ws/install/scara_joint_velocity_controller/lib/pkgconfig/scara_joint_velocity_controller.pc'
[26.659s] Level 1:colcon.colcon_core.environment:checking '/home/mpr/info_indus/ros2_ws/install/scara_joint_velocity_controller/lib/python3.12/site-packages'
[26.660s] Level 1:colcon.colcon_core.environment:checking '/home/mpr/info_indus/ros2_ws/install/scara_joint_velocity_controller/bin'
[26.660s] INFO:colcon.colcon_core.shell:Creating package script '/home/mpr/info_indus/ros2_ws/install/scara_joint_velocity_controller/share/scara_joint_velocity_controller/package.ps1'
[26.661s] INFO:colcon.colcon_core.shell:Creating package descriptor '/home/mpr/info_indus/ros2_ws/install/scara_joint_velocity_controller/share/scara_joint_velocity_controller/package.dsv'
[26.661s] INFO:colcon.colcon_core.shell:Creating package script '/home/mpr/info_indus/ros2_ws/install/scara_joint_velocity_controller/share/scara_joint_velocity_controller/package.sh'
[26.662s] INFO:colcon.colcon_core.shell:Creating package script '/home/mpr/info_indus/ros2_ws/install/scara_joint_velocity_controller/share/scara_joint_velocity_controller/package.bash'
[26.662s] INFO:colcon.colcon_core.shell:Creating package script '/home/mpr/info_indus/ros2_ws/install/scara_joint_velocity_controller/share/scara_joint_velocity_controller/package.zsh'
[26.663s] Level 1:colcon.colcon_core.environment:create_file_with_runtime_dependencies(/home/mpr/info_indus/ros2_ws/install/scara_joint_velocity_controller/share/colcon-core/packages/scara_joint_velocity_controller)
[26.663s] DEBUG:colcon.colcon_parallel_executor.executor.parallel:closing loop
[26.664s] DEBUG:colcon.colcon_parallel_executor.executor.parallel:loop closed
[26.664s] DEBUG:colcon.colcon_parallel_executor.executor.parallel:run_until_complete finished with '0'
[26.664s] DEBUG:colcon.colcon_core.event_reactor:joining thread
[26.666s] DEBUG:colcon.colcon_core.event_reactor:joined thread
[26.667s] INFO:colcon.colcon_core.shell:Creating prefix script '/home/mpr/info_indus/ros2_ws/install/local_setup.ps1'
[26.669s] INFO:colcon.colcon_core.shell:Creating prefix util module '/home/mpr/info_indus/ros2_ws/install/_local_setup_util_ps1.py'
[26.671s] INFO:colcon.colcon_core.shell:Creating prefix chain script '/home/mpr/info_indus/ros2_ws/install/setup.ps1'
[26.672s] INFO:colcon.colcon_core.shell:Creating prefix script '/home/mpr/info_indus/ros2_ws/install/local_setup.sh'
[26.673s] INFO:colcon.colcon_core.shell:Creating prefix util module '/home/mpr/info_indus/ros2_ws/install/_local_setup_util_sh.py'
[26.674s] INFO:colcon.colcon_core.shell:Creating prefix chain script '/home/mpr/info_indus/ros2_ws/install/setup.sh'
[26.675s] INFO:colcon.colcon_core.shell:Creating prefix script '/home/mpr/info_indus/ros2_ws/install/local_setup.bash'
[26.675s] INFO:colcon.colcon_core.shell:Creating prefix chain script '/home/mpr/info_indus/ros2_ws/install/setup.bash'
[26.677s] INFO:colcon.colcon_core.shell:Creating prefix script '/home/mpr/info_indus/ros2_ws/install/local_setup.zsh'
[26.677s] INFO:colcon.colcon_core.shell:Creating prefix chain script '/home/mpr/info_indus/ros2_ws/install/setup.zsh'
