[100%] Built target scara_joint_velocity_controller
-- Install configuration: "Release"
-- Execute custom install script
-- Up-to-date symlink: /home/mpr/info_indus/ros2_ws/install/scara_joint_velocity_controller/share/scara_joint_velocity_controller//controller_plugin.xml
-- Up-to-date symlink: /home/mpr/info_indus/ros2_ws/install/scara_joint_velocity_controller/include/scara_joint_velocity_controller/scara_joint_velocity_controller.hpp
-- Up-to-date symlink: /home/mpr/info_indus/ros2_ws/install/scara_joint_velocity_controller/include/scara_joint_velocity_controller/visibility_control.h
-- Up-to-date symlink: /home/mpr/info_indus/ros2_ws/install/scara_joint_velocity_controller/lib/libscara_joint_velocity_controller.so
-- Up-to-date symlink: /home/mpr/info_indus/ros2_ws/install/scara_joint_velocity_controller/share/scara_joint_velocity_controller/environment/library_path.sh
-- Up-to-date symlink: /home/mpr/info_indus/ros2_ws/install/scara_joint_velocity_controller/share/scara_joint_velocity_controller/environment/library_path.dsv
-- Up-to-date symlink: /home/mpr/info_indus/ros2_ws/install/scara_joint_velocity_controller/share/ament_index/resource_index/package_run_dependencies/scara_joint_velocity_controller
-- Up-to-date symlink: /home/mpr/info_indus/ros2_ws/install/scara_joint_velocity_controller/share/ament_index/resource_index/parent_prefix_path/scara_joint_velocity_controller
-- Up-to-date symlink: /home/mpr/info_indus/ros2_ws/install/scara_joint_velocity_controller/share/scara_joint_velocity_controller/environment/ament_prefix_path.sh
-- Up-to-date symlink: /home/mpr/info_indus/ros2_ws/install/scara_joint_velocity_controller/share/scara_joint_velocity_controller/environment/ament_prefix_path.dsv
-- Up-to-date symlink: /home/mpr/info_indus/ros2_ws/install/scara_joint_velocity_controller/share/scara_joint_velocity_controller/environment/path.sh
-- Up-to-date symlink: /home/mpr/info_indus/ros2_ws/install/scara_joint_velocity_controller/share/scara_joint_velocity_controller/environment/path.dsv
-- Up-to-date symlink: /home/mpr/info_indus/ros2_ws/install/scara_joint_velocity_controller/share/scara_joint_velocity_controller/local_setup.bash
-- Up-to-date symlink: /home/mpr/info_indus/ros2_ws/install/scara_joint_velocity_controller/share/scara_joint_velocity_controller/local_setup.sh
-- Up-to-date symlink: /home/mpr/info_indus/ros2_ws/install/scara_joint_velocity_controller/share/scara_joint_velocity_controller/local_setup.zsh
-- Up-to-date symlink: /home/mpr/info_indus/ros2_ws/install/scara_joint_velocity_controller/share/scara_joint_velocity_controller/local_setup.dsv
-- Symlinking: /home/mpr/info_indus/ros2_ws/install/scara_joint_velocity_controller/share/scara_joint_velocity_controller/package.dsv
-- Up-to-date symlink: /home/mpr/info_indus/ros2_ws/install/scara_joint_velocity_controller/share/ament_index/resource_index/packages/scara_joint_velocity_controller
-- Up-to-date symlink: /home/mpr/info_indus/ros2_ws/install/scara_joint_velocity_controller/share/ament_index/resource_index/controller_interface__pluginlib__plugin/scara_joint_velocity_controller
-- Up-to-date symlink: /home/mpr/info_indus/ros2_ws/install/scara_joint_velocity_controller/share/scara_joint_velocity_controller/cmake/ament_cmake_export_dependencies-extras.cmake
-- Up-to-date symlink: /home/mpr/info_indus/ros2_ws/install/scara_joint_velocity_controller/share/scara_joint_velocity_controller/cmake/ament_cmake_export_include_directories-extras.cmake
-- Up-to-date symlink: /home/mpr/info_indus/ros2_ws/install/scara_joint_velocity_controller/share/scara_joint_velocity_controller/cmake/ament_cmake_export_libraries-extras.cmake
-- Up-to-date symlink: /home/mpr/info_indus/ros2_ws/install/scara_joint_velocity_controller/share/scara_joint_velocity_controller/cmake/scara_joint_velocity_controllerConfig.cmake
-- Up-to-date symlink: /home/mpr/info_indus/ros2_ws/install/scara_joint_velocity_controller/share/scara_joint_velocity_controller/cmake/scara_joint_velocity_controllerConfig-version.cmake
-- Up-to-date symlink: /home/mpr/info_indus/ros2_ws/install/scara_joint_velocity_controller/share/scara_joint_velocity_controller/package.xml
