-- The C compiler identification is GNU 13.3.0
-- The CXX compiler identification is GNU 13.3.0
-- Detecting C compiler ABI info
-- Detecting C compiler ABI info - done
-- Check for working C compiler: /usr/bin/cc - skipped
-- Detecting C compile features
-- Detecting C compile features - done
-- Detecting CXX compiler ABI info
-- Detecting CXX compiler ABI info - done
-- Check for working CXX compiler: /usr/bin/c++ - skipped
-- Detecting CXX compile features
-- Detecting CXX compile features - done
-- Found ament_cmake: 2.5.4 (/opt/ros/jazzy/share/ament_cmake/cmake)
-- Found Python3: /usr/bin/python3 (found version "3.12.3") found components: Interpreter 
-- Override CMake install command with custom implementation using symlinks instead of copying resources
-- Found hardware_interface: 4.39.2 (/opt/ros/jazzy/share/hardware_interface/cmake)
-- Found rosidl_generator_c: 4.6.6 (/opt/ros/jazzy/share/rosidl_generator_c/cmake)
-- Found rosidl_generator_cpp: 4.6.6 (/opt/ros/jazzy/share/rosidl_generator_cpp/cmake)
-- Using all available rosidl_typesupport_c: rosidl_typesupport_fastrtps_c;rosidl_typesupport_introspection_c
-- Using all available rosidl_typesupport_cpp: rosidl_typesupport_fastrtps_cpp;rosidl_typesupport_introspection_cpp
-- Found TinyXML2 via Config file: /usr/lib/aarch64-linux-gnu/cmake/tinyxml2
-- Found rmw_implementation_cmake: 7.3.2 (/opt/ros/jazzy/share/rmw_implementation_cmake/cmake)
-- Found rmw_fastrtps_cpp: 8.4.3 (/opt/ros/jazzy/share/rmw_fastrtps_cpp/cmake)
-- Found TinyXML2 via Config file: /usr/lib/aarch64-linux-gnu/cmake/tinyxml2
-- Found OpenSSL: /usr/lib/aarch64-linux-gnu/libcrypto.so (found version "3.0.13")  
-- Found TinyXML2 via Config file: /usr/lib/aarch64-linux-gnu/cmake/tinyxml2
-- Found FastRTPS: /opt/ros/jazzy/include (Required is at least version "2.13") 
-- Found TinyXML2 via Config file: /usr/lib/aarch64-linux-gnu/cmake/tinyxml2
-- Found TinyXML2 via Config file: /usr/lib/aarch64-linux-gnu/cmake/tinyxml2
-- Using RMW implementation 'rmw_fastrtps_cpp' as default
-- Found ament_cmake_gtest: 2.5.4 (/opt/ros/jazzy/share/ament_cmake_gtest/cmake)
-- Found ament_lint_auto: 0.17.3 (/opt/ros/jazzy/share/ament_lint_auto/cmake)
-- Configuring done (3.0s)
-- Generating done (0.0s)
-- Build files have been written to: /home/mpr/info_indus/ros2_ws/build/scara_hardware
[ 50%] [32mBuilding CXX object CMakeFiles/scara_hardware.dir/src/scara_robot.cpp.o[0m
[01m[K/home/mpr/info_indus/ros2_ws/src/ecat_ros2_workshop/scara_hardware/src/scara_robot.cpp:[m[K In member function ‘[01m[Kvirtual CallbackReturn scara_hardware::ScaraRobot::[01;32m[Kon_init[m[K(const hardware_interface::HardwareInfo&)[m[K’:
[01m[K/home/mpr/info_indus/ros2_ws/src/ecat_ros2_workshop/scara_hardware/src/scara_robot.cpp:24:51:[m[K [01;35m[Kwarning: [m[K‘[01m[Kvirtual rclcpp_lifecycle::node_interfaces::LifecycleNodeInterface::CallbackReturn hardware_interface::HardwareComponentInterface::[01;32m[Kon_init[m[K(const hardware_interface::HardwareInfo&)[m[K’ is deprecated: Use on_init(const HardwareComponentInterfaceParams & params) instead. [[01;35m[K]8;;https://gcc.gnu.org/onlinedocs/gcc/Warning-Options.html#index-Wdeprecated-declarations-Wdeprecated-declarations]8;;[m[K]
   24 |   if ([01;35m[Khardware_interface::SystemInterface::on_init(info)[m[K != CallbackReturn::SUCCESS) {
      |       [01;35m[K~~~~~~~~~~~~~~~~~~~~~~~~~~~~~~~~~~~~~~~~~~~~^~~~~~[m[K
In file included from [01m[K/opt/ros/jazzy/include/hardware_interface/hardware_interface/system_interface.hpp:18[m[K,
                 from [01m[K/home/mpr/info_indus/ros2_ws/src/ecat_ros2_workshop/scara_hardware/include/scara_hardware/scara_robot.hpp:24[m[K,
                 from [01m[K/home/mpr/info_indus/ros2_ws/src/ecat_ros2_workshop/scara_hardware/src/scara_robot.cpp:15[m[K:
[01m[K/opt/ros/jazzy/include/hardware_interface/hardware_interface/hardware_component_interface.hpp:235:26:[m[K [01;36m[Knote: [m[Kdeclared here
  235 |   virtual CallbackReturn [01;36m[Kon_init[m[K(const HardwareInfo & hardware_info)
      |                          [01;36m[K^~~~~~~[m[K
[100%] [32m[1mLinking CXX shared library libscara_hardware.so[0m
[100%] Built target scara_hardware
-- Install configuration: "Release"
-- Execute custom install script
-- Symlinking: /home/mpr/info_indus/ros2_ws/install/scara_hardware/share/scara_hardware//scara_hardware_plugin.xml
-- Symlinking: /home/mpr/info_indus/ros2_ws/install/scara_hardware/lib/libscara_hardware.so
-- Symlinking: /home/mpr/info_indus/ros2_ws/install/scara_hardware/include/scara_hardware/scara_robot.hpp
-- Symlinking: /home/mpr/info_indus/ros2_ws/install/scara_hardware/include/scara_hardware/visibility_control.h
-- Symlinking: /home/mpr/info_indus/ros2_ws/install/scara_hardware/share/scara_hardware/environment/library_path.sh
-- Symlinking: /home/mpr/info_indus/ros2_ws/install/scara_hardware/share/scara_hardware/environment/library_path.dsv
-- Symlinking: /home/mpr/info_indus/ros2_ws/install/scara_hardware/share/ament_index/resource_index/package_run_dependencies/scara_hardware
-- Symlinking: /home/mpr/info_indus/ros2_ws/install/scara_hardware/share/ament_index/resource_index/parent_prefix_path/scara_hardware
-- Symlinking: /home/mpr/info_indus/ros2_ws/install/scara_hardware/share/scara_hardware/environment/ament_prefix_path.sh
-- Symlinking: /home/mpr/info_indus/ros2_ws/install/scara_hardware/share/scara_hardware/environment/ament_prefix_path.dsv
-- Symlinking: /home/mpr/info_indus/ros2_ws/install/scara_hardware/share/scara_hardware/environment/path.sh
-- Symlinking: /home/mpr/info_indus/ros2_ws/install/scara_hardware/share/scara_hardware/environment/path.dsv
-- Symlinking: /home/mpr/info_indus/ros2_ws/install/scara_hardware/share/scara_hardware/local_setup.bash
-- Symlinking: /home/mpr/info_indus/ros2_ws/install/scara_hardware/share/scara_hardware/local_setup.sh
-- Symlinking: /home/mpr/info_indus/ros2_ws/install/scara_hardware/share/scara_hardware/local_setup.zsh
-- Symlinking: /home/mpr/info_indus/ros2_ws/install/scara_hardware/share/scara_hardware/local_setup.dsv
-- Symlinking: /home/mpr/info_indus/ros2_ws/install/scara_hardware/share/scara_hardware/package.dsv
-- Symlinking: /home/mpr/info_indus/ros2_ws/install/scara_hardware/share/ament_index/resource_index/packages/scara_hardware
-- Symlinking: /home/mpr/info_indus/ros2_ws/install/scara_hardware/share/ament_index/resource_index/hardware_interface__pluginlib__plugin/scara_hardware
-- Symlinking: /home/mpr/info_indus/ros2_ws/install/scara_hardware/share/scara_hardware/cmake/ament_cmake_export_include_directories-extras.cmake
-- Symlinking: /home/mpr/info_indus/ros2_ws/install/scara_hardware/share/scara_hardware/cmake/ament_cmake_export_libraries-extras.cmake
-- Symlinking: /home/mpr/info_indus/ros2_ws/install/scara_hardware/share/scara_hardware/cmake/ament_cmake_export_dependencies-extras.cmake
-- Symlinking: /home/mpr/info_indus/ros2_ws/install/scara_hardware/share/scara_hardware/cmake/scara_hardwareConfig.cmake
-- Symlinking: /home/mpr/info_indus/ros2_ws/install/scara_hardware/share/scara_hardware/cmake/scara_hardwareConfig-version.cmake
-- Symlinking: /home/mpr/info_indus/ros2_ws/install/scara_hardware/share/scara_hardware/package.xml
