[0.022s] Invoking command in '/home/mpr/info_indus/ros2_ws/build/scara_hardware': AMENT_PREFIX_PATH=/home/mpr/info_indus/ros2_ws/install/scara_description:${AMENT_PREFIX_PATH} CMAKE_PREFIX_PATH=/home/mpr/info_indus/ros2_ws/install/scara_description:/opt/ros/jazzy/opt/gz_sim_vendor:/opt/ros/jazzy/opt/gz_sensors_vendor:/opt/ros/jazzy/opt/gz_physics_vendor:/opt/ros/jazzy/opt/sdformat_vendor:/opt/ros/jazzy/opt/gz_gui_vendor:/opt/ros/jazzy/opt/gz_transport_vendor:/opt/ros/jazzy/opt/gz_rendering_vendor:/opt/ros/jazzy/opt/gz_plugin_vendor:/opt/ros/jazzy/opt/gz_fuel_tools_vendor:/opt/ros/jazzy/opt/gz_msgs_vendor:/opt/ros/jazzy/opt/gz_common_vendor:/opt/ros/jazzy/opt/gz_math_vendor:/opt/ros/jazzy/opt/gz_utils_vendor:/opt/ros/jazzy/opt/gz_tools_vendor:/opt/ros/jazzy/opt/gz_ogre_next_vendor:/opt/ros/jazzy/opt/gz_dartsim_vendor:/opt/ros/jazzy/opt/gz_cmake_vendor:/opt/ros/jazzy DEBUGINFOD_URLS=https://debuginfod.ubuntu.com /usr/bin/cmake /home/mpr/info_indus/ros2_ws/src/ecat_ros2_workshop/scara_hardware -DCMAKE_BUILD_TYPE=Release -DAMENT_CMAKE_SYMLINK_INSTALL=1 -DCMAKE_INSTALL_PREFIX=/home/mpr/info_indus/ros2_ws/install/scara_hardware
[0.143s] -- The C compiler identification is GNU 13.3.0
[0.264s] -- The CXX compiler identification is GNU 13.3.0
[0.293s] -- Detecting C compiler ABI info
[0.486s] -- Detecting C compiler ABI info - done
[0.501s] -- Check for working C compiler: /usr/bin/cc - skipped
[0.501s] -- Detecting C compile features
[0.502s] -- Detecting C compile features - done
[0.522s] -- Detecting CXX compiler ABI info
[0.785s] -- Detecting CXX compiler ABI info - done
[0.801s] -- Check for working CXX compiler: /usr/bin/c++ - skipped
[0.801s] -- Detecting CXX compile features
[0.802s] -- Detecting CXX compile features - done
[0.809s] -- Found ament_cmake: 2.5.4 (/opt/ros/jazzy/share/ament_cmake/cmake)
[1.131s] -- Found Python3: /usr/bin/python3 (found version "3.12.3") found components: Interpreter 
[1.265s] -- Override CMake install command with custom implementation using symlinks instead of copying resources
[1.367s] -- Found hardware_interface: 4.39.2 (/opt/ros/jazzy/share/hardware_interface/cmake)
[1.481s] -- Found rosidl_generator_c: 4.6.6 (/opt/ros/jazzy/share/rosidl_generator_c/cmake)
[1.516s] -- Found rosidl_generator_cpp: 4.6.6 (/opt/ros/jazzy/share/rosidl_generator_cpp/cmake)
[1.553s] -- Using all available rosidl_typesupport_c: rosidl_typesupport_fastrtps_c;rosidl_typesupport_introspection_c
[1.599s] -- Using all available rosidl_typesupport_cpp: rosidl_typesupport_fastrtps_cpp;rosidl_typesupport_introspection_cpp
[1.967s] -- Found TinyXML2 via Config file: /usr/lib/aarch64-linux-gnu/cmake/tinyxml2
[2.050s] -- Found rmw_implementation_cmake: 7.3.2 (/opt/ros/jazzy/share/rmw_implementation_cmake/cmake)
[2.057s] -- Found rmw_fastrtps_cpp: 8.4.3 (/opt/ros/jazzy/share/rmw_fastrtps_cpp/cmake)
[2.106s] -- Found TinyXML2 via Config file: /usr/lib/aarch64-linux-gnu/cmake/tinyxml2
[2.232s] -- Found OpenSSL: /usr/lib/aarch64-linux-gnu/libcrypto.so (found version "3.0.13")  
[2.236s] -- Found TinyXML2 via Config file: /usr/lib/aarch64-linux-gnu/cmake/tinyxml2
[2.265s] -- Found FastRTPS: /opt/ros/jazzy/include (Required is at least version "2.13") 
[2.269s] -- Found TinyXML2 via Config file: /usr/lib/aarch64-linux-gnu/cmake/tinyxml2
[2.285s] -- Found TinyXML2 via Config file: /usr/lib/aarch64-linux-gnu/cmake/tinyxml2
[2.304s] -- Using RMW implementation 'rmw_fastrtps_cpp' as default
[2.801s] -- Found ament_cmake_gtest: 2.5.4 (/opt/ros/jazzy/share/ament_cmake_gtest/cmake)
[2.807s] -- Found ament_lint_auto: 0.17.3 (/opt/ros/jazzy/share/ament_lint_auto/cmake)
[3.018s] -- Configuring done (3.0s)
[3.066s] -- Generating done (0.0s)
[3.081s] -- Build files have been written to: /home/mpr/info_indus/ros2_ws/build/scara_hardware
[3.122s] Invoked command in '/home/mpr/info_indus/ros2_ws/build/scara_hardware' returned '0': AMENT_PREFIX_PATH=/home/mpr/info_indus/ros2_ws/install/scara_description:${AMENT_PREFIX_PATH} CMAKE_PREFIX_PATH=/home/mpr/info_indus/ros2_ws/install/scara_description:/opt/ros/jazzy/opt/gz_sim_vendor:/opt/ros/jazzy/opt/gz_sensors_vendor:/opt/ros/jazzy/opt/gz_physics_vendor:/opt/ros/jazzy/opt/sdformat_vendor:/opt/ros/jazzy/opt/gz_gui_vendor:/opt/ros/jazzy/opt/gz_transport_vendor:/opt/ros/jazzy/opt/gz_rendering_vendor:/opt/ros/jazzy/opt/gz_plugin_vendor:/opt/ros/jazzy/opt/gz_fuel_tools_vendor:/opt/ros/jazzy/opt/gz_msgs_vendor:/opt/ros/jazzy/opt/gz_common_vendor:/opt/ros/jazzy/opt/gz_math_vendor:/opt/ros/jazzy/opt/gz_utils_vendor:/opt/ros/jazzy/opt/gz_tools_vendor:/opt/ros/jazzy/opt/gz_ogre_next_vendor:/opt/ros/jazzy/opt/gz_dartsim_vendor:/opt/ros/jazzy/opt/gz_cmake_vendor:/opt/ros/jazzy DEBUGINFOD_URLS=https://debuginfod.ubuntu.com /usr/bin/cmake /home/mpr/info_indus/ros2_ws/src/ecat_ros2_workshop/scara_hardware -DCMAKE_BUILD_TYPE=Release -DAMENT_CMAKE_SYMLINK_INSTALL=1 -DCMAKE_INSTALL_PREFIX=/home/mpr/info_indus/ros2_ws/install/scara_hardware
[3.123s] Invoking command in '/home/mpr/info_indus/ros2_ws/build/scara_hardware': AMENT_PREFIX_PATH=/home/mpr/info_indus/ros2_ws/install/scara_description:${AMENT_PREFIX_PATH} CMAKE_PREFIX_PATH=/home/mpr/info_indus/ros2_ws/install/scara_description:/opt/ros/jazzy/opt/gz_sim_vendor:/opt/ros/jazzy/opt/gz_sensors_vendor:/opt/ros/jazzy/opt/gz_physics_vendor:/opt/ros/jazzy/opt/sdformat_vendor:/opt/ros/jazzy/opt/gz_gui_vendor:/opt/ros/jazzy/opt/gz_transport_vendor:/opt/ros/jazzy/opt/gz_rendering_vendor:/opt/ros/jazzy/opt/gz_plugin_vendor:/opt/ros/jazzy/opt/gz_fuel_tools_vendor:/opt/ros/jazzy/opt/gz_msgs_vendor:/opt/ros/jazzy/opt/gz_common_vendor:/opt/ros/jazzy/opt/gz_math_vendor:/opt/ros/jazzy/opt/gz_utils_vendor:/opt/ros/jazzy/opt/gz_tools_vendor:/opt/ros/jazzy/opt/gz_ogre_next_vendor:/opt/ros/jazzy/opt/gz_dartsim_vendor:/opt/ros/jazzy/opt/gz_cmake_vendor:/opt/ros/jazzy DEBUGINFOD_URLS=https://debuginfod.ubuntu.com /usr/bin/cmake --build /home/mpr/info_indus/ros2_ws/build/scara_hardware -- -j4 -l4
[3.252s] [ 50%] [32mBuilding CXX object CMakeFiles/scara_hardware.dir/src/scara_robot.cpp.o[0m
[8.267s] [01m[K/home/mpr/info_indus/ros2_ws/src/ecat_ros2_workshop/scara_hardware/src/scara_robot.cpp:[m[K In member function ‘[01m[Kvirtual CallbackReturn scara_hardware::ScaraRobot::[01;32m[Kon_init[m[K(const hardware_interface::HardwareInfo&)[m[K’:
[8.268s] [01m[K/home/mpr/info_indus/ros2_ws/src/ecat_ros2_workshop/scara_hardware/src/scara_robot.cpp:24:51:[m[K [01;35m[Kwarning: [m[K‘[01m[Kvirtual rclcpp_lifecycle::node_interfaces::LifecycleNodeInterface::CallbackReturn hardware_interface::HardwareComponentInterface::[01;32m[Kon_init[m[K(const hardware_interface::HardwareInfo&)[m[K’ is deprecated: Use on_init(const HardwareComponentInterfaceParams & params) instead. [[01;35m[K]8;;https://gcc.gnu.org/onlinedocs/gcc/Warning-Options.html#index-Wdeprecated-declarations-Wdeprecated-declarations]8;;[m[K]
[8.268s]    24 |   if ([01;35m[Khardware_interface::SystemInterface::on_init(info)[m[K != CallbackReturn::SUCCESS) {
[8.268s]       |       [01;35m[K~~~~~~~~~~~~~~~~~~~~~~~~~~~~~~~~~~~~~~~~~~~~^~~~~~[m[K
[8.268s] In file included from [01m[K/opt/ros/jazzy/include/hardware_interface/hardware_interface/system_interface.hpp:18[m[K,
[8.268s]                  from [01m[K/home/mpr/info_indus/ros2_ws/src/ecat_ros2_workshop/scara_hardware/include/scara_hardware/scara_robot.hpp:24[m[K,
[8.268s]                  from [01m[K/home/mpr/info_indus/ros2_ws/src/ecat_ros2_workshop/scara_hardware/src/scara_robot.cpp:15[m[K:
[8.268s] [01m[K/opt/ros/jazzy/include/hardware_interface/hardware_interface/hardware_component_interface.hpp:235:26:[m[K [01;36m[Knote: [m[Kdeclared here
[8.268s]   235 |   virtual CallbackReturn [01;36m[Kon_init[m[K(const HardwareInfo & hardware_info)
[8.268s]       |                          [01;36m[K^~~~~~~[m[K
[14.986s] [100%] [32m[1mLinking CXX shared library libscara_hardware.so[0m
[15.491s] [100%] Built target scara_hardware
[15.512s] Invoked command in '/home/mpr/info_indus/ros2_ws/build/scara_hardware' returned '0': AMENT_PREFIX_PATH=/home/mpr/info_indus/ros2_ws/install/scara_description:${AMENT_PREFIX_PATH} CMAKE_PREFIX_PATH=/home/mpr/info_indus/ros2_ws/install/scara_description:/opt/ros/jazzy/opt/gz_sim_vendor:/opt/ros/jazzy/opt/gz_sensors_vendor:/opt/ros/jazzy/opt/gz_physics_vendor:/opt/ros/jazzy/opt/sdformat_vendor:/opt/ros/jazzy/opt/gz_gui_vendor:/opt/ros/jazzy/opt/gz_transport_vendor:/opt/ros/jazzy/opt/gz_rendering_vendor:/opt/ros/jazzy/opt/gz_plugin_vendor:/opt/ros/jazzy/opt/gz_fuel_tools_vendor:/opt/ros/jazzy/opt/gz_msgs_vendor:/opt/ros/jazzy/opt/gz_common_vendor:/opt/ros/jazzy/opt/gz_math_vendor:/opt/ros/jazzy/opt/gz_utils_vendor:/opt/ros/jazzy/opt/gz_tools_vendor:/opt/ros/jazzy/opt/gz_ogre_next_vendor:/opt/ros/jazzy/opt/gz_dartsim_vendor:/opt/ros/jazzy/opt/gz_cmake_vendor:/opt/ros/jazzy DEBUGINFOD_URLS=https://debuginfod.ubuntu.com /usr/bin/cmake --build /home/mpr/info_indus/ros2_ws/build/scara_hardware -- -j4 -l4
[15.515s] Invoking command in '/home/mpr/info_indus/ros2_ws/build/scara_hardware': AMENT_PREFIX_PATH=/home/mpr/info_indus/ros2_ws/install/scara_description:${AMENT_PREFIX_PATH} CMAKE_PREFIX_PATH=/home/mpr/info_indus/ros2_ws/install/scara_description:/opt/ros/jazzy/opt/gz_sim_vendor:/opt/ros/jazzy/opt/gz_sensors_vendor:/opt/ros/jazzy/opt/gz_physics_vendor:/opt/ros/jazzy/opt/sdformat_vendor:/opt/ros/jazzy/opt/gz_gui_vendor:/opt/ros/jazzy/opt/gz_transport_vendor:/opt/ros/jazzy/opt/gz_rendering_vendor:/opt/ros/jazzy/opt/gz_plugin_vendor:/opt/ros/jazzy/opt/gz_fuel_tools_vendor:/opt/ros/jazzy/opt/gz_msgs_vendor:/opt/ros/jazzy/opt/gz_common_vendor:/opt/ros/jazzy/opt/gz_math_vendor:/opt/ros/jazzy/opt/gz_utils_vendor:/opt/ros/jazzy/opt/gz_tools_vendor:/opt/ros/jazzy/opt/gz_ogre_next_vendor:/opt/ros/jazzy/opt/gz_dartsim_vendor:/opt/ros/jazzy/opt/gz_cmake_vendor:/opt/ros/jazzy DEBUGINFOD_URLS=https://debuginfod.ubuntu.com /usr/bin/cmake --install /home/mpr/info_indus/ros2_ws/build/scara_hardware
[15.535s] -- Install configuration: "Release"
[15.535s] -- Execute custom install script
[15.536s] -- Symlinking: /home/mpr/info_indus/ros2_ws/install/scara_hardware/share/scara_hardware//scara_hardware_plugin.xml
[15.556s] -- Symlinking: /home/mpr/info_indus/ros2_ws/install/scara_hardware/lib/libscara_hardware.so
[15.576s] -- Symlinking: /home/mpr/info_indus/ros2_ws/install/scara_hardware/include/scara_hardware/scara_robot.hpp
[15.595s] -- Symlinking: /home/mpr/info_indus/ros2_ws/install/scara_hardware/include/scara_hardware/visibility_control.h
[15.614s] -- Symlinking: /home/mpr/info_indus/ros2_ws/install/scara_hardware/share/scara_hardware/environment/library_path.sh
[15.637s] -- Symlinking: /home/mpr/info_indus/ros2_ws/install/scara_hardware/share/scara_hardware/environment/library_path.dsv
[15.657s] -- Symlinking: /home/mpr/info_indus/ros2_ws/install/scara_hardware/share/ament_index/resource_index/package_run_dependencies/scara_hardware
[15.676s] -- Symlinking: /home/mpr/info_indus/ros2_ws/install/scara_hardware/share/ament_index/resource_index/parent_prefix_path/scara_hardware
[15.696s] -- Symlinking: /home/mpr/info_indus/ros2_ws/install/scara_hardware/share/scara_hardware/environment/ament_prefix_path.sh
[15.715s] -- Symlinking: /home/mpr/info_indus/ros2_ws/install/scara_hardware/share/scara_hardware/environment/ament_prefix_path.dsv
[15.738s] -- Symlinking: /home/mpr/info_indus/ros2_ws/install/scara_hardware/share/scara_hardware/environment/path.sh
[15.757s] -- Symlinking: /home/mpr/info_indus/ros2_ws/install/scara_hardware/share/scara_hardware/environment/path.dsv
[15.776s] -- Symlinking: /home/mpr/info_indus/ros2_ws/install/scara_hardware/share/scara_hardware/local_setup.bash
[15.795s] -- Symlinking: /home/mpr/info_indus/ros2_ws/install/scara_hardware/share/scara_hardware/local_setup.sh
[15.813s] -- Symlinking: /home/mpr/info_indus/ros2_ws/install/scara_hardware/share/scara_hardware/local_setup.zsh
[15.836s] -- Symlinking: /home/mpr/info_indus/ros2_ws/install/scara_hardware/share/scara_hardware/local_setup.dsv
[15.855s] -- Symlinking: /home/mpr/info_indus/ros2_ws/install/scara_hardware/share/scara_hardware/package.dsv
[15.874s] -- Symlinking: /home/mpr/info_indus/ros2_ws/install/scara_hardware/share/ament_index/resource_index/packages/scara_hardware
[15.893s] -- Symlinking: /home/mpr/info_indus/ros2_ws/install/scara_hardware/share/ament_index/resource_index/hardware_interface__pluginlib__plugin/scara_hardware
[15.913s] -- Symlinking: /home/mpr/info_indus/ros2_ws/install/scara_hardware/share/scara_hardware/cmake/ament_cmake_export_include_directories-extras.cmake
[15.935s] -- Symlinking: /home/mpr/info_indus/ros2_ws/install/scara_hardware/share/scara_hardware/cmake/ament_cmake_export_libraries-extras.cmake
[15.955s] -- Symlinking: /home/mpr/info_indus/ros2_ws/install/scara_hardware/share/scara_hardware/cmake/ament_cmake_export_dependencies-extras.cmake
[15.974s] -- Symlinking: /home/mpr/info_indus/ros2_ws/install/scara_hardware/share/scara_hardware/cmake/scara_hardwareConfig.cmake
[15.992s] -- Symlinking: /home/mpr/info_indus/ros2_ws/install/scara_hardware/share/scara_hardware/cmake/scara_hardwareConfig-version.cmake
[16.011s] -- Symlinking: /home/mpr/info_indus/ros2_ws/install/scara_hardware/share/scara_hardware/package.xml
[16.037s] Invoked command in '/home/mpr/info_indus/ros2_ws/build/scara_hardware' returned '0': AMENT_PREFIX_PATH=/home/mpr/info_indus/ros2_ws/install/scara_description:${AMENT_PREFIX_PATH} CMAKE_PREFIX_PATH=/home/mpr/info_indus/ros2_ws/install/scara_description:/opt/ros/jazzy/opt/gz_sim_vendor:/opt/ros/jazzy/opt/gz_sensors_vendor:/opt/ros/jazzy/opt/gz_physics_vendor:/opt/ros/jazzy/opt/sdformat_vendor:/opt/ros/jazzy/opt/gz_gui_vendor:/opt/ros/jazzy/opt/gz_transport_vendor:/opt/ros/jazzy/opt/gz_rendering_vendor:/opt/ros/jazzy/opt/gz_plugin_vendor:/opt/ros/jazzy/opt/gz_fuel_tools_vendor:/opt/ros/jazzy/opt/gz_msgs_vendor:/opt/ros/jazzy/opt/gz_common_vendor:/opt/ros/jazzy/opt/gz_math_vendor:/opt/ros/jazzy/opt/gz_utils_vendor:/opt/ros/jazzy/opt/gz_tools_vendor:/opt/ros/jazzy/opt/gz_ogre_next_vendor:/opt/ros/jazzy/opt/gz_dartsim_vendor:/opt/ros/jazzy/opt/gz_cmake_vendor:/opt/ros/jazzy DEBUGINFOD_URLS=https://debuginfod.ubuntu.com /usr/bin/cmake --install /home/mpr/info_indus/ros2_ws/build/scara_hardware
