[0.145s] DEBUG:colcon:Command line arguments: ['/usr/bin/colcon', 'build', '--cmake-args', '-DCMAKE_BUILD_TYPE=Release', '--symlink-install']
[0.145s] DEBUG:colcon:Parsed command line arguments: Namespace(log_base=None, log_level=None, verb_name='build', build_base='build', install_base='install', merge_install=False, symlink_install=True, test_result_base=None, continue_on_error=False, executor='parallel', parallel_workers=4, event_handlers=None, ignore_user_meta=False, metas=['./colcon.meta'], base_paths=['.'], packages_ignore=None, packages_ignore_regex=None, paths=None, packages_up_to=None, packages_up_to_regex=None, packages_above=None, packages_above_and_dependencies=None, packages_above_depth=None, packages_select_by_dep=None, packages_skip_by_dep=None, packages_skip_up_to=None, packages_select_build_failed=False, packages_skip_build_finished=False, packages_select_test_failures=False, packages_skip_test_passed=False, packages_select=None, packages_skip=None, packages_select_regex=None, packages_skip_regex=None, packages_start=None, packages_end=None, allow_overriding=[], cmake_args=['-DCMAKE_BUILD_TYPE=Release'], cmake_target=None, cmake_target_skip_unavailable=False, cmake_clean_cache=False, cmake_clean_first=False, cmake_force_configure=False, ament_cmake_args=None, catkin_cmake_args=None, catkin_skip_building_tests=False, mixin_files=None, mixin=None, verb_parser=<colcon_mixin.mixin.mixin_argument.MixinArgumentDecorator object at 0xffff9c11c680>, verb_extension=<colcon_core.verb.build.BuildVerb object at 0xffff9c2a0d70>, main=<bound method BuildVerb.main of <colcon_core.verb.build.BuildVerb object at 0xffff9c2a0d70>>, mixin_verb=('build',))
[0.201s] Level 1:colcon.colcon_core.package_discovery:discover_packages(colcon_meta) check parameters
[0.202s] Level 1:colcon.colcon_core.package_discovery:discover_packages(recursive) check parameters
[0.202s] Level 1:colcon.colcon_core.package_discovery:discover_packages(ignore) check parameters
[0.202s] Level 1:colcon.colcon_core.package_discovery:discover_packages(path) check parameters
[0.202s] Level 1:colcon.colcon_core.package_discovery:discover_packages(colcon_meta) discover
[0.202s] Level 1:colcon.colcon_core.package_discovery:discover_packages(recursive) discover
[0.202s] INFO:colcon.colcon_core.package_discovery:Crawling recursively for packages in '/home/mpr/info_indus/ros2_ws'
[0.202s] Level 1:colcon.colcon_core.package_identification:_identify(.) by extensions ['ignore', 'ignore_ament_install']
[0.202s] Level 1:colcon.colcon_core.package_identification:_identify(.) by extension 'ignore'
[0.202s] Level 1:colcon.colcon_core.package_identification:_identify(.) by extension 'ignore_ament_install'
[0.202s] Level 1:colcon.colcon_core.package_identification:_identify(.) by extensions ['colcon_pkg']
[0.202s] Level 1:colcon.colcon_core.package_identification:_identify(.) by extension 'colcon_pkg'
[0.202s] Level 1:colcon.colcon_core.package_identification:_identify(.) by extensions ['colcon_meta']
[0.202s] Level 1:colcon.colcon_core.package_identification:_identify(.) by extension 'colcon_meta'
[0.202s] Level 1:colcon.colcon_core.package_identification:_identify(.) by extensions ['ros']
[0.202s] Level 1:colcon.colcon_core.package_identification:_identify(.) by extension 'ros'
[0.238s] Level 1:colcon.colcon_core.package_identification:_identify(.) by extensions ['cmake', 'python']
[0.238s] Level 1:colcon.colcon_core.package_identification:_identify(.) by extension 'cmake'
[0.238s] Level 1:colcon.colcon_core.package_identification:_identify(.) by extension 'python'
[0.238s] Level 1:colcon.colcon_core.package_identification:_identify(.) by extensions ['python_setup_py']
[0.239s] Level 1:colcon.colcon_core.package_identification:_identify(.) by extension 'python_setup_py'
[0.239s] Level 1:colcon.colcon_core.package_identification:_identify(build) by extensions ['ignore', 'ignore_ament_install']
[0.239s] Level 1:colcon.colcon_core.package_identification:_identify(build) by extension 'ignore'
[0.239s] Level 1:colcon.colcon_core.package_identification:_identify(build) ignored
[0.239s] Level 1:colcon.colcon_core.package_identification:_identify(install) by extensions ['ignore', 'ignore_ament_install']
[0.239s] Level 1:colcon.colcon_core.package_identification:_identify(install) by extension 'ignore'
[0.239s] Level 1:colcon.colcon_core.package_identification:_identify(install) ignored
[0.239s] Level 1:colcon.colcon_core.package_identification:_identify(log) by extensions ['ignore', 'ignore_ament_install']
[0.239s] Level 1:colcon.colcon_core.package_identification:_identify(log) by extension 'ignore'
[0.239s] Level 1:colcon.colcon_core.package_identification:_identify(log) ignored
[0.240s] Level 1:colcon.colcon_core.package_identification:_identify(src) by extensions ['ignore', 'ignore_ament_install']
[0.240s] Level 1:colcon.colcon_core.package_identification:_identify(src) by extension 'ignore'
[0.240s] Level 1:colcon.colcon_core.package_identification:_identify(src) by extension 'ignore_ament_install'
[0.240s] Level 1:colcon.colcon_core.package_identification:_identify(src) by extensions ['colcon_pkg']
[0.240s] Level 1:colcon.colcon_core.package_identification:_identify(src) by extension 'colcon_pkg'
[0.240s] Level 1:colcon.colcon_core.package_identification:_identify(src) by extensions ['colcon_meta']
[0.240s] Level 1:colcon.colcon_core.package_identification:_identify(src) by extension 'colcon_meta'
[0.240s] Level 1:colcon.colcon_core.package_identification:_identify(src) by extensions ['ros']
[0.240s] Level 1:colcon.colcon_core.package_identification:_identify(src) by extension 'ros'
[0.240s] Level 1:colcon.colcon_core.package_identification:_identify(src) by extensions ['cmake', 'python']
[0.240s] Level 1:colcon.colcon_core.package_identification:_identify(src) by extension 'cmake'
[0.240s] Level 1:colcon.colcon_core.package_identification:_identify(src) by extension 'python'
[0.240s] Level 1:colcon.colcon_core.package_identification:_identify(src) by extensions ['python_setup_py']
[0.240s] Level 1:colcon.colcon_core.package_identification:_identify(src) by extension 'python_setup_py'
[0.240s] Level 1:colcon.colcon_core.package_identification:_identify(src/ecat_ros2_workshop) by extensions ['ignore', 'ignore_ament_install']
[0.240s] Level 1:colcon.colcon_core.package_identification:_identify(src/ecat_ros2_workshop) by extension 'ignore'
[0.240s] Level 1:colcon.colcon_core.package_identification:_identify(src/ecat_ros2_workshop) by extension 'ignore_ament_install'
[0.240s] Level 1:colcon.colcon_core.package_identification:_identify(src/ecat_ros2_workshop) by extensions ['colcon_pkg']
[0.240s] Level 1:colcon.colcon_core.package_identification:_identify(src/ecat_ros2_workshop) by extension 'colcon_pkg'
[0.241s] Level 1:colcon.colcon_core.package_identification:_identify(src/ecat_ros2_workshop) by extensions ['colcon_meta']
[0.241s] Level 1:colcon.colcon_core.package_identification:_identify(src/ecat_ros2_workshop) by extension 'colcon_meta'
[0.241s] Level 1:colcon.colcon_core.package_identification:_identify(src/ecat_ros2_workshop) by extensions ['ros']
[0.241s] Level 1:colcon.colcon_core.package_identification:_identify(src/ecat_ros2_workshop) by extension 'ros'
[0.241s] Level 1:colcon.colcon_core.package_identification:_identify(src/ecat_ros2_workshop) by extensions ['cmake', 'python']
[0.241s] Level 1:colcon.colcon_core.package_identification:_identify(src/ecat_ros2_workshop) by extension 'cmake'
[0.241s] Level 1:colcon.colcon_core.package_identification:_identify(src/ecat_ros2_workshop) by extension 'python'
[0.241s] Level 1:colcon.colcon_core.package_identification:_identify(src/ecat_ros2_workshop) by extensions ['python_setup_py']
[0.241s] Level 1:colcon.colcon_core.package_identification:_identify(src/ecat_ros2_workshop) by extension 'python_setup_py'
[0.241s] Level 1:colcon.colcon_core.package_identification:_identify(src/ecat_ros2_workshop/docs) by extensions ['ignore', 'ignore_ament_install']
[0.241s] Level 1:colcon.colcon_core.package_identification:_identify(src/ecat_ros2_workshop/docs) by extension 'ignore'
[0.241s] Level 1:colcon.colcon_core.package_identification:_identify(src/ecat_ros2_workshop/docs) by extension 'ignore_ament_install'
[0.241s] Level 1:colcon.colcon_core.package_identification:_identify(src/ecat_ros2_workshop/docs) by extensions ['colcon_pkg']
[0.241s] Level 1:colcon.colcon_core.package_identification:_identify(src/ecat_ros2_workshop/docs) by extension 'colcon_pkg'
[0.241s] Level 1:colcon.colcon_core.package_identification:_identify(src/ecat_ros2_workshop/docs) by extensions ['colcon_meta']
[0.241s] Level 1:colcon.colcon_core.package_identification:_identify(src/ecat_ros2_workshop/docs) by extension 'colcon_meta'
[0.241s] Level 1:colcon.colcon_core.package_identification:_identify(src/ecat_ros2_workshop/docs) by extensions ['ros']
[0.241s] Level 1:colcon.colcon_core.package_identification:_identify(src/ecat_ros2_workshop/docs) by extension 'ros'
[0.241s] Level 1:colcon.colcon_core.package_identification:_identify(src/ecat_ros2_workshop/docs) by extensions ['cmake', 'python']
[0.241s] Level 1:colcon.colcon_core.package_identification:_identify(src/ecat_ros2_workshop/docs) by extension 'cmake'
[0.242s] Level 1:colcon.colcon_core.package_identification:_identify(src/ecat_ros2_workshop/docs) by extension 'python'
[0.242s] Level 1:colcon.colcon_core.package_identification:_identify(src/ecat_ros2_workshop/docs) by extensions ['python_setup_py']
[0.242s] Level 1:colcon.colcon_core.package_identification:_identify(src/ecat_ros2_workshop/docs) by extension 'python_setup_py'
[0.242s] Level 1:colcon.colcon_core.package_identification:_identify(src/ecat_ros2_workshop/docs/about) by extensions ['ignore', 'ignore_ament_install']
[0.242s] Level 1:colcon.colcon_core.package_identification:_identify(src/ecat_ros2_workshop/docs/about) by extension 'ignore'
[0.242s] Level 1:colcon.colcon_core.package_identification:_identify(src/ecat_ros2_workshop/docs/about) by extension 'ignore_ament_install'
[0.242s] Level 1:colcon.colcon_core.package_identification:_identify(src/ecat_ros2_workshop/docs/about) by extensions ['colcon_pkg']
[0.242s] Level 1:colcon.colcon_core.package_identification:_identify(src/ecat_ros2_workshop/docs/about) by extension 'colcon_pkg'
[0.242s] Level 1:colcon.colcon_core.package_identification:_identify(src/ecat_ros2_workshop/docs/about) by extensions ['colcon_meta']
[0.242s] Level 1:colcon.colcon_core.package_identification:_identify(src/ecat_ros2_workshop/docs/about) by extension 'colcon_meta'
[0.242s] Level 1:colcon.colcon_core.package_identification:_identify(src/ecat_ros2_workshop/docs/about) by extensions ['ros']
[0.242s] Level 1:colcon.colcon_core.package_identification:_identify(src/ecat_ros2_workshop/docs/about) by extension 'ros'
[0.242s] Level 1:colcon.colcon_core.package_identification:_identify(src/ecat_ros2_workshop/docs/about) by extensions ['cmake', 'python']
[0.242s] Level 1:colcon.colcon_core.package_identification:_identify(src/ecat_ros2_workshop/docs/about) by extension 'cmake'
[0.242s] Level 1:colcon.colcon_core.package_identification:_identify(src/ecat_ros2_workshop/docs/about) by extension 'python'
[0.242s] Level 1:colcon.colcon_core.package_identification:_identify(src/ecat_ros2_workshop/docs/about) by extensions ['python_setup_py']
[0.242s] Level 1:colcon.colcon_core.package_identification:_identify(src/ecat_ros2_workshop/docs/about) by extension 'python_setup_py'
[0.242s] Level 1:colcon.colcon_core.package_identification:_identify(src/ecat_ros2_workshop/docs/getting-started) by extensions ['ignore', 'ignore_ament_install']
[0.242s] Level 1:colcon.colcon_core.package_identification:_identify(src/ecat_ros2_workshop/docs/getting-started) by extension 'ignore'
[0.243s] Level 1:colcon.colcon_core.package_identification:_identify(src/ecat_ros2_workshop/docs/getting-started) by extension 'ignore_ament_install'
[0.243s] Level 1:colcon.colcon_core.package_identification:_identify(src/ecat_ros2_workshop/docs/getting-started) by extensions ['colcon_pkg']
[0.243s] Level 1:colcon.colcon_core.package_identification:_identify(src/ecat_ros2_workshop/docs/getting-started) by extension 'colcon_pkg'
[0.243s] Level 1:colcon.colcon_core.package_identification:_identify(src/ecat_ros2_workshop/docs/getting-started) by extensions ['colcon_meta']
[0.243s] Level 1:colcon.colcon_core.package_identification:_identify(src/ecat_ros2_workshop/docs/getting-started) by extension 'colcon_meta'
[0.243s] Level 1:colcon.colcon_core.package_identification:_identify(src/ecat_ros2_workshop/docs/getting-started) by extensions ['ros']
[0.243s] Level 1:colcon.colcon_core.package_identification:_identify(src/ecat_ros2_workshop/docs/getting-started) by extension 'ros'
[0.243s] Level 1:colcon.colcon_core.package_identification:_identify(src/ecat_ros2_workshop/docs/getting-started) by extensions ['cmake', 'python']
[0.243s] Level 1:colcon.colcon_core.package_identification:_identify(src/ecat_ros2_workshop/docs/getting-started) by extension 'cmake'
[0.243s] Level 1:colcon.colcon_core.package_identification:_identify(src/ecat_ros2_workshop/docs/getting-started) by extension 'python'
[0.243s] Level 1:colcon.colcon_core.package_identification:_identify(src/ecat_ros2_workshop/docs/getting-started) by extensions ['python_setup_py']
[0.243s] Level 1:colcon.colcon_core.package_identification:_identify(src/ecat_ros2_workshop/docs/getting-started) by extension 'python_setup_py'
[0.243s] Level 1:colcon.colcon_core.package_identification:_identify(src/ecat_ros2_workshop/docs/images) by extensions ['ignore', 'ignore_ament_install']
[0.243s] Level 1:colcon.colcon_core.package_identification:_identify(src/ecat_ros2_workshop/docs/images) by extension 'ignore'
[0.243s] Level 1:colcon.colcon_core.package_identification:_identify(src/ecat_ros2_workshop/docs/images) by extension 'ignore_ament_install'
[0.243s] Level 1:colcon.colcon_core.package_identification:_identify(src/ecat_ros2_workshop/docs/images) by extensions ['colcon_pkg']
[0.243s] Level 1:colcon.colcon_core.package_identification:_identify(src/ecat_ros2_workshop/docs/images) by extension 'colcon_pkg'
[0.243s] Level 1:colcon.colcon_core.package_identification:_identify(src/ecat_ros2_workshop/docs/images) by extensions ['colcon_meta']
[0.243s] Level 1:colcon.colcon_core.package_identification:_identify(src/ecat_ros2_workshop/docs/images) by extension 'colcon_meta'
[0.243s] Level 1:colcon.colcon_core.package_identification:_identify(src/ecat_ros2_workshop/docs/images) by extensions ['ros']
[0.243s] Level 1:colcon.colcon_core.package_identification:_identify(src/ecat_ros2_workshop/docs/images) by extension 'ros'
[0.244s] Level 1:colcon.colcon_core.package_identification:_identify(src/ecat_ros2_workshop/docs/images) by extensions ['cmake', 'python']
[0.244s] Level 1:colcon.colcon_core.package_identification:_identify(src/ecat_ros2_workshop/docs/images) by extension 'cmake'
[0.244s] Level 1:colcon.colcon_core.package_identification:_identify(src/ecat_ros2_workshop/docs/images) by extension 'python'
[0.244s] Level 1:colcon.colcon_core.package_identification:_identify(src/ecat_ros2_workshop/docs/images) by extensions ['python_setup_py']
[0.244s] Level 1:colcon.colcon_core.package_identification:_identify(src/ecat_ros2_workshop/docs/images) by extension 'python_setup_py'
[0.244s] Level 1:colcon.colcon_core.package_identification:_identify(src/ecat_ros2_workshop/docs/tutorials) by extensions ['ignore', 'ignore_ament_install']
[0.244s] Level 1:colcon.colcon_core.package_identification:_identify(src/ecat_ros2_workshop/docs/tutorials) by extension 'ignore'
[0.244s] Level 1:colcon.colcon_core.package_identification:_identify(src/ecat_ros2_workshop/docs/tutorials) by extension 'ignore_ament_install'
[0.244s] Level 1:colcon.colcon_core.package_identification:_identify(src/ecat_ros2_workshop/docs/tutorials) by extensions ['colcon_pkg']
[0.244s] Level 1:colcon.colcon_core.package_identification:_identify(src/ecat_ros2_workshop/docs/tutorials) by extension 'colcon_pkg'
[0.244s] Level 1:colcon.colcon_core.package_identification:_identify(src/ecat_ros2_workshop/docs/tutorials) by extensions ['colcon_meta']
[0.244s] Level 1:colcon.colcon_core.package_identification:_identify(src/ecat_ros2_workshop/docs/tutorials) by extension 'colcon_meta'
[0.244s] Level 1:colcon.colcon_core.package_identification:_identify(src/ecat_ros2_workshop/docs/tutorials) by extensions ['ros']
[0.244s] Level 1:colcon.colcon_core.package_identification:_identify(src/ecat_ros2_workshop/docs/tutorials) by extension 'ros'
[0.244s] Level 1:colcon.colcon_core.package_identification:_identify(src/ecat_ros2_workshop/docs/tutorials) by extensions ['cmake', 'python']
[0.244s] Level 1:colcon.colcon_core.package_identification:_identify(src/ecat_ros2_workshop/docs/tutorials) by extension 'cmake'
[0.244s] Level 1:colcon.colcon_core.package_identification:_identify(src/ecat_ros2_workshop/docs/tutorials) by extension 'python'
[0.244s] Level 1:colcon.colcon_core.package_identification:_identify(src/ecat_ros2_workshop/docs/tutorials) by extensions ['python_setup_py']
[0.244s] Level 1:colcon.colcon_core.package_identification:_identify(src/ecat_ros2_workshop/docs/tutorials) by extension 'python_setup_py'
[0.245s] Level 1:colcon.colcon_core.package_identification:_identify(src/ecat_ros2_workshop/resources) by extensions ['ignore', 'ignore_ament_install']
[0.245s] Level 1:colcon.colcon_core.package_identification:_identify(src/ecat_ros2_workshop/resources) by extension 'ignore'
[0.245s] Level 1:colcon.colcon_core.package_identification:_identify(src/ecat_ros2_workshop/resources) by extension 'ignore_ament_install'
[0.245s] Level 1:colcon.colcon_core.package_identification:_identify(src/ecat_ros2_workshop/resources) by extensions ['colcon_pkg']
[0.245s] Level 1:colcon.colcon_core.package_identification:_identify(src/ecat_ros2_workshop/resources) by extension 'colcon_pkg'
[0.245s] Level 1:colcon.colcon_core.package_identification:_identify(src/ecat_ros2_workshop/resources) by extensions ['colcon_meta']
[0.245s] Level 1:colcon.colcon_core.package_identification:_identify(src/ecat_ros2_workshop/resources) by extension 'colcon_meta'
[0.245s] Level 1:colcon.colcon_core.package_identification:_identify(src/ecat_ros2_workshop/resources) by extensions ['ros']
[0.245s] Level 1:colcon.colcon_core.package_identification:_identify(src/ecat_ros2_workshop/resources) by extension 'ros'
[0.245s] Level 1:colcon.colcon_core.package_identification:_identify(src/ecat_ros2_workshop/resources) by extensions ['cmake', 'python']
[0.245s] Level 1:colcon.colcon_core.package_identification:_identify(src/ecat_ros2_workshop/resources) by extension 'cmake'
[0.245s] Level 1:colcon.colcon_core.package_identification:_identify(src/ecat_ros2_workshop/resources) by extension 'python'
[0.245s] Level 1:colcon.colcon_core.package_identification:_identify(src/ecat_ros2_workshop/resources) by extensions ['python_setup_py']
[0.245s] Level 1:colcon.colcon_core.package_identification:_identify(src/ecat_ros2_workshop/resources) by extension 'python_setup_py'
[0.245s] Level 1:colcon.colcon_core.package_identification:_identify(src/ecat_ros2_workshop/scara_bringup) by extensions ['ignore', 'ignore_ament_install']
[0.245s] Level 1:colcon.colcon_core.package_identification:_identify(src/ecat_ros2_workshop/scara_bringup) by extension 'ignore'
[0.245s] Level 1:colcon.colcon_core.package_identification:_identify(src/ecat_ros2_workshop/scara_bringup) by extension 'ignore_ament_install'
[0.245s] Level 1:colcon.colcon_core.package_identification:_identify(src/ecat_ros2_workshop/scara_bringup) by extensions ['colcon_pkg']
[0.245s] Level 1:colcon.colcon_core.package_identification:_identify(src/ecat_ros2_workshop/scara_bringup) by extension 'colcon_pkg'
[0.245s] Level 1:colcon.colcon_core.package_identification:_identify(src/ecat_ros2_workshop/scara_bringup) by extensions ['colcon_meta']
[0.246s] Level 1:colcon.colcon_core.package_identification:_identify(src/ecat_ros2_workshop/scara_bringup) by extension 'colcon_meta'
[0.246s] Level 1:colcon.colcon_core.package_identification:_identify(src/ecat_ros2_workshop/scara_bringup) by extensions ['ros']
[0.246s] Level 1:colcon.colcon_core.package_identification:_identify(src/ecat_ros2_workshop/scara_bringup) by extension 'ros'
[0.251s] DEBUG:colcon.colcon_core.package_identification:Package 'src/ecat_ros2_workshop/scara_bringup' with type 'ros.ament_cmake' and name 'scara_bringup'
[0.251s] Level 1:colcon.colcon_core.package_identification:_identify(src/ecat_ros2_workshop/scara_controllers) by extensions ['ignore', 'ignore_ament_install']
[0.251s] Level 1:colcon.colcon_core.package_identification:_identify(src/ecat_ros2_workshop/scara_controllers) by extension 'ignore'
[0.251s] Level 1:colcon.colcon_core.package_identification:_identify(src/ecat_ros2_workshop/scara_controllers) by extension 'ignore_ament_install'
[0.251s] Level 1:colcon.colcon_core.package_identification:_identify(src/ecat_ros2_workshop/scara_controllers) by extensions ['colcon_pkg']
[0.251s] Level 1:colcon.colcon_core.package_identification:_identify(src/ecat_ros2_workshop/scara_controllers) by extension 'colcon_pkg'
[0.251s] Level 1:colcon.colcon_core.package_identification:_identify(src/ecat_ros2_workshop/scara_controllers) by extensions ['colcon_meta']
[0.251s] Level 1:colcon.colcon_core.package_identification:_identify(src/ecat_ros2_workshop/scara_controllers) by extension 'colcon_meta'
[0.251s] Level 1:colcon.colcon_core.package_identification:_identify(src/ecat_ros2_workshop/scara_controllers) by extensions ['ros']
[0.251s] Level 1:colcon.colcon_core.package_identification:_identify(src/ecat_ros2_workshop/scara_controllers) by extension 'ros'
[0.251s] Level 1:colcon.colcon_core.package_identification:_identify(src/ecat_ros2_workshop/scara_controllers) by extensions ['cmake', 'python']
[0.252s] Level 1:colcon.colcon_core.package_identification:_identify(src/ecat_ros2_workshop/scara_controllers) by extension 'cmake'
[0.252s] Level 1:colcon.colcon_core.package_identification:_identify(src/ecat_ros2_workshop/scara_controllers) by extension 'python'
[0.252s] Level 1:colcon.colcon_core.package_identification:_identify(src/ecat_ros2_workshop/scara_controllers) by extensions ['python_setup_py']
[0.252s] Level 1:colcon.colcon_core.package_identification:_identify(src/ecat_ros2_workshop/scara_controllers) by extension 'python_setup_py'
[0.252s] Level 1:colcon.colcon_core.package_identification:_identify(src/ecat_ros2_workshop/scara_controllers/scara_joint_velocity_controller) by extensions ['ignore', 'ignore_ament_install']
[0.252s] Level 1:colcon.colcon_core.package_identification:_identify(src/ecat_ros2_workshop/scara_controllers/scara_joint_velocity_controller) by extension 'ignore'
[0.252s] Level 1:colcon.colcon_core.package_identification:_identify(src/ecat_ros2_workshop/scara_controllers/scara_joint_velocity_controller) by extension 'ignore_ament_install'
[0.252s] Level 1:colcon.colcon_core.package_identification:_identify(src/ecat_ros2_workshop/scara_controllers/scara_joint_velocity_controller) by extensions ['colcon_pkg']
[0.252s] Level 1:colcon.colcon_core.package_identification:_identify(src/ecat_ros2_workshop/scara_controllers/scara_joint_velocity_controller) by extension 'colcon_pkg'
[0.252s] Level 1:colcon.colcon_core.package_identification:_identify(src/ecat_ros2_workshop/scara_controllers/scara_joint_velocity_controller) by extensions ['colcon_meta']
[0.252s] Level 1:colcon.colcon_core.package_identification:_identify(src/ecat_ros2_workshop/scara_controllers/scara_joint_velocity_controller) by extension 'colcon_meta'
[0.252s] Level 1:colcon.colcon_core.package_identification:_identify(src/ecat_ros2_workshop/scara_controllers/scara_joint_velocity_controller) by extensions ['ros']
[0.252s] Level 1:colcon.colcon_core.package_identification:_identify(src/ecat_ros2_workshop/scara_controllers/scara_joint_velocity_controller) by extension 'ros'
[0.253s] DEBUG:colcon.colcon_core.package_identification:Package 'src/ecat_ros2_workshop/scara_controllers/scara_joint_velocity_controller' with type 'ros.ament_cmake' and name 'scara_joint_velocity_controller'
[0.253s] Level 1:colcon.colcon_core.package_identification:_identify(src/ecat_ros2_workshop/scara_description) by extensions ['ignore', 'ignore_ament_install']
[0.253s] Level 1:colcon.colcon_core.package_identification:_identify(src/ecat_ros2_workshop/scara_description) by extension 'ignore'
[0.253s] Level 1:colcon.colcon_core.package_identification:_identify(src/ecat_ros2_workshop/scara_description) by extension 'ignore_ament_install'
[0.253s] Level 1:colcon.colcon_core.package_identification:_identify(src/ecat_ros2_workshop/scara_description) by extensions ['colcon_pkg']
[0.253s] Level 1:colcon.colcon_core.package_identification:_identify(src/ecat_ros2_workshop/scara_description) by extension 'colcon_pkg'
[0.254s] Level 1:colcon.colcon_core.package_identification:_identify(src/ecat_ros2_workshop/scara_description) by extensions ['colcon_meta']
[0.254s] Level 1:colcon.colcon_core.package_identification:_identify(src/ecat_ros2_workshop/scara_description) by extension 'colcon_meta'
[0.254s] Level 1:colcon.colcon_core.package_identification:_identify(src/ecat_ros2_workshop/scara_description) by extensions ['ros']
[0.254s] Level 1:colcon.colcon_core.package_identification:_identify(src/ecat_ros2_workshop/scara_description) by extension 'ros'
[0.254s] DEBUG:colcon.colcon_core.package_identification:Package 'src/ecat_ros2_workshop/scara_description' with type 'ros.ament_cmake' and name 'scara_description'
[0.254s] Level 1:colcon.colcon_core.package_identification:_identify(src/ecat_ros2_workshop/scara_hardware) by extensions ['ignore', 'ignore_ament_install']
[0.254s] Level 1:colcon.colcon_core.package_identification:_identify(src/ecat_ros2_workshop/scara_hardware) by extension 'ignore'
[0.254s] Level 1:colcon.colcon_core.package_identification:_identify(src/ecat_ros2_workshop/scara_hardware) by extension 'ignore_ament_install'
[0.254s] Level 1:colcon.colcon_core.package_identification:_identify(src/ecat_ros2_workshop/scara_hardware) by extensions ['colcon_pkg']
[0.254s] Level 1:colcon.colcon_core.package_identification:_identify(src/ecat_ros2_workshop/scara_hardware) by extension 'colcon_pkg'
[0.254s] Level 1:colcon.colcon_core.package_identification:_identify(src/ecat_ros2_workshop/scara_hardware) by extensions ['colcon_meta']
[0.255s] Level 1:colcon.colcon_core.package_identification:_identify(src/ecat_ros2_workshop/scara_hardware) by extension 'colcon_meta'
[0.255s] Level 1:colcon.colcon_core.package_identification:_identify(src/ecat_ros2_workshop/scara_hardware) by extensions ['ros']
[0.255s] Level 1:colcon.colcon_core.package_identification:_identify(src/ecat_ros2_workshop/scara_hardware) by extension 'ros'
[0.256s] DEBUG:colcon.colcon_core.package_identification:Package 'src/ecat_ros2_workshop/scara_hardware' with type 'ros.ament_cmake' and name 'scara_hardware'
[0.256s] Level 1:colcon.colcon_core.package_identification:_identify(src/ecat_ros2_workshop/scara_nodes) by extensions ['ignore', 'ignore_ament_install']
[0.256s] Level 1:colcon.colcon_core.package_identification:_identify(src/ecat_ros2_workshop/scara_nodes) by extension 'ignore'
[0.256s] Level 1:colcon.colcon_core.package_identification:_identify(src/ecat_ros2_workshop/scara_nodes) by extension 'ignore_ament_install'
[0.256s] Level 1:colcon.colcon_core.package_identification:_identify(src/ecat_ros2_workshop/scara_nodes) by extensions ['colcon_pkg']
[0.256s] Level 1:colcon.colcon_core.package_identification:_identify(src/ecat_ros2_workshop/scara_nodes) by extension 'colcon_pkg'
[0.256s] Level 1:colcon.colcon_core.package_identification:_identify(src/ecat_ros2_workshop/scara_nodes) by extensions ['colcon_meta']
[0.256s] Level 1:colcon.colcon_core.package_identification:_identify(src/ecat_ros2_workshop/scara_nodes) by extension 'colcon_meta'
[0.256s] Level 1:colcon.colcon_core.package_identification:_identify(src/ecat_ros2_workshop/scara_nodes) by extensions ['ros']
[0.256s] Level 1:colcon.colcon_core.package_identification:_identify(src/ecat_ros2_workshop/scara_nodes) by extension 'ros'
[0.257s] DEBUG:colcon.colcon_core.package_identification:Package 'src/ecat_ros2_workshop/scara_nodes' with type 'ros.ament_cmake' and name 'scara_nodes'
[0.257s] Level 1:colcon.colcon_core.package_discovery:discover_packages(recursive) using defaults
[0.257s] Level 1:colcon.colcon_core.package_discovery:discover_packages(ignore) discover
[0.257s] Level 1:colcon.colcon_core.package_discovery:discover_packages(ignore) using defaults
[0.257s] Level 1:colcon.colcon_core.package_discovery:discover_packages(path) discover
[0.257s] Level 1:colcon.colcon_core.package_discovery:discover_packages(path) using defaults
[0.281s] Level 1:colcon.colcon_core.package_discovery:discover_packages(prefix_path) check parameters
[0.281s] Level 1:colcon.colcon_core.package_discovery:discover_packages(prefix_path) discover
[0.283s] DEBUG:colcon.colcon_installed_package_information.package_discovery:Found 5 installed packages in /home/mpr/info_indus/ros2_ws/install
[0.286s] DEBUG:colcon.colcon_installed_package_information.package_discovery:Found 368 installed packages in /opt/ros/jazzy
[0.287s] Level 1:colcon.colcon_core.package_discovery:discover_packages(prefix_path) using defaults
[0.359s] Level 5:colcon.colcon_core.verb:set package 'scara_bringup' build argument 'cmake_args' from command line to '['-DCMAKE_BUILD_TYPE=Release']'
[0.359s] Level 5:colcon.colcon_core.verb:set package 'scara_bringup' build argument 'cmake_target' from command line to 'None'
[0.359s] Level 5:colcon.colcon_core.verb:set package 'scara_bringup' build argument 'cmake_target_skip_unavailable' from command line to 'False'
[0.359s] Level 5:colcon.colcon_core.verb:set package 'scara_bringup' build argument 'cmake_clean_cache' from command line to 'False'
[0.359s] Level 5:colcon.colcon_core.verb:set package 'scara_bringup' build argument 'cmake_clean_first' from command line to 'False'
[0.359s] Level 5:colcon.colcon_core.verb:set package 'scara_bringup' build argument 'cmake_force_configure' from command line to 'False'
[0.359s] Level 5:colcon.colcon_core.verb:set package 'scara_bringup' build argument 'ament_cmake_args' from command line to 'None'
[0.359s] Level 5:colcon.colcon_core.verb:set package 'scara_bringup' build argument 'catkin_cmake_args' from command line to 'None'
[0.359s] Level 5:colcon.colcon_core.verb:set package 'scara_bringup' build argument 'catkin_skip_building_tests' from command line to 'False'
[0.359s] DEBUG:colcon.colcon_core.verb:Building package 'scara_bringup' with the following arguments: {'ament_cmake_args': None, 'build_base': '/home/mpr/info_indus/ros2_ws/build/scara_bringup', 'catkin_cmake_args': None, 'catkin_skip_building_tests': False, 'cmake_args': ['-DCMAKE_BUILD_TYPE=Release'], 'cmake_clean_cache': False, 'cmake_clean_first': False, 'cmake_force_configure': False, 'cmake_target': None, 'cmake_target_skip_unavailable': False, 'install_base': '/home/mpr/info_indus/ros2_ws/install/scara_bringup', 'merge_install': False, 'path': '/home/mpr/info_indus/ros2_ws/src/ecat_ros2_workshop/scara_bringup', 'symlink_install': True, 'test_result_base': None}
[0.359s] Level 5:colcon.colcon_core.verb:set package 'scara_description' build argument 'cmake_args' from command line to '['-DCMAKE_BUILD_TYPE=Release']'
[0.360s] Level 5:colcon.colcon_core.verb:set package 'scara_description' build argument 'cmake_target' from command line to 'None'
[0.360s] Level 5:colcon.colcon_core.verb:set package 'scara_description' build argument 'cmake_target_skip_unavailable' from command line to 'False'
[0.360s] Level 5:colcon.colcon_core.verb:set package 'scara_description' build argument 'cmake_clean_cache' from command line to 'False'
[0.360s] Level 5:colcon.colcon_core.verb:set package 'scara_description' build argument 'cmake_clean_first' from command line to 'False'
[0.360s] Level 5:colcon.colcon_core.verb:set package 'scara_description' build argument 'cmake_force_configure' from command line to 'False'
[0.360s] Level 5:colcon.colcon_core.verb:set package 'scara_description' build argument 'ament_cmake_args' from command line to 'None'
[0.360s] Level 5:colcon.colcon_core.verb:set package 'scara_description' build argument 'catkin_cmake_args' from command line to 'None'
[0.360s] Level 5:colcon.colcon_core.verb:set package 'scara_description' build argument 'catkin_skip_building_tests' from command line to 'False'
[0.360s] DEBUG:colcon.colcon_core.verb:Building package 'scara_description' with the following arguments: {'ament_cmake_args': None, 'build_base': '/home/mpr/info_indus/ros2_ws/build/scara_description', 'catkin_cmake_args': None, 'catkin_skip_building_tests': False, 'cmake_args': ['-DCMAKE_BUILD_TYPE=Release'], 'cmake_clean_cache': False, 'cmake_clean_first': False, 'cmake_force_configure': False, 'cmake_target': None, 'cmake_target_skip_unavailable': False, 'install_base': '/home/mpr/info_indus/ros2_ws/install/scara_description', 'merge_install': False, 'path': '/home/mpr/info_indus/ros2_ws/src/ecat_ros2_workshop/scara_description', 'symlink_install': True, 'test_result_base': None}
[0.360s] Level 5:colcon.colcon_core.verb:set package 'scara_joint_velocity_controller' build argument 'cmake_args' from command line to '['-DCMAKE_BUILD_TYPE=Release']'
[0.360s] Level 5:colcon.colcon_core.verb:set package 'scara_joint_velocity_controller' build argument 'cmake_target' from command line to 'None'
[0.360s] Level 5:colcon.colcon_core.verb:set package 'scara_joint_velocity_controller' build argument 'cmake_target_skip_unavailable' from command line to 'False'
[0.360s] Level 5:colcon.colcon_core.verb:set package 'scara_joint_velocity_controller' build argument 'cmake_clean_cache' from command line to 'False'
[0.360s] Level 5:colcon.colcon_core.verb:set package 'scara_joint_velocity_controller' build argument 'cmake_clean_first' from command line to 'False'
[0.360s] Level 5:colcon.colcon_core.verb:set package 'scara_joint_velocity_controller' build argument 'cmake_force_configure' from command line to 'False'
[0.360s] Level 5:colcon.colcon_core.verb:set package 'scara_joint_velocity_controller' build argument 'ament_cmake_args' from command line to 'None'
[0.360s] Level 5:colcon.colcon_core.verb:set package 'scara_joint_velocity_controller' build argument 'catkin_cmake_args' from command line to 'None'
[0.360s] Level 5:colcon.colcon_core.verb:set package 'scara_joint_velocity_controller' build argument 'catkin_skip_building_tests' from command line to 'False'
[0.360s] DEBUG:colcon.colcon_core.verb:Building package 'scara_joint_velocity_controller' with the following arguments: {'ament_cmake_args': None, 'build_base': '/home/mpr/info_indus/ros2_ws/build/scara_joint_velocity_controller', 'catkin_cmake_args': None, 'catkin_skip_building_tests': False, 'cmake_args': ['-DCMAKE_BUILD_TYPE=Release'], 'cmake_clean_cache': False, 'cmake_clean_first': False, 'cmake_force_configure': False, 'cmake_target': None, 'cmake_target_skip_unavailable': False, 'install_base': '/home/mpr/info_indus/ros2_ws/install/scara_joint_velocity_controller', 'merge_install': False, 'path': '/home/mpr/info_indus/ros2_ws/src/ecat_ros2_workshop/scara_controllers/scara_joint_velocity_controller', 'symlink_install': True, 'test_result_base': None}
[0.361s] Level 5:colcon.colcon_core.verb:set package 'scara_nodes' build argument 'cmake_args' from command line to '['-DCMAKE_BUILD_TYPE=Release']'
[0.361s] Level 5:colcon.colcon_core.verb:set package 'scara_nodes' build argument 'cmake_target' from command line to 'None'
[0.361s] Level 5:colcon.colcon_core.verb:set package 'scara_nodes' build argument 'cmake_target_skip_unavailable' from command line to 'False'
[0.361s] Level 5:colcon.colcon_core.verb:set package 'scara_nodes' build argument 'cmake_clean_cache' from command line to 'False'
[0.361s] Level 5:colcon.colcon_core.verb:set package 'scara_nodes' build argument 'cmake_clean_first' from command line to 'False'
[0.361s] Level 5:colcon.colcon_core.verb:set package 'scara_nodes' build argument 'cmake_force_configure' from command line to 'False'
[0.361s] Level 5:colcon.colcon_core.verb:set package 'scara_nodes' build argument 'ament_cmake_args' from command line to 'None'
[0.361s] Level 5:colcon.colcon_core.verb:set package 'scara_nodes' build argument 'catkin_cmake_args' from command line to 'None'
[0.361s] Level 5:colcon.colcon_core.verb:set package 'scara_nodes' build argument 'catkin_skip_building_tests' from command line to 'False'
[0.361s] DEBUG:colcon.colcon_core.verb:Building package 'scara_nodes' with the following arguments: {'ament_cmake_args': None, 'build_base': '/home/mpr/info_indus/ros2_ws/build/scara_nodes', 'catkin_cmake_args': None, 'catkin_skip_building_tests': False, 'cmake_args': ['-DCMAKE_BUILD_TYPE=Release'], 'cmake_clean_cache': False, 'cmake_clean_first': False, 'cmake_force_configure': False, 'cmake_target': None, 'cmake_target_skip_unavailable': False, 'install_base': '/home/mpr/info_indus/ros2_ws/install/scara_nodes', 'merge_install': False, 'path': '/home/mpr/info_indus/ros2_ws/src/ecat_ros2_workshop/scara_nodes', 'symlink_install': True, 'test_result_base': None}
[0.361s] Level 5:colcon.colcon_core.verb:set package 'scara_hardware' build argument 'cmake_args' from command line to '['-DCMAKE_BUILD_TYPE=Release']'
[0.361s] Level 5:colcon.colcon_core.verb:set package 'scara_hardware' build argument 'cmake_target' from command line to 'None'
[0.361s] Level 5:colcon.colcon_core.verb:set package 'scara_hardware' build argument 'cmake_target_skip_unavailable' from command line to 'False'
[0.361s] Level 5:colcon.colcon_core.verb:set package 'scara_hardware' build argument 'cmake_clean_cache' from command line to 'False'
[0.361s] Level 5:colcon.colcon_core.verb:set package 'scara_hardware' build argument 'cmake_clean_first' from command line to 'False'
[0.361s] Level 5:colcon.colcon_core.verb:set package 'scara_hardware' build argument 'cmake_force_configure' from command line to 'False'
[0.361s] Level 5:colcon.colcon_core.verb:set package 'scara_hardware' build argument 'ament_cmake_args' from command line to 'None'
[0.361s] Level 5:colcon.colcon_core.verb:set package 'scara_hardware' build argument 'catkin_cmake_args' from command line to 'None'
[0.361s] Level 5:colcon.colcon_core.verb:set package 'scara_hardware' build argument 'catkin_skip_building_tests' from command line to 'False'
[0.361s] DEBUG:colcon.colcon_core.verb:Building package 'scara_hardware' with the following arguments: {'ament_cmake_args': None, 'build_base': '/home/mpr/info_indus/ros2_ws/build/scara_hardware', 'catkin_cmake_args': None, 'catkin_skip_building_tests': False, 'cmake_args': ['-DCMAKE_BUILD_TYPE=Release'], 'cmake_clean_cache': False, 'cmake_clean_first': False, 'cmake_force_configure': False, 'cmake_target': None, 'cmake_target_skip_unavailable': False, 'install_base': '/home/mpr/info_indus/ros2_ws/install/scara_hardware', 'merge_install': False, 'path': '/home/mpr/info_indus/ros2_ws/src/ecat_ros2_workshop/scara_hardware', 'symlink_install': True, 'test_result_base': None}
[0.362s] INFO:colcon.colcon_core.executor:Executing jobs using 'parallel' executor
[0.363s] DEBUG:colcon.colcon_parallel_executor.executor.parallel:run_until_complete
[0.364s] INFO:colcon.colcon_ros.task.ament_cmake.build:Building ROS package in '/home/mpr/info_indus/ros2_ws/src/ecat_ros2_workshop/scara_description' with build type 'ament_cmake'
[0.364s] INFO:colcon.colcon_cmake.task.cmake.build:Building CMake package in '/home/mpr/info_indus/ros2_ws/src/ecat_ros2_workshop/scara_description'
[0.369s] INFO:colcon.colcon_core.plugin_system:Skipping extension 'colcon_core.shell.bat': Not used on non-Windows systems
[0.369s] INFO:colcon.colcon_core.shell:Skip shell extension 'powershell' for command environment: Not usable outside of PowerShell
[0.369s] DEBUG:colcon.colcon_core.shell:Skip shell extension 'dsv' for command environment
[0.377s] INFO:colcon.colcon_ros.task.ament_cmake.build:Building ROS package in '/home/mpr/info_indus/ros2_ws/src/ecat_ros2_workshop/scara_bringup' with build type 'ament_cmake'
[0.377s] INFO:colcon.colcon_cmake.task.cmake.build:Building CMake package in '/home/mpr/info_indus/ros2_ws/src/ecat_ros2_workshop/scara_bringup'
[0.377s] INFO:colcon.colcon_core.shell:Skip shell extension 'powershell' for command environment: Not usable outside of PowerShell
[0.377s] DEBUG:colcon.colcon_core.shell:Skip shell extension 'dsv' for command environment
[0.383s] INFO:colcon.colcon_ros.task.ament_cmake.build:Building ROS package in '/home/mpr/info_indus/ros2_ws/src/ecat_ros2_workshop/scara_controllers/scara_joint_velocity_controller' with build type 'ament_cmake'
[0.383s] INFO:colcon.colcon_cmake.task.cmake.build:Building CMake package in '/home/mpr/info_indus/ros2_ws/src/ecat_ros2_workshop/scara_controllers/scara_joint_velocity_controller'
[0.383s] INFO:colcon.colcon_core.shell:Skip shell extension 'powershell' for command environment: Not usable outside of PowerShell
[0.383s] DEBUG:colcon.colcon_core.shell:Skip shell extension 'dsv' for command environment
[0.388s] INFO:colcon.colcon_ros.task.ament_cmake.build:Building ROS package in '/home/mpr/info_indus/ros2_ws/src/ecat_ros2_workshop/scara_nodes' with build type 'ament_cmake'
[0.389s] INFO:colcon.colcon_cmake.task.cmake.build:Building CMake package in '/home/mpr/info_indus/ros2_ws/src/ecat_ros2_workshop/scara_nodes'
[0.389s] INFO:colcon.colcon_core.shell:Skip shell extension 'powershell' for command environment: Not usable outside of PowerShell
[0.389s] DEBUG:colcon.colcon_core.shell:Skip shell extension 'dsv' for command environment
[0.404s] DEBUG:colcon.colcon_core.event_handler.log_command:Invoking command in '/home/mpr/info_indus/ros2_ws/build/scara_description': CMAKE_PREFIX_PATH=${CMAKE_PREFIX_PATH}:/opt/ros/jazzy DEBUGINFOD_URLS=https://debuginfod.ubuntu.com /usr/bin/cmake --build /home/mpr/info_indus/ros2_ws/build/scara_description -- -j4 -l4
[0.409s] DEBUG:colcon.colcon_core.event_handler.log_command:Invoking command in '/home/mpr/info_indus/ros2_ws/build/scara_bringup': CMAKE_PREFIX_PATH=${CMAKE_PREFIX_PATH}:/opt/ros/jazzy DEBUGINFOD_URLS=https://debuginfod.ubuntu.com /usr/bin/cmake --build /home/mpr/info_indus/ros2_ws/build/scara_bringup -- -j4 -l4
[0.412s] DEBUG:colcon.colcon_core.event_handler.log_command:Invoking command in '/home/mpr/info_indus/ros2_ws/build/scara_joint_velocity_controller': CMAKE_PREFIX_PATH=${CMAKE_PREFIX_PATH}:/opt/ros/jazzy DEBUGINFOD_URLS=https://debuginfod.ubuntu.com /usr/bin/cmake --build /home/mpr/info_indus/ros2_ws/build/scara_joint_velocity_controller -- -j4 -l4
[0.431s] DEBUG:colcon.colcon_core.event_handler.log_command:Invoking command in '/home/mpr/info_indus/ros2_ws/build/scara_nodes': CMAKE_PREFIX_PATH=${CMAKE_PREFIX_PATH}:/opt/ros/jazzy DEBUGINFOD_URLS=https://debuginfod.ubuntu.com /usr/bin/cmake --build /home/mpr/info_indus/ros2_ws/build/scara_nodes -- -j4 -l4
[0.508s] DEBUG:colcon.colcon_core.event_handler.log_command:Invoked command in '/home/mpr/info_indus/ros2_ws/build/scara_description' returned '0': CMAKE_PREFIX_PATH=${CMAKE_PREFIX_PATH}:/opt/ros/jazzy DEBUGINFOD_URLS=https://debuginfod.ubuntu.com /usr/bin/cmake --build /home/mpr/info_indus/ros2_ws/build/scara_description -- -j4 -l4
[0.529s] DEBUG:colcon.colcon_core.event_handler.log_command:Invoking command in '/home/mpr/info_indus/ros2_ws/build/scara_description': CMAKE_PREFIX_PATH=${CMAKE_PREFIX_PATH}:/opt/ros/jazzy DEBUGINFOD_URLS=https://debuginfod.ubuntu.com /usr/bin/cmake --install /home/mpr/info_indus/ros2_ws/build/scara_description
[0.532s] DEBUG:colcon.colcon_core.event_handler.log_command:Invoked command in '/home/mpr/info_indus/ros2_ws/build/scara_bringup' returned '0': CMAKE_PREFIX_PATH=${CMAKE_PREFIX_PATH}:/opt/ros/jazzy DEBUGINFOD_URLS=https://debuginfod.ubuntu.com /usr/bin/cmake --build /home/mpr/info_indus/ros2_ws/build/scara_bringup -- -j4 -l4
[0.534s] DEBUG:colcon.colcon_core.event_handler.log_command:Invoking command in '/home/mpr/info_indus/ros2_ws/build/scara_bringup': CMAKE_PREFIX_PATH=${CMAKE_PREFIX_PATH}:/opt/ros/jazzy DEBUGINFOD_URLS=https://debuginfod.ubuntu.com /usr/bin/cmake --install /home/mpr/info_indus/ros2_ws/build/scara_bringup
[0.536s] DEBUG:colcon.colcon_core.event_handler.log_command:Invoked command in '/home/mpr/info_indus/ros2_ws/build/scara_nodes' returned '0': CMAKE_PREFIX_PATH=${CMAKE_PREFIX_PATH}:/opt/ros/jazzy DEBUGINFOD_URLS=https://debuginfod.ubuntu.com /usr/bin/cmake --build /home/mpr/info_indus/ros2_ws/build/scara_nodes -- -j4 -l4
[0.538s] DEBUG:colcon.colcon_core.event_handler.log_command:Invoking command in '/home/mpr/info_indus/ros2_ws/build/scara_nodes': CMAKE_PREFIX_PATH=${CMAKE_PREFIX_PATH}:/opt/ros/jazzy DEBUGINFOD_URLS=https://debuginfod.ubuntu.com /usr/bin/cmake --install /home/mpr/info_indus/ros2_ws/build/scara_nodes
[0.588s] Level 1:colcon.colcon_core.environment:create_environment_scripts_only(scara_bringup)
[0.589s] DEBUG:colcon.colcon_core.event_handler.log_command:Invoked command in '/home/mpr/info_indus/ros2_ws/build/scara_bringup' returned '0': CMAKE_PREFIX_PATH=${CMAKE_PREFIX_PATH}:/opt/ros/jazzy DEBUGINFOD_URLS=https://debuginfod.ubuntu.com /usr/bin/cmake --install /home/mpr/info_indus/ros2_ws/build/scara_bringup
[0.592s] Level 1:colcon.colcon_core.environment:checking '/home/mpr/info_indus/ros2_ws/install/scara_bringup' for CMake module files
[0.592s] Level 1:colcon.colcon_core.environment:checking '/home/mpr/info_indus/ros2_ws/install/scara_bringup' for CMake config files
[0.593s] Level 1:colcon.colcon_core.shell:create_environment_hook('scara_bringup', 'cmake_prefix_path')
[0.593s] INFO:colcon.colcon_core.shell:Creating environment hook '/home/mpr/info_indus/ros2_ws/install/scara_bringup/share/scara_bringup/hook/cmake_prefix_path.ps1'
[0.594s] INFO:colcon.colcon_core.shell:Creating environment descriptor '/home/mpr/info_indus/ros2_ws/install/scara_bringup/share/scara_bringup/hook/cmake_prefix_path.dsv'
[0.595s] INFO:colcon.colcon_core.shell:Creating environment hook '/home/mpr/info_indus/ros2_ws/install/scara_bringup/share/scara_bringup/hook/cmake_prefix_path.sh'
[0.596s] Level 1:colcon.colcon_core.environment:checking '/home/mpr/info_indus/ros2_ws/install/scara_bringup/bin'
[0.596s] Level 1:colcon.colcon_core.environment:checking '/home/mpr/info_indus/ros2_ws/install/scara_bringup/lib/pkgconfig/scara_bringup.pc'
[0.596s] Level 1:colcon.colcon_core.environment:checking '/home/mpr/info_indus/ros2_ws/install/scara_bringup/lib/python3.12/site-packages'
[0.597s] Level 1:colcon.colcon_core.environment:checking '/home/mpr/info_indus/ros2_ws/install/scara_bringup/bin'
[0.597s] INFO:colcon.colcon_core.shell:Creating package script '/home/mpr/info_indus/ros2_ws/install/scara_bringup/share/scara_bringup/package.ps1'
[0.598s] INFO:colcon.colcon_core.shell:Creating package descriptor '/home/mpr/info_indus/ros2_ws/install/scara_bringup/share/scara_bringup/package.dsv'
[0.599s] INFO:colcon.colcon_core.shell:Creating package script '/home/mpr/info_indus/ros2_ws/install/scara_bringup/share/scara_bringup/package.sh'
[0.599s] INFO:colcon.colcon_core.shell:Creating package script '/home/mpr/info_indus/ros2_ws/install/scara_bringup/share/scara_bringup/package.bash'
[0.600s] INFO:colcon.colcon_core.shell:Creating package script '/home/mpr/info_indus/ros2_ws/install/scara_bringup/share/scara_bringup/package.zsh'
[0.601s] Level 1:colcon.colcon_core.environment:create_file_with_runtime_dependencies(/home/mpr/info_indus/ros2_ws/install/scara_bringup/share/colcon-core/packages/scara_bringup)
[0.602s] Level 1:colcon.colcon_core.environment:create_environment_scripts_only(scara_bringup)
[0.602s] Level 1:colcon.colcon_core.environment:checking '/home/mpr/info_indus/ros2_ws/install/scara_bringup' for CMake module files
[0.603s] Level 1:colcon.colcon_core.environment:checking '/home/mpr/info_indus/ros2_ws/install/scara_bringup' for CMake config files
[0.604s] Level 1:colcon.colcon_core.shell:create_environment_hook('scara_bringup', 'cmake_prefix_path')
[0.604s] INFO:colcon.colcon_core.shell:Creating environment hook '/home/mpr/info_indus/ros2_ws/install/scara_bringup/share/scara_bringup/hook/cmake_prefix_path.ps1'
[0.605s] INFO:colcon.colcon_core.shell:Creating environment descriptor '/home/mpr/info_indus/ros2_ws/install/scara_bringup/share/scara_bringup/hook/cmake_prefix_path.dsv'
[0.605s] INFO:colcon.colcon_core.shell:Creating environment hook '/home/mpr/info_indus/ros2_ws/install/scara_bringup/share/scara_bringup/hook/cmake_prefix_path.sh'
[0.606s] Level 1:colcon.colcon_core.environment:checking '/home/mpr/info_indus/ros2_ws/install/scara_bringup/bin'
[0.606s] Level 1:colcon.colcon_core.environment:checking '/home/mpr/info_indus/ros2_ws/install/scara_bringup/lib/pkgconfig/scara_bringup.pc'
[0.606s] Level 1:colcon.colcon_core.environment:checking '/home/mpr/info_indus/ros2_ws/install/scara_bringup/lib/python3.12/site-packages'
[0.607s] Level 1:colcon.colcon_core.environment:checking '/home/mpr/info_indus/ros2_ws/install/scara_bringup/bin'
[0.607s] INFO:colcon.colcon_core.shell:Creating package script '/home/mpr/info_indus/ros2_ws/install/scara_bringup/share/scara_bringup/package.ps1'
[0.608s] INFO:colcon.colcon_core.shell:Creating package descriptor '/home/mpr/info_indus/ros2_ws/install/scara_bringup/share/scara_bringup/package.dsv'
[0.608s] INFO:colcon.colcon_core.shell:Creating package script '/home/mpr/info_indus/ros2_ws/install/scara_bringup/share/scara_bringup/package.sh'
[0.609s] INFO:colcon.colcon_core.shell:Creating package script '/home/mpr/info_indus/ros2_ws/install/scara_bringup/share/scara_bringup/package.bash'
[0.609s] INFO:colcon.colcon_core.shell:Creating package script '/home/mpr/info_indus/ros2_ws/install/scara_bringup/share/scara_bringup/package.zsh'
[0.610s] Level 1:colcon.colcon_core.environment:create_file_with_runtime_dependencies(/home/mpr/info_indus/ros2_ws/install/scara_bringup/share/colcon-core/packages/scara_bringup)
[0.610s] Level 1:colcon.colcon_core.environment:create_environment_scripts_only(scara_description)
[0.610s] Level 1:colcon.colcon_core.environment:checking '/home/mpr/info_indus/ros2_ws/install/scara_description' for CMake module files
[0.612s] DEBUG:colcon.colcon_core.event_handler.log_command:Invoked command in '/home/mpr/info_indus/ros2_ws/build/scara_description' returned '0': CMAKE_PREFIX_PATH=${CMAKE_PREFIX_PATH}:/opt/ros/jazzy DEBUGINFOD_URLS=https://debuginfod.ubuntu.com /usr/bin/cmake --install /home/mpr/info_indus/ros2_ws/build/scara_description
[0.613s] Level 1:colcon.colcon_core.environment:checking '/home/mpr/info_indus/ros2_ws/install/scara_description' for CMake config files
[0.613s] Level 1:colcon.colcon_core.shell:create_environment_hook('scara_description', 'cmake_prefix_path')
[0.614s] INFO:colcon.colcon_core.shell:Creating environment hook '/home/mpr/info_indus/ros2_ws/install/scara_description/share/scara_description/hook/cmake_prefix_path.ps1'
[0.615s] INFO:colcon.colcon_core.shell:Creating environment descriptor '/home/mpr/info_indus/ros2_ws/install/scara_description/share/scara_description/hook/cmake_prefix_path.dsv'
[0.616s] INFO:colcon.colcon_core.shell:Creating environment hook '/home/mpr/info_indus/ros2_ws/install/scara_description/share/scara_description/hook/cmake_prefix_path.sh'
[0.617s] Level 1:colcon.colcon_core.environment:checking '/home/mpr/info_indus/ros2_ws/install/scara_description/bin'
[0.617s] Level 1:colcon.colcon_core.environment:checking '/home/mpr/info_indus/ros2_ws/install/scara_description/lib/pkgconfig/scara_description.pc'
[0.617s] Level 1:colcon.colcon_core.environment:checking '/home/mpr/info_indus/ros2_ws/install/scara_description/lib/python3.12/site-packages'
[0.618s] Level 1:colcon.colcon_core.environment:checking '/home/mpr/info_indus/ros2_ws/install/scara_description/bin'
[0.618s] INFO:colcon.colcon_core.shell:Creating package script '/home/mpr/info_indus/ros2_ws/install/scara_description/share/scara_description/package.ps1'
[0.619s] INFO:colcon.colcon_core.shell:Creating package descriptor '/home/mpr/info_indus/ros2_ws/install/scara_description/share/scara_description/package.dsv'
[0.619s] INFO:colcon.colcon_core.shell:Creating package script '/home/mpr/info_indus/ros2_ws/install/scara_description/share/scara_description/package.sh'
[0.620s] INFO:colcon.colcon_core.shell:Creating package script '/home/mpr/info_indus/ros2_ws/install/scara_description/share/scara_description/package.bash'
[0.620s] INFO:colcon.colcon_core.shell:Creating package script '/home/mpr/info_indus/ros2_ws/install/scara_description/share/scara_description/package.zsh'
[0.621s] Level 1:colcon.colcon_core.environment:create_file_with_runtime_dependencies(/home/mpr/info_indus/ros2_ws/install/scara_description/share/colcon-core/packages/scara_description)
[0.621s] Level 1:colcon.colcon_core.environment:create_environment_scripts_only(scara_description)
[0.622s] Level 1:colcon.colcon_core.environment:checking '/home/mpr/info_indus/ros2_ws/install/scara_description' for CMake module files
[0.622s] Level 1:colcon.colcon_core.environment:checking '/home/mpr/info_indus/ros2_ws/install/scara_description' for CMake config files
[0.623s] Level 1:colcon.colcon_core.shell:create_environment_hook('scara_description', 'cmake_prefix_path')
[0.623s] INFO:colcon.colcon_core.shell:Creating environment hook '/home/mpr/info_indus/ros2_ws/install/scara_description/share/scara_description/hook/cmake_prefix_path.ps1'
[0.623s] INFO:colcon.colcon_core.shell:Creating environment descriptor '/home/mpr/info_indus/ros2_ws/install/scara_description/share/scara_description/hook/cmake_prefix_path.dsv'
[0.624s] INFO:colcon.colcon_core.shell:Creating environment hook '/home/mpr/info_indus/ros2_ws/install/scara_description/share/scara_description/hook/cmake_prefix_path.sh'
[0.624s] Level 1:colcon.colcon_core.environment:checking '/home/mpr/info_indus/ros2_ws/install/scara_description/bin'
[0.624s] Level 1:colcon.colcon_core.environment:checking '/home/mpr/info_indus/ros2_ws/install/scara_description/lib/pkgconfig/scara_description.pc'
[0.625s] Level 1:colcon.colcon_core.environment:checking '/home/mpr/info_indus/ros2_ws/install/scara_description/lib/python3.12/site-packages'
[0.625s] Level 1:colcon.colcon_core.environment:checking '/home/mpr/info_indus/ros2_ws/install/scara_description/bin'
[0.625s] INFO:colcon.colcon_core.shell:Creating package script '/home/mpr/info_indus/ros2_ws/install/scara_description/share/scara_description/package.ps1'
[0.626s] INFO:colcon.colcon_core.shell:Creating package descriptor '/home/mpr/info_indus/ros2_ws/install/scara_description/share/scara_description/package.dsv'
[0.627s] INFO:colcon.colcon_core.shell:Creating package script '/home/mpr/info_indus/ros2_ws/install/scara_description/share/scara_description/package.sh'
[0.627s] INFO:colcon.colcon_core.shell:Creating package script '/home/mpr/info_indus/ros2_ws/install/scara_description/share/scara_description/package.bash'
[0.627s] INFO:colcon.colcon_core.shell:Creating package script '/home/mpr/info_indus/ros2_ws/install/scara_description/share/scara_description/package.zsh'
[0.628s] Level 1:colcon.colcon_core.environment:create_file_with_runtime_dependencies(/home/mpr/info_indus/ros2_ws/install/scara_description/share/colcon-core/packages/scara_description)
[0.629s] INFO:colcon.colcon_ros.task.ament_cmake.build:Building ROS package in '/home/mpr/info_indus/ros2_ws/src/ecat_ros2_workshop/scara_hardware' with build type 'ament_cmake'
[0.629s] INFO:colcon.colcon_cmake.task.cmake.build:Building CMake package in '/home/mpr/info_indus/ros2_ws/src/ecat_ros2_workshop/scara_hardware'
[0.629s] INFO:colcon.colcon_core.shell:Skip shell extension 'powershell' for command environment: Not usable outside of PowerShell
[0.629s] DEBUG:colcon.colcon_core.shell:Skip shell extension 'dsv' for command environment
[0.637s] DEBUG:colcon.colcon_core.event_handler.log_command:Invoked command in '/home/mpr/info_indus/ros2_ws/build/scara_joint_velocity_controller' returned '0': CMAKE_PREFIX_PATH=${CMAKE_PREFIX_PATH}:/opt/ros/jazzy DEBUGINFOD_URLS=https://debuginfod.ubuntu.com /usr/bin/cmake --build /home/mpr/info_indus/ros2_ws/build/scara_joint_velocity_controller -- -j4 -l4
[0.642s] DEBUG:colcon.colcon_core.event_handler.log_command:Invoking command in '/home/mpr/info_indus/ros2_ws/build/scara_joint_velocity_controller': CMAKE_PREFIX_PATH=${CMAKE_PREFIX_PATH}:/opt/ros/jazzy DEBUGINFOD_URLS=https://debuginfod.ubuntu.com /usr/bin/cmake --install /home/mpr/info_indus/ros2_ws/build/scara_joint_velocity_controller
[0.642s] Level 1:colcon.colcon_core.environment:create_environment_scripts_only(scara_nodes)
[0.643s] Level 1:colcon.colcon_core.environment:checking '/home/mpr/info_indus/ros2_ws/install/scara_nodes' for CMake module files
[0.644s] DEBUG:colcon.colcon_core.event_handler.log_command:Invoked command in '/home/mpr/info_indus/ros2_ws/build/scara_nodes' returned '0': CMAKE_PREFIX_PATH=${CMAKE_PREFIX_PATH}:/opt/ros/jazzy DEBUGINFOD_URLS=https://debuginfod.ubuntu.com /usr/bin/cmake --install /home/mpr/info_indus/ros2_ws/build/scara_nodes
[0.644s] Level 1:colcon.colcon_core.environment:checking '/home/mpr/info_indus/ros2_ws/install/scara_nodes' for CMake config files
[0.645s] Level 1:colcon.colcon_core.shell:create_environment_hook('scara_nodes', 'cmake_prefix_path')
[0.645s] INFO:colcon.colcon_core.shell:Creating environment hook '/home/mpr/info_indus/ros2_ws/install/scara_nodes/share/scara_nodes/hook/cmake_prefix_path.ps1'
[0.646s] INFO:colcon.colcon_core.shell:Creating environment descriptor '/home/mpr/info_indus/ros2_ws/install/scara_nodes/share/scara_nodes/hook/cmake_prefix_path.dsv'
[0.646s] INFO:colcon.colcon_core.shell:Creating environment hook '/home/mpr/info_indus/ros2_ws/install/scara_nodes/share/scara_nodes/hook/cmake_prefix_path.sh'
[0.647s] Level 1:colcon.colcon_core.environment:checking '/home/mpr/info_indus/ros2_ws/install/scara_nodes/lib'
[0.647s] Level 1:colcon.colcon_core.environment:checking '/home/mpr/info_indus/ros2_ws/install/scara_nodes/bin'
[0.647s] Level 1:colcon.colcon_core.environment:checking '/home/mpr/info_indus/ros2_ws/install/scara_nodes/lib/pkgconfig/scara_nodes.pc'
[0.647s] Level 1:colcon.colcon_core.environment:checking '/home/mpr/info_indus/ros2_ws/install/scara_nodes/lib/python3.12/site-packages'
[0.648s] Level 1:colcon.colcon_core.environment:checking '/home/mpr/info_indus/ros2_ws/install/scara_nodes/bin'
[0.648s] INFO:colcon.colcon_core.shell:Creating package script '/home/mpr/info_indus/ros2_ws/install/scara_nodes/share/scara_nodes/package.ps1'
[0.649s] INFO:colcon.colcon_core.shell:Creating package descriptor '/home/mpr/info_indus/ros2_ws/install/scara_nodes/share/scara_nodes/package.dsv'
[0.649s] INFO:colcon.colcon_core.shell:Creating package script '/home/mpr/info_indus/ros2_ws/install/scara_nodes/share/scara_nodes/package.sh'
[0.650s] INFO:colcon.colcon_core.shell:Creating package script '/home/mpr/info_indus/ros2_ws/install/scara_nodes/share/scara_nodes/package.bash'
[0.650s] INFO:colcon.colcon_core.shell:Creating package script '/home/mpr/info_indus/ros2_ws/install/scara_nodes/share/scara_nodes/package.zsh'
[0.651s] Level 1:colcon.colcon_core.environment:create_file_with_runtime_dependencies(/home/mpr/info_indus/ros2_ws/install/scara_nodes/share/colcon-core/packages/scara_nodes)
[0.651s] Level 1:colcon.colcon_core.environment:create_environment_scripts_only(scara_nodes)
[0.652s] Level 1:colcon.colcon_core.environment:checking '/home/mpr/info_indus/ros2_ws/install/scara_nodes' for CMake module files
[0.652s] Level 1:colcon.colcon_core.environment:checking '/home/mpr/info_indus/ros2_ws/install/scara_nodes' for CMake config files
[0.653s] Level 1:colcon.colcon_core.shell:create_environment_hook('scara_nodes', 'cmake_prefix_path')
[0.653s] INFO:colcon.colcon_core.shell:Creating environment hook '/home/mpr/info_indus/ros2_ws/install/scara_nodes/share/scara_nodes/hook/cmake_prefix_path.ps1'
[0.654s] INFO:colcon.colcon_core.shell:Creating environment descriptor '/home/mpr/info_indus/ros2_ws/install/scara_nodes/share/scara_nodes/hook/cmake_prefix_path.dsv'
[0.654s] INFO:colcon.colcon_core.shell:Creating environment hook '/home/mpr/info_indus/ros2_ws/install/scara_nodes/share/scara_nodes/hook/cmake_prefix_path.sh'
[0.655s] Level 1:colcon.colcon_core.environment:checking '/home/mpr/info_indus/ros2_ws/install/scara_nodes/lib'
[0.655s] Level 1:colcon.colcon_core.environment:checking '/home/mpr/info_indus/ros2_ws/install/scara_nodes/bin'
[0.655s] Level 1:colcon.colcon_core.environment:checking '/home/mpr/info_indus/ros2_ws/install/scara_nodes/lib/pkgconfig/scara_nodes.pc'
[0.655s] Level 1:colcon.colcon_core.environment:checking '/home/mpr/info_indus/ros2_ws/install/scara_nodes/lib/python3.12/site-packages'
[0.656s] Level 1:colcon.colcon_core.environment:checking '/home/mpr/info_indus/ros2_ws/install/scara_nodes/bin'
[0.656s] INFO:colcon.colcon_core.shell:Creating package script '/home/mpr/info_indus/ros2_ws/install/scara_nodes/share/scara_nodes/package.ps1'
[0.657s] INFO:colcon.colcon_core.shell:Creating package descriptor '/home/mpr/info_indus/ros2_ws/install/scara_nodes/share/scara_nodes/package.dsv'
[0.657s] INFO:colcon.colcon_core.shell:Creating package script '/home/mpr/info_indus/ros2_ws/install/scara_nodes/share/scara_nodes/package.sh'
[0.658s] INFO:colcon.colcon_core.shell:Creating package script '/home/mpr/info_indus/ros2_ws/install/scara_nodes/share/scara_nodes/package.bash'
[0.658s] INFO:colcon.colcon_core.shell:Creating package script '/home/mpr/info_indus/ros2_ws/install/scara_nodes/share/scara_nodes/package.zsh'
[0.659s] Level 1:colcon.colcon_core.environment:create_file_with_runtime_dependencies(/home/mpr/info_indus/ros2_ws/install/scara_nodes/share/colcon-core/packages/scara_nodes)
[0.671s] DEBUG:colcon.colcon_core.event_handler.log_command:Invoking command in '/home/mpr/info_indus/ros2_ws/build/scara_hardware': CMAKE_PREFIX_PATH=/home/mpr/info_indus/ros2_ws/install/scara_description:/home/mpr/info_indus/ros2_ws/install/scara_nodes:/home/mpr/info_indus/ros2_ws/install/scara_joint_velocity_controller:/home/mpr/info_indus/ros2_ws/install/scara_hardware:/home/mpr/info_indus/ros2_ws/install/scara_bringup:/opt/ros/jazzy/opt/gz_sim_vendor:/opt/ros/jazzy/opt/gz_sensors_vendor:/opt/ros/jazzy/opt/gz_physics_vendor:/opt/ros/jazzy/opt/sdformat_vendor:/opt/ros/jazzy/opt/gz_gui_vendor:/opt/ros/jazzy/opt/gz_transport_vendor:/opt/ros/jazzy/opt/gz_rendering_vendor:/opt/ros/jazzy/opt/gz_plugin_vendor:/opt/ros/jazzy/opt/gz_fuel_tools_vendor:/opt/ros/jazzy/opt/gz_msgs_vendor:/opt/ros/jazzy/opt/gz_common_vendor:/opt/ros/jazzy/opt/gz_math_vendor:/opt/ros/jazzy/opt/gz_utils_vendor:/opt/ros/jazzy/opt/gz_tools_vendor:/opt/ros/jazzy/opt/gz_ogre_next_vendor:/opt/ros/jazzy/opt/gz_dartsim_vendor:/opt/ros/jazzy/opt/gz_cmake_vendor:/opt/ros/jazzy DEBUGINFOD_URLS=https://debuginfod.ubuntu.com /usr/bin/cmake --build /home/mpr/info_indus/ros2_ws/build/scara_hardware -- -j4 -l4
[0.696s] Level 1:colcon.colcon_core.environment:create_environment_scripts_only(scara_joint_velocity_controller)
[0.697s] Level 1:colcon.colcon_core.environment:checking '/home/mpr/info_indus/ros2_ws/install/scara_joint_velocity_controller' for CMake module files
[0.698s] DEBUG:colcon.colcon_core.event_handler.log_command:Invoked command in '/home/mpr/info_indus/ros2_ws/build/scara_joint_velocity_controller' returned '0': CMAKE_PREFIX_PATH=${CMAKE_PREFIX_PATH}:/opt/ros/jazzy DEBUGINFOD_URLS=https://debuginfod.ubuntu.com /usr/bin/cmake --install /home/mpr/info_indus/ros2_ws/build/scara_joint_velocity_controller
[0.698s] Level 1:colcon.colcon_core.environment:checking '/home/mpr/info_indus/ros2_ws/install/scara_joint_velocity_controller' for CMake config files
[0.698s] Level 1:colcon.colcon_core.shell:create_environment_hook('scara_joint_velocity_controller', 'cmake_prefix_path')
[0.699s] INFO:colcon.colcon_core.shell:Creating environment hook '/home/mpr/info_indus/ros2_ws/install/scara_joint_velocity_controller/share/scara_joint_velocity_controller/hook/cmake_prefix_path.ps1'
[0.699s] INFO:colcon.colcon_core.shell:Creating environment descriptor '/home/mpr/info_indus/ros2_ws/install/scara_joint_velocity_controller/share/scara_joint_velocity_controller/hook/cmake_prefix_path.dsv'
[0.700s] INFO:colcon.colcon_core.shell:Creating environment hook '/home/mpr/info_indus/ros2_ws/install/scara_joint_velocity_controller/share/scara_joint_velocity_controller/hook/cmake_prefix_path.sh'
[0.701s] Level 1:colcon.colcon_core.environment:checking '/home/mpr/info_indus/ros2_ws/install/scara_joint_velocity_controller/lib'
[0.701s] Level 1:colcon.colcon_core.shell:create_environment_hook('scara_joint_velocity_controller', 'ld_library_path_lib')
[0.701s] INFO:colcon.colcon_core.shell:Creating environment hook '/home/mpr/info_indus/ros2_ws/install/scara_joint_velocity_controller/share/scara_joint_velocity_controller/hook/ld_library_path_lib.ps1'
[0.701s] INFO:colcon.colcon_core.shell:Creating environment descriptor '/home/mpr/info_indus/ros2_ws/install/scara_joint_velocity_controller/share/scara_joint_velocity_controller/hook/ld_library_path_lib.dsv'
[0.702s] INFO:colcon.colcon_core.shell:Creating environment hook '/home/mpr/info_indus/ros2_ws/install/scara_joint_velocity_controller/share/scara_joint_velocity_controller/hook/ld_library_path_lib.sh'
[0.702s] Level 1:colcon.colcon_core.environment:checking '/home/mpr/info_indus/ros2_ws/install/scara_joint_velocity_controller/bin'
[0.702s] Level 1:colcon.colcon_core.environment:checking '/home/mpr/info_indus/ros2_ws/install/scara_joint_velocity_controller/lib/pkgconfig/scara_joint_velocity_controller.pc'
[0.703s] Level 1:colcon.colcon_core.environment:checking '/home/mpr/info_indus/ros2_ws/install/scara_joint_velocity_controller/lib/python3.12/site-packages'
[0.703s] Level 1:colcon.colcon_core.environment:checking '/home/mpr/info_indus/ros2_ws/install/scara_joint_velocity_controller/bin'
[0.704s] INFO:colcon.colcon_core.shell:Creating package script '/home/mpr/info_indus/ros2_ws/install/scara_joint_velocity_controller/share/scara_joint_velocity_controller/package.ps1'
[0.705s] INFO:colcon.colcon_core.shell:Creating package descriptor '/home/mpr/info_indus/ros2_ws/install/scara_joint_velocity_controller/share/scara_joint_velocity_controller/package.dsv'
[0.705s] INFO:colcon.colcon_core.shell:Creating package script '/home/mpr/info_indus/ros2_ws/install/scara_joint_velocity_controller/share/scara_joint_velocity_controller/package.sh'
[0.706s] INFO:colcon.colcon_core.shell:Creating package script '/home/mpr/info_indus/ros2_ws/install/scara_joint_velocity_controller/share/scara_joint_velocity_controller/package.bash'
[0.706s] INFO:colcon.colcon_core.shell:Creating package script '/home/mpr/info_indus/ros2_ws/install/scara_joint_velocity_controller/share/scara_joint_velocity_controller/package.zsh'
[0.707s] Level 1:colcon.colcon_core.environment:create_file_with_runtime_dependencies(/home/mpr/info_indus/ros2_ws/install/scara_joint_velocity_controller/share/colcon-core/packages/scara_joint_velocity_controller)
[0.707s] Level 1:colcon.colcon_core.environment:create_environment_scripts_only(scara_joint_velocity_controller)
[0.708s] Level 1:colcon.colcon_core.environment:checking '/home/mpr/info_indus/ros2_ws/install/scara_joint_velocity_controller' for CMake module files
[0.708s] Level 1:colcon.colcon_core.environment:checking '/home/mpr/info_indus/ros2_ws/install/scara_joint_velocity_controller' for CMake config files
[0.709s] Level 1:colcon.colcon_core.shell:create_environment_hook('scara_joint_velocity_controller', 'cmake_prefix_path')
[0.709s] INFO:colcon.colcon_core.shell:Creating environment hook '/home/mpr/info_indus/ros2_ws/install/scara_joint_velocity_controller/share/scara_joint_velocity_controller/hook/cmake_prefix_path.ps1'
[0.710s] INFO:colcon.colcon_core.shell:Creating environment descriptor '/home/mpr/info_indus/ros2_ws/install/scara_joint_velocity_controller/share/scara_joint_velocity_controller/hook/cmake_prefix_path.dsv'
[0.710s] INFO:colcon.colcon_core.shell:Creating environment hook '/home/mpr/info_indus/ros2_ws/install/scara_joint_velocity_controller/share/scara_joint_velocity_controller/hook/cmake_prefix_path.sh'
[0.711s] Level 1:colcon.colcon_core.environment:checking '/home/mpr/info_indus/ros2_ws/install/scara_joint_velocity_controller/lib'
[0.711s] Level 1:colcon.colcon_core.shell:create_environment_hook('scara_joint_velocity_controller', 'ld_library_path_lib')
[0.711s] INFO:colcon.colcon_core.shell:Creating environment hook '/home/mpr/info_indus/ros2_ws/install/scara_joint_velocity_controller/share/scara_joint_velocity_controller/hook/ld_library_path_lib.ps1'
[0.711s] INFO:colcon.colcon_core.shell:Creating environment descriptor '/home/mpr/info_indus/ros2_ws/install/scara_joint_velocity_controller/share/scara_joint_velocity_controller/hook/ld_library_path_lib.dsv'
[0.712s] INFO:colcon.colcon_core.shell:Creating environment hook '/home/mpr/info_indus/ros2_ws/install/scara_joint_velocity_controller/share/scara_joint_velocity_controller/hook/ld_library_path_lib.sh'
[0.712s] Level 1:colcon.colcon_core.environment:checking '/home/mpr/info_indus/ros2_ws/install/scara_joint_velocity_controller/bin'
[0.712s] Level 1:colcon.colcon_core.environment:checking '/home/mpr/info_indus/ros2_ws/install/scara_joint_velocity_controller/lib/pkgconfig/scara_joint_velocity_controller.pc'
[0.713s] Level 1:colcon.colcon_core.environment:checking '/home/mpr/info_indus/ros2_ws/install/scara_joint_velocity_controller/lib/python3.12/site-packages'
[0.713s] Level 1:colcon.colcon_core.environment:checking '/home/mpr/info_indus/ros2_ws/install/scara_joint_velocity_controller/bin'
[0.713s] INFO:colcon.colcon_core.shell:Creating package script '/home/mpr/info_indus/ros2_ws/install/scara_joint_velocity_controller/share/scara_joint_velocity_controller/package.ps1'
[0.714s] INFO:colcon.colcon_core.shell:Creating package descriptor '/home/mpr/info_indus/ros2_ws/install/scara_joint_velocity_controller/share/scara_joint_velocity_controller/package.dsv'
[0.715s] INFO:colcon.colcon_core.shell:Creating package script '/home/mpr/info_indus/ros2_ws/install/scara_joint_velocity_controller/share/scara_joint_velocity_controller/package.sh'
[0.716s] INFO:colcon.colcon_core.shell:Creating package script '/home/mpr/info_indus/ros2_ws/install/scara_joint_velocity_controller/share/scara_joint_velocity_controller/package.bash'
[0.716s] INFO:colcon.colcon_core.shell:Creating package script '/home/mpr/info_indus/ros2_ws/install/scara_joint_velocity_controller/share/scara_joint_velocity_controller/package.zsh'
[0.717s] Level 1:colcon.colcon_core.environment:create_file_with_runtime_dependencies(/home/mpr/info_indus/ros2_ws/install/scara_joint_velocity_controller/share/colcon-core/packages/scara_joint_velocity_controller)
[0.820s] DEBUG:colcon.colcon_core.event_handler.log_command:Invoked command in '/home/mpr/info_indus/ros2_ws/build/scara_hardware' returned '0': CMAKE_PREFIX_PATH=/home/mpr/info_indus/ros2_ws/install/scara_description:/home/mpr/info_indus/ros2_ws/install/scara_nodes:/home/mpr/info_indus/ros2_ws/install/scara_joint_velocity_controller:/home/mpr/info_indus/ros2_ws/install/scara_hardware:/home/mpr/info_indus/ros2_ws/install/scara_bringup:/opt/ros/jazzy/opt/gz_sim_vendor:/opt/ros/jazzy/opt/gz_sensors_vendor:/opt/ros/jazzy/opt/gz_physics_vendor:/opt/ros/jazzy/opt/sdformat_vendor:/opt/ros/jazzy/opt/gz_gui_vendor:/opt/ros/jazzy/opt/gz_transport_vendor:/opt/ros/jazzy/opt/gz_rendering_vendor:/opt/ros/jazzy/opt/gz_plugin_vendor:/opt/ros/jazzy/opt/gz_fuel_tools_vendor:/opt/ros/jazzy/opt/gz_msgs_vendor:/opt/ros/jazzy/opt/gz_common_vendor:/opt/ros/jazzy/opt/gz_math_vendor:/opt/ros/jazzy/opt/gz_utils_vendor:/opt/ros/jazzy/opt/gz_tools_vendor:/opt/ros/jazzy/opt/gz_ogre_next_vendor:/opt/ros/jazzy/opt/gz_dartsim_vendor:/opt/ros/jazzy/opt/gz_cmake_vendor:/opt/ros/jazzy DEBUGINFOD_URLS=https://debuginfod.ubuntu.com /usr/bin/cmake --build /home/mpr/info_indus/ros2_ws/build/scara_hardware -- -j4 -l4
[0.822s] DEBUG:colcon.colcon_core.event_handler.log_command:Invoking command in '/home/mpr/info_indus/ros2_ws/build/scara_hardware': CMAKE_PREFIX_PATH=/home/mpr/info_indus/ros2_ws/install/scara_description:/home/mpr/info_indus/ros2_ws/install/scara_nodes:/home/mpr/info_indus/ros2_ws/install/scara_joint_velocity_controller:/home/mpr/info_indus/ros2_ws/install/scara_hardware:/home/mpr/info_indus/ros2_ws/install/scara_bringup:/opt/ros/jazzy/opt/gz_sim_vendor:/opt/ros/jazzy/opt/gz_sensors_vendor:/opt/ros/jazzy/opt/gz_physics_vendor:/opt/ros/jazzy/opt/sdformat_vendor:/opt/ros/jazzy/opt/gz_gui_vendor:/opt/ros/jazzy/opt/gz_transport_vendor:/opt/ros/jazzy/opt/gz_rendering_vendor:/opt/ros/jazzy/opt/gz_plugin_vendor:/opt/ros/jazzy/opt/gz_fuel_tools_vendor:/opt/ros/jazzy/opt/gz_msgs_vendor:/opt/ros/jazzy/opt/gz_common_vendor:/opt/ros/jazzy/opt/gz_math_vendor:/opt/ros/jazzy/opt/gz_utils_vendor:/opt/ros/jazzy/opt/gz_tools_vendor:/opt/ros/jazzy/opt/gz_ogre_next_vendor:/opt/ros/jazzy/opt/gz_dartsim_vendor:/opt/ros/jazzy/opt/gz_cmake_vendor:/opt/ros/jazzy DEBUGINFOD_URLS=https://debuginfod.ubuntu.com /usr/bin/cmake --install /home/mpr/info_indus/ros2_ws/build/scara_hardware
[0.869s] Level 1:colcon.colcon_core.environment:create_environment_scripts_only(scara_hardware)
[0.869s] Level 1:colcon.colcon_core.environment:checking '/home/mpr/info_indus/ros2_ws/install/scara_hardware' for CMake module files
[0.870s] DEBUG:colcon.colcon_core.event_handler.log_command:Invoked command in '/home/mpr/info_indus/ros2_ws/build/scara_hardware' returned '0': CMAKE_PREFIX_PATH=/home/mpr/info_indus/ros2_ws/install/scara_description:/home/mpr/info_indus/ros2_ws/install/scara_nodes:/home/mpr/info_indus/ros2_ws/install/scara_joint_velocity_controller:/home/mpr/info_indus/ros2_ws/install/scara_hardware:/home/mpr/info_indus/ros2_ws/install/scara_bringup:/opt/ros/jazzy/opt/gz_sim_vendor:/opt/ros/jazzy/opt/gz_sensors_vendor:/opt/ros/jazzy/opt/gz_physics_vendor:/opt/ros/jazzy/opt/sdformat_vendor:/opt/ros/jazzy/opt/gz_gui_vendor:/opt/ros/jazzy/opt/gz_transport_vendor:/opt/ros/jazzy/opt/gz_rendering_vendor:/opt/ros/jazzy/opt/gz_plugin_vendor:/opt/ros/jazzy/opt/gz_fuel_tools_vendor:/opt/ros/jazzy/opt/gz_msgs_vendor:/opt/ros/jazzy/opt/gz_common_vendor:/opt/ros/jazzy/opt/gz_math_vendor:/opt/ros/jazzy/opt/gz_utils_vendor:/opt/ros/jazzy/opt/gz_tools_vendor:/opt/ros/jazzy/opt/gz_ogre_next_vendor:/opt/ros/jazzy/opt/gz_dartsim_vendor:/opt/ros/jazzy/opt/gz_cmake_vendor:/opt/ros/jazzy DEBUGINFOD_URLS=https://debuginfod.ubuntu.com /usr/bin/cmake --install /home/mpr/info_indus/ros2_ws/build/scara_hardware
[0.871s] Level 1:colcon.colcon_core.environment:checking '/home/mpr/info_indus/ros2_ws/install/scara_hardware' for CMake config files
[0.871s] Level 1:colcon.colcon_core.shell:create_environment_hook('scara_hardware', 'cmake_prefix_path')
[0.872s] INFO:colcon.colcon_core.shell:Creating environment hook '/home/mpr/info_indus/ros2_ws/install/scara_hardware/share/scara_hardware/hook/cmake_prefix_path.ps1'
[0.872s] INFO:colcon.colcon_core.shell:Creating environment descriptor '/home/mpr/info_indus/ros2_ws/install/scara_hardware/share/scara_hardware/hook/cmake_prefix_path.dsv'
[0.873s] INFO:colcon.colcon_core.shell:Creating environment hook '/home/mpr/info_indus/ros2_ws/install/scara_hardware/share/scara_hardware/hook/cmake_prefix_path.sh'
[0.874s] Level 1:colcon.colcon_core.environment:checking '/home/mpr/info_indus/ros2_ws/install/scara_hardware/lib'
[0.874s] Level 1:colcon.colcon_core.shell:create_environment_hook('scara_hardware', 'ld_library_path_lib')
[0.874s] INFO:colcon.colcon_core.shell:Creating environment hook '/home/mpr/info_indus/ros2_ws/install/scara_hardware/share/scara_hardware/hook/ld_library_path_lib.ps1'
[0.874s] INFO:colcon.colcon_core.shell:Creating environment descriptor '/home/mpr/info_indus/ros2_ws/install/scara_hardware/share/scara_hardware/hook/ld_library_path_lib.dsv'
[0.875s] INFO:colcon.colcon_core.shell:Creating environment hook '/home/mpr/info_indus/ros2_ws/install/scara_hardware/share/scara_hardware/hook/ld_library_path_lib.sh'
[0.875s] Level 1:colcon.colcon_core.environment:checking '/home/mpr/info_indus/ros2_ws/install/scara_hardware/bin'
[0.875s] Level 1:colcon.colcon_core.environment:checking '/home/mpr/info_indus/ros2_ws/install/scara_hardware/lib/pkgconfig/scara_hardware.pc'
[0.876s] Level 1:colcon.colcon_core.environment:checking '/home/mpr/info_indus/ros2_ws/install/scara_hardware/lib/python3.12/site-packages'
[0.876s] Level 1:colcon.colcon_core.environment:checking '/home/mpr/info_indus/ros2_ws/install/scara_hardware/bin'
[0.876s] INFO:colcon.colcon_core.shell:Creating package script '/home/mpr/info_indus/ros2_ws/install/scara_hardware/share/scara_hardware/package.ps1'
[0.877s] INFO:colcon.colcon_core.shell:Creating package descriptor '/home/mpr/info_indus/ros2_ws/install/scara_hardware/share/scara_hardware/package.dsv'
[0.878s] INFO:colcon.colcon_core.shell:Creating package script '/home/mpr/info_indus/ros2_ws/install/scara_hardware/share/scara_hardware/package.sh'
[0.878s] INFO:colcon.colcon_core.shell:Creating package script '/home/mpr/info_indus/ros2_ws/install/scara_hardware/share/scara_hardware/package.bash'
[0.879s] INFO:colcon.colcon_core.shell:Creating package script '/home/mpr/info_indus/ros2_ws/install/scara_hardware/share/scara_hardware/package.zsh'
[0.879s] Level 1:colcon.colcon_core.environment:create_file_with_runtime_dependencies(/home/mpr/info_indus/ros2_ws/install/scara_hardware/share/colcon-core/packages/scara_hardware)
[0.880s] Level 1:colcon.colcon_core.environment:create_environment_scripts_only(scara_hardware)
[0.880s] Level 1:colcon.colcon_core.environment:checking '/home/mpr/info_indus/ros2_ws/install/scara_hardware' for CMake module files
[0.881s] Level 1:colcon.colcon_core.environment:checking '/home/mpr/info_indus/ros2_ws/install/scara_hardware' for CMake config files
[0.882s] Level 1:colcon.colcon_core.shell:create_environment_hook('scara_hardware', 'cmake_prefix_path')
[0.882s] INFO:colcon.colcon_core.shell:Creating environment hook '/home/mpr/info_indus/ros2_ws/install/scara_hardware/share/scara_hardware/hook/cmake_prefix_path.ps1'
[0.882s] INFO:colcon.colcon_core.shell:Creating environment descriptor '/home/mpr/info_indus/ros2_ws/install/scara_hardware/share/scara_hardware/hook/cmake_prefix_path.dsv'
[0.883s] INFO:colcon.colcon_core.shell:Creating environment hook '/home/mpr/info_indus/ros2_ws/install/scara_hardware/share/scara_hardware/hook/cmake_prefix_path.sh'
[0.884s] Level 1:colcon.colcon_core.environment:checking '/home/mpr/info_indus/ros2_ws/install/scara_hardware/lib'
[0.884s] Level 1:colcon.colcon_core.shell:create_environment_hook('scara_hardware', 'ld_library_path_lib')
[0.884s] INFO:colcon.colcon_core.shell:Creating environment hook '/home/mpr/info_indus/ros2_ws/install/scara_hardware/share/scara_hardware/hook/ld_library_path_lib.ps1'
[0.884s] INFO:colcon.colcon_core.shell:Creating environment descriptor '/home/mpr/info_indus/ros2_ws/install/scara_hardware/share/scara_hardware/hook/ld_library_path_lib.dsv'
[0.885s] INFO:colcon.colcon_core.shell:Creating environment hook '/home/mpr/info_indus/ros2_ws/install/scara_hardware/share/scara_hardware/hook/ld_library_path_lib.sh'
[0.885s] Level 1:colcon.colcon_core.environment:checking '/home/mpr/info_indus/ros2_ws/install/scara_hardware/bin'
[0.885s] Level 1:colcon.colcon_core.environment:checking '/home/mpr/info_indus/ros2_ws/install/scara_hardware/lib/pkgconfig/scara_hardware.pc'
[0.886s] Level 1:colcon.colcon_core.environment:checking '/home/mpr/info_indus/ros2_ws/install/scara_hardware/lib/python3.12/site-packages'
[0.886s] Level 1:colcon.colcon_core.environment:checking '/home/mpr/info_indus/ros2_ws/install/scara_hardware/bin'
[0.886s] INFO:colcon.colcon_core.shell:Creating package script '/home/mpr/info_indus/ros2_ws/install/scara_hardware/share/scara_hardware/package.ps1'
[0.887s] INFO:colcon.colcon_core.shell:Creating package descriptor '/home/mpr/info_indus/ros2_ws/install/scara_hardware/share/scara_hardware/package.dsv'
[0.888s] INFO:colcon.colcon_core.shell:Creating package script '/home/mpr/info_indus/ros2_ws/install/scara_hardware/share/scara_hardware/package.sh'
[0.888s] INFO:colcon.colcon_core.shell:Creating package script '/home/mpr/info_indus/ros2_ws/install/scara_hardware/share/scara_hardware/package.bash'
[0.889s] INFO:colcon.colcon_core.shell:Creating package script '/home/mpr/info_indus/ros2_ws/install/scara_hardware/share/scara_hardware/package.zsh'
[0.889s] Level 1:colcon.colcon_core.environment:create_file_with_runtime_dependencies(/home/mpr/info_indus/ros2_ws/install/scara_hardware/share/colcon-core/packages/scara_hardware)
[0.889s] DEBUG:colcon.colcon_parallel_executor.executor.parallel:closing loop
[0.890s] DEBUG:colcon.colcon_parallel_executor.executor.parallel:loop closed
[0.890s] DEBUG:colcon.colcon_parallel_executor.executor.parallel:run_until_complete finished with '0'
[0.890s] DEBUG:colcon.colcon_core.event_reactor:joining thread
[0.892s] DEBUG:colcon.colcon_core.event_reactor:joined thread
[0.893s] INFO:colcon.colcon_core.shell:Creating prefix script '/home/mpr/info_indus/ros2_ws/install/local_setup.ps1'
[0.895s] INFO:colcon.colcon_core.shell:Creating prefix util module '/home/mpr/info_indus/ros2_ws/install/_local_setup_util_ps1.py'
[0.897s] INFO:colcon.colcon_core.shell:Creating prefix chain script '/home/mpr/info_indus/ros2_ws/install/setup.ps1'
[0.900s] INFO:colcon.colcon_core.shell:Creating prefix script '/home/mpr/info_indus/ros2_ws/install/local_setup.sh'
[0.901s] INFO:colcon.colcon_core.shell:Creating prefix util module '/home/mpr/info_indus/ros2_ws/install/_local_setup_util_sh.py'
[0.902s] INFO:colcon.colcon_core.shell:Creating prefix chain script '/home/mpr/info_indus/ros2_ws/install/setup.sh'
[0.905s] INFO:colcon.colcon_core.shell:Creating prefix script '/home/mpr/info_indus/ros2_ws/install/local_setup.bash'
[0.906s] INFO:colcon.colcon_core.shell:Creating prefix chain script '/home/mpr/info_indus/ros2_ws/install/setup.bash'
[0.907s] INFO:colcon.colcon_core.shell:Creating prefix script '/home/mpr/info_indus/ros2_ws/install/local_setup.zsh'
[0.908s] INFO:colcon.colcon_core.shell:Creating prefix chain script '/home/mpr/info_indus/ros2_ws/install/setup.zsh'
