[100%] Built target scara_hardware
-- Install configuration: "Release"
-- Execute custom install script
-- Up-to-date symlink: /home/mpr/info_indus/ros2_ws/install/scara_hardware/share/scara_hardware//scara_hardware_plugin.xml
-- Up-to-date symlink: /home/mpr/info_indus/ros2_ws/install/scara_hardware/lib/libscara_hardware.so
-- Up-to-date symlink: /home/mpr/info_indus/ros2_ws/install/scara_hardware/include/scara_hardware/scara_robot.hpp
-- Up-to-date symlink: /home/mpr/info_indus/ros2_ws/install/scara_hardware/include/scara_hardware/visibility_control.h
-- Up-to-date symlink: /home/mpr/info_indus/ros2_ws/install/scara_hardware/share/scara_hardware/environment/library_path.sh
-- Up-to-date symlink: /home/mpr/info_indus/ros2_ws/install/scara_hardware/share/scara_hardware/environment/library_path.dsv
-- Up-to-date symlink: /home/mpr/info_indus/ros2_ws/install/scara_hardware/share/ament_index/resource_index/package_run_dependencies/scara_hardware
-- Up-to-date symlink: /home/mpr/info_indus/ros2_ws/install/scara_hardware/share/ament_index/resource_index/parent_prefix_path/scara_hardware
-- Up-to-date symlink: /home/mpr/info_indus/ros2_ws/install/scara_hardware/share/scara_hardware/environment/ament_prefix_path.sh
-- Up-to-date symlink: /home/mpr/info_indus/ros2_ws/install/scara_hardware/share/scara_hardware/environment/ament_prefix_path.dsv
-- Up-to-date symlink: /home/mpr/info_indus/ros2_ws/install/scara_hardware/share/scara_hardware/environment/path.sh
-- Up-to-date symlink: /home/mpr/info_indus/ros2_ws/install/scara_hardware/share/scara_hardware/environment/path.dsv
-- Up-to-date symlink: /home/mpr/info_indus/ros2_ws/install/scara_hardware/share/scara_hardware/local_setup.bash
-- Up-to-date symlink: /home/mpr/info_indus/ros2_ws/install/scara_hardware/share/scara_hardware/local_setup.sh
-- Up-to-date symlink: /home/mpr/info_indus/ros2_ws/install/scara_hardware/share/scara_hardware/local_setup.zsh
-- Up-to-date symlink: /home/mpr/info_indus/ros2_ws/install/scara_hardware/share/scara_hardware/local_setup.dsv
-- Symlinking: /home/mpr/info_indus/ros2_ws/install/scara_hardware/share/scara_hardware/package.dsv
-- Up-to-date symlink: /home/mpr/info_indus/ros2_ws/install/scara_hardware/share/ament_index/resource_index/packages/scara_hardware
-- Up-to-date symlink: /home/mpr/info_indus/ros2_ws/install/scara_hardware/share/ament_index/resource_index/hardware_interface__pluginlib__plugin/scara_hardware
-- Up-to-date symlink: /home/mpr/info_indus/ros2_ws/install/scara_hardware/share/scara_hardware/cmake/ament_cmake_export_include_directories-extras.cmake
-- Up-to-date symlink: /home/mpr/info_indus/ros2_ws/install/scara_hardware/share/scara_hardware/cmake/ament_cmake_export_libraries-extras.cmake
-- Up-to-date symlink: /home/mpr/info_indus/ros2_ws/install/scara_hardware/share/scara_hardware/cmake/ament_cmake_export_dependencies-extras.cmake
-- Up-to-date symlink: /home/mpr/info_indus/ros2_ws/install/scara_hardware/share/scara_hardware/cmake/scara_hardwareConfig.cmake
-- Up-to-date symlink: /home/mpr/info_indus/ros2_ws/install/scara_hardware/share/scara_hardware/cmake/scara_hardwareConfig-version.cmake
-- Up-to-date symlink: /home/mpr/info_indus/ros2_ws/install/scara_hardware/share/scara_hardware/package.xml
